./kicad/include/properties/property.h(607): assert "m_choices.GetCount() > 0" failed in PROPERTY_ENUM(): No enum choices defined
./kicad/include/properties/property.h(607): assert "m_choices.GetCount() > 0" failed in PROPERTY_ENUM(): No enum choices defined
./kicad/include/properties/property.h(607): assert "m_choices.GetCount() > 0" failed in PROPERTY_ENUM(): No enum choices defined
PASS 1339 assertions; 62 refs; 763 routed copper items exact; 237 functional pin memberships exact; 52 sourcing/rating refs synchronized; file generation authorized, order matching pending.
16bit-5v/16bit-5v.kicad_pcb
Exported 56 components in 27 BOM rows (2 copper layers):
  /home/azero/.okbrain/workspaces/bread-modular-kicad/292/modules/16bit-5v/jlcpcb/16bit-5v/16bit-5v-gerbers.zip
  /home/azero/.okbrain/workspaces/bread-modular-kicad/292/modules/16bit-5v/jlcpcb/16bit-5v/bom.csv
  /home/azero/.okbrain/workspaces/bread-modular-kicad/292/modules/16bit-5v/jlcpcb/16bit-5v/positions.csv
  /home/azero/.okbrain/workspaces/bread-modular-kicad/292/modules/16bit-5v/jlcpcb/16bit-5v/export-report.json
  source PCB : /home/azero/.okbrain/workspaces/bread-modular-kicad/292/modules/16bit-5v/16bit-5v.kicad_pcb  (836ce806d4727241)
  assembly   : 56 components, 27 BOM rows, 4 missing LCSC numbers
  /home/azero/.okbrain/workspaces/bread-modular-kicad/292/modules/16bit-5v/jlcpcb/16bit-5v/16bit-5v-gerbers.zip  146690 B  22974226a9ba
  /home/azero/.okbrain/workspaces/bread-modular-kicad/292/modules/16bit-5v/jlcpcb/16bit-5v/bom.csv  2236 B  88564e9e9b9f
  /home/azero/.okbrain/workspaces/bread-modular-kicad/292/modules/16bit-5v/jlcpcb/16bit-5v/positions.csv  2201 B  5eae647dac52
  /home/azero/.okbrain/workspaces/bread-modular-kicad/292/modules/16bit-5v/jlcpcb/16bit-5v/export-report.json  1826 B  3fb6acbddcb9
  /home/azero/.okbrain/workspaces/bread-modular-kicad/292/modules/16bit-5v/jlcpcb/production_files/GERBER-16bit-5v.zip  11 members
  /home/azero/.okbrain/workspaces/bread-modular-kicad/292/modules/16bit-5v/jlcpcb/gerber  unpacked 11 Gerber/drill files
  note: audited release payload left untouched: /home/azero/.okbrain/workspaces/bread-modular-kicad/292/modules/16bit-5v/production

1 board(s) exported, 0 module(s) skipped, 0 failed
GENERATED USER-AUTHORIZED FILES: 56 top SMD / 62 physical / 6 manual; 11 ZIP members; 0 DRC/ERC errors/opens/parity; audit native/BOM False/False; 4 identities unresolved; known-stock upper bound 1 board before attrition, full maximum unknown.
