./kicad/include/properties/property.h(607): assert "m_choices.GetCount() > 0" failed in PROPERTY_ENUM(): No enum choices defined
./kicad/include/properties/property.h(607): assert "m_choices.GetCount() > 0" failed in PROPERTY_ENUM(): No enum choices defined
./kicad/include/properties/property.h(607): assert "m_choices.GetCount() > 0" failed in PROPERTY_ENUM(): No enum choices defined
PASS 1293 assertions; 62 refs; 763 routed copper items exact; 237 functional pin memberships exact; 47 sourcing/rating refs synchronized; HOLD.
16bit-5v/16bit-5v.kicad_pcb
Exported 56 components in 27 BOM rows (2 copper layers):
  /home/azero/.okbrain/workspaces/bread-modular-kicad/288/modules/16bit-5v/jlcpcb/16bit-5v/16bit-5v-gerbers.zip
  /home/azero/.okbrain/workspaces/bread-modular-kicad/288/modules/16bit-5v/jlcpcb/16bit-5v/bom.csv
  /home/azero/.okbrain/workspaces/bread-modular-kicad/288/modules/16bit-5v/jlcpcb/16bit-5v/positions.csv
  /home/azero/.okbrain/workspaces/bread-modular-kicad/288/modules/16bit-5v/jlcpcb/16bit-5v/export-report.json
  source PCB : /home/azero/.okbrain/workspaces/bread-modular-kicad/288/modules/16bit-5v/16bit-5v.kicad_pcb  (841c196388f6d6cf)
  assembly   : 56 components, 27 BOM rows, 9 missing LCSC numbers
  /home/azero/.okbrain/workspaces/bread-modular-kicad/288/modules/16bit-5v/jlcpcb/16bit-5v/16bit-5v-gerbers.zip  146693 B  a439fa5d08fa
  /home/azero/.okbrain/workspaces/bread-modular-kicad/288/modules/16bit-5v/jlcpcb/16bit-5v/bom.csv  2098 B  208cae8ef3cb
  /home/azero/.okbrain/workspaces/bread-modular-kicad/288/modules/16bit-5v/jlcpcb/16bit-5v/positions.csv  2201 B  5eae647dac52
  /home/azero/.okbrain/workspaces/bread-modular-kicad/288/modules/16bit-5v/jlcpcb/16bit-5v/export-report.json  1900 B  0ff6dcf2a491
  /home/azero/.okbrain/workspaces/bread-modular-kicad/288/modules/16bit-5v/jlcpcb/production_files/GERBER-16bit-5v.zip  11 members
  /home/azero/.okbrain/workspaces/bread-modular-kicad/288/modules/16bit-5v/jlcpcb/gerber  unpacked 11 Gerber/drill files
  note: audited release payload left untouched: /home/azero/.okbrain/workspaces/bread-modular-kicad/288/modules/16bit-5v/production

1 board(s) exported, 0 module(s) skipped, 0 failed
PREPARED HOLD: 56 top SMD / 62 physical / 6 manual; 11 ZIP members; 0 DRC/ERC errors/opens/parity; audit native/BOM False/False; 9 identities unresolved; known-stock upper bound 1 board before attrition, full maximum unknown.
