==> Skipping KiCad submodule: opt/KiCadLibraries
==> Skipping KiCad submodule: opt/AudioJacks
==> Skipping KiCad submodule: opt/Type-C.pretty
==> Skipping KiCad submodule: opt/Panelization.pretty
==> Build submodules to initialize:modules/16bit/code/16bit/lib/lfs
==> Copying local copy of 'modules/16bit/code/16bit/lib/lfs' from original repo (fast path)
Cloning into '/home/arunoda/.okbrain/workspaces/bread-modular-kicad/024/modules/16bit/code/16bit/lib/lfs'...
Submodule path 'modules/16bit/code/16bit/lib/lfs': checked out '8ed63b27be79ab59ee1cd15a950ddd64e7a602f7'
==> Installing npm modules...
Found local node_modules cache, copying...
npm WARN ERESOLVE overriding peer dependency
npm WARN While resolving: @tscircuit/cli@0.1.2021
npm WARN Found: circuit-json@0.0.479
npm WARN node_modules/circuit-json
npm WARN   peer circuit-json@"*" from @tscircuit/checks@0.0.178
npm WARN   node_modules/@tscircuit/checks
npm WARN     peer @tscircuit/checks@"*" from @tscircuit/core@0.0.1816
npm WARN     node_modules/@tscircuit/core
npm WARN     2 more (@tscircuit/core, tscircuit)
npm WARN   12 more (@tscircuit/circuit-json-util, @tscircuit/core, ...)
npm WARN 
npm WARN Could not resolve dependency:
npm WARN peer circuit-json@"^0.0.464" from @tscircuit/cli@0.1.2021
npm WARN node_modules/@tscircuit/cli
npm WARN   @tscircuit/cli@"^0.1.2021" from tscircuit@0.0.2462
npm WARN   node_modules/tscircuit
npm WARN 
npm WARN Conflicting peer dependency: circuit-json@0.0.464
npm WARN node_modules/circuit-json
npm WARN   peer circuit-json@"^0.0.464" from @tscircuit/cli@0.1.2021
npm WARN   node_modules/@tscircuit/cli
npm WARN     @tscircuit/cli@"^0.1.2021" from tscircuit@0.0.2462
npm WARN     node_modules/tscircuit
npm WARN ERESOLVE overriding peer dependency
npm WARN While resolving: jscad-electronics@0.0.146
npm WARN Found: circuit-json@0.0.479
npm WARN node_modules/circuit-json
npm WARN   peer circuit-json@"*" from @tscircuit/checks@0.0.178
npm WARN   node_modules/@tscircuit/checks
npm WARN     peer @tscircuit/checks@"*" from @tscircuit/core@0.0.1816
npm WARN     node_modules/@tscircuit/core
npm WARN     2 more (@tscircuit/core, tscircuit)
npm WARN   12 more (@tscircuit/circuit-json-util, @tscircuit/core, ...)
npm WARN 
npm WARN Could not resolve dependency:
npm WARN peer circuit-json@"^0.0.426" from jscad-electronics@0.0.146
npm WARN node_modules/circuit-json-to-gltf/node_modules/jscad-electronics
npm WARN   jscad-electronics@"^0.0.146" from circuit-json-to-gltf@0.0.118
npm WARN   node_modules/circuit-json-to-gltf
npm WARN 
npm WARN Conflicting peer dependency: circuit-json@0.0.426
npm WARN node_modules/circuit-json
npm WARN   peer circuit-json@"^0.0.426" from jscad-electronics@0.0.146
npm WARN   node_modules/circuit-json-to-gltf/node_modules/jscad-electronics
npm WARN     jscad-electronics@"^0.0.146" from circuit-json-to-gltf@0.0.118
npm WARN     node_modules/circuit-json-to-gltf

> bread-modular-tscircuit@1.0.0 postinstall
> node ../scripts/kicad-font/apply-kicad-font-patch.mjs .

patched /home/arunoda/.okbrain/workspaces/bread-modular-kicad/024/ts-modules/node_modules/@tscircuit/alphabet/dist/index.js (83 KiCad glyphs)

up to date in 902ms
==> Submodule initialization complete.
