Archive member included to satisfy reference by file (symbol)

/Users/arunoda/.pico-sdk/toolchain/14_2_Rel1/bin/../lib/gcc/arm-none-eabi/14.2.1/../../../../arm-none-eabi/lib/thumb/v8-m.main+fp/softfp/libm.a(libm_a-wf_sqrt.o)
                              CMakeFiles/sampler.dir/Users/arunoda/.pico-sdk/sdk/2.1.1/src/rp2_common/pico_float/float_math.c.o (sqrtf)
/Users/arunoda/.pico-sdk/toolchain/14_2_Rel1/bin/../lib/gcc/arm-none-eabi/14.2.1/../../../../arm-none-eabi/lib/thumb/v8-m.main+fp/softfp/libm.a(libm_a-ef_sqrt.o)
                              /Users/arunoda/.pico-sdk/toolchain/14_2_Rel1/bin/../lib/gcc/arm-none-eabi/14.2.1/../../../../arm-none-eabi/lib/thumb/v8-m.main+fp/softfp/libm.a(libm_a-wf_sqrt.o) (__ieee754_sqrtf)
/Users/arunoda/.pico-sdk/toolchain/14_2_Rel1/bin/../lib/gcc/arm-none-eabi/14.2.1/thumb/v8-m.main+fp/softfp/libgcc.a(_arm_addsubdf3.o)
                              CMakeFiles/sampler.dir/main.cpp.o (__aeabi_f2d)
/Users/arunoda/.pico-sdk/toolchain/14_2_Rel1/bin/../lib/gcc/arm-none-eabi/14.2.1/thumb/v8-m.main+fp/softfp/libgcc.a(_aeabi_ldivmod.o)
                              CMakeFiles/sampler.dir/Users/arunoda/.pico-sdk/sdk/2.1.1/src/common/pico_time/time.c.o (__aeabi_ldivmod)
/Users/arunoda/.pico-sdk/toolchain/14_2_Rel1/bin/../lib/gcc/arm-none-eabi/14.2.1/thumb/v8-m.main+fp/softfp/libgcc.a(_aeabi_uldivmod.o)
                              CMakeFiles/sampler.dir/Users/arunoda/.pico-sdk/sdk/2.1.1/src/rp2_common/hardware_clocks/clocks.c.o (__aeabi_uldivmod)
/Users/arunoda/.pico-sdk/toolchain/14_2_Rel1/bin/../lib/gcc/arm-none-eabi/14.2.1/thumb/v8-m.main+fp/softfp/libgcc.a(_udivmoddi4.o)
                              /Users/arunoda/.pico-sdk/toolchain/14_2_Rel1/bin/../lib/gcc/arm-none-eabi/14.2.1/thumb/v8-m.main+fp/softfp/libgcc.a(_aeabi_ldivmod.o) (__udivmoddi4)
/Users/arunoda/.pico-sdk/toolchain/14_2_Rel1/bin/../lib/gcc/arm-none-eabi/14.2.1/thumb/v8-m.main+fp/softfp/libgcc.a(_dvmd_tls.o)
                              /Users/arunoda/.pico-sdk/toolchain/14_2_Rel1/bin/../lib/gcc/arm-none-eabi/14.2.1/thumb/v8-m.main+fp/softfp/libgcc.a(_aeabi_ldivmod.o) (__aeabi_ldiv0)
/Users/arunoda/.pico-sdk/toolchain/14_2_Rel1/bin/../lib/gcc/arm-none-eabi/14.2.1/../../../../arm-none-eabi/lib/thumb/v8-m.main+fp/softfp/libg.a(libc_a-calloc.o)
                              CMakeFiles/sampler.dir/Users/arunoda/.pico-sdk/sdk/2.1.1/src/rp2_common/pico_malloc/malloc.c.o (calloc)
/Users/arunoda/.pico-sdk/toolchain/14_2_Rel1/bin/../lib/gcc/arm-none-eabi/14.2.1/../../../../arm-none-eabi/lib/thumb/v8-m.main+fp/softfp/libg.a(libc_a-callocr.o)
                              /Users/arunoda/.pico-sdk/toolchain/14_2_Rel1/bin/../lib/gcc/arm-none-eabi/14.2.1/../../../../arm-none-eabi/lib/thumb/v8-m.main+fp/softfp/libg.a(libc_a-calloc.o) (_calloc_r)
/Users/arunoda/.pico-sdk/toolchain/14_2_Rel1/bin/../lib/gcc/arm-none-eabi/14.2.1/../../../../arm-none-eabi/lib/thumb/v8-m.main+fp/softfp/libg.a(libc_a-malloc.o)
                              CMakeFiles/sampler.dir/Users/arunoda/.pico-sdk/sdk/2.1.1/src/rp2_common/pico_malloc/malloc.c.o (malloc)
/Users/arunoda/.pico-sdk/toolchain/14_2_Rel1/bin/../lib/gcc/arm-none-eabi/14.2.1/../../../../arm-none-eabi/lib/thumb/v8-m.main+fp/softfp/libg.a(libc_a-mallocr.o)
                              /Users/arunoda/.pico-sdk/toolchain/14_2_Rel1/bin/../lib/gcc/arm-none-eabi/14.2.1/../../../../arm-none-eabi/lib/thumb/v8-m.main+fp/softfp/libg.a(libc_a-callocr.o) (_malloc_r)
/Users/arunoda/.pico-sdk/toolchain/14_2_Rel1/bin/../lib/gcc/arm-none-eabi/14.2.1/../../../../arm-none-eabi/lib/thumb/v8-m.main+fp/softfp/libg.a(libc_a-mlock.o)
                              /Users/arunoda/.pico-sdk/toolchain/14_2_Rel1/bin/../lib/gcc/arm-none-eabi/14.2.1/../../../../arm-none-eabi/lib/thumb/v8-m.main+fp/softfp/libg.a(libc_a-mallocr.o) (__malloc_lock)
/Users/arunoda/.pico-sdk/toolchain/14_2_Rel1/bin/../lib/gcc/arm-none-eabi/14.2.1/../../../../arm-none-eabi/lib/thumb/v8-m.main+fp/softfp/libg.a(libc_a-realloc.o)
                              CMakeFiles/sampler.dir/Users/arunoda/.pico-sdk/sdk/2.1.1/src/rp2_common/pico_malloc/malloc.c.o (realloc)
/Users/arunoda/.pico-sdk/toolchain/14_2_Rel1/bin/../lib/gcc/arm-none-eabi/14.2.1/../../../../arm-none-eabi/lib/thumb/v8-m.main+fp/softfp/libg.a(libc_a-reallocr.o)
                              /Users/arunoda/.pico-sdk/toolchain/14_2_Rel1/bin/../lib/gcc/arm-none-eabi/14.2.1/../../../../arm-none-eabi/lib/thumb/v8-m.main+fp/softfp/libg.a(libc_a-realloc.o) (_realloc_r)
/Users/arunoda/.pico-sdk/toolchain/14_2_Rel1/bin/../lib/gcc/arm-none-eabi/14.2.1/../../../../arm-none-eabi/lib/thumb/v8-m.main+fp/softfp/libg.a(libc_a-memcmp.o)
                              CMakeFiles/sampler.dir/Users/arunoda/.pico-sdk/sdk/2.1.1/src/rp2_common/pico_atomic/atomic.c.o (memcmp)
/Users/arunoda/.pico-sdk/toolchain/14_2_Rel1/bin/../lib/gcc/arm-none-eabi/14.2.1/../../../../arm-none-eabi/lib/thumb/v8-m.main+fp/softfp/libg.a(libc_a-memmove.o)
[...]
Memory Configuration

Name             Origin             Length             Attributes
FLASH            0x10000000         0x00400000         xr
RAM              0x20000000         0x00080000         xrw
SCRATCH_X        0x20080000         0x00001000         xrw
SCRATCH_Y        0x20081000         0x00001000         xrw
*default*        0x00000000         0xffffffff

Linker script and memory map

LOAD /Users/arunoda/.pico-sdk/toolchain/14_2_Rel1/bin/../lib/gcc/arm-none-eabi/14.2.1/thumb/v8-m.main+fp/softfp/crti.o
LOAD /Users/arunoda/.pico-sdk/toolchain/14_2_Rel1/bin/../lib/gcc/arm-none-eabi/14.2.1/thumb/v8-m.main+fp/softfp/crtbegin.o
LOAD /Users/arunoda/.pico-sdk/toolchain/14_2_Rel1/bin/../lib/gcc/arm-none-eabi/14.2.1/../../../../arm-none-eabi/lib/thumb/v8-m.main+fp/softfp/crt0.o

.flash_begin    0x10000000        0x0
                0x10000000                        __flash_binary_start = .

.text           0x10000000     0x7da4
                0x10000000                        __logical_binary_start = .
 *(.vectors)
 .vectors       0x10000000      0x124 CMakeFiles/sampler.dir/Users/arunoda/.pico-sdk/sdk/2.1.1/src/rp2_common/pico_crt0/crt0.S.o
                0x10000000                __vectors
                0x10000000                __VECTOR_TABLE
                0x10000110                __default_isrs_start
                0x10000110                isr_invalid
                0x10000112                isr_nmi
                0x10000114                isr_hardfault
                0x10000116                isr_svcall
                0x10000118                isr_pendsv
                0x1000011a                isr_systick
                0x1000011c                isr_irq5
                0x1000011c                isr_irq11
                0x1000011c                isr_irq23
                0x1000011c                isr_irq48
                0x1000011c                isr_irq35
                0x1000011c                isr_irq18
                0x1000011c                isr_irq50
                0x1000011c                isr_irq40
                0x1000011c                isr_irq28
                0x1000011c                isr_irq19
                0x1000011c                isr_irq36
                0x1000011c                isr_irq41
                0x1000011c                isr_irq0
                0x1000011c                isr_irq6
                0x1000011c                isr_irq37
                0x1000011c                isr_irq42
                0x1000011c                isr_irq22
                0x1000011c                isr_irq17
                0x1000011c                isr_irq38
                0x1000011c                isr_irq14
                0x1000011c                isr_irq2
                0x1000011c                isr_irq10
                0x1000011c                isr_irq8
                0x1000011c                isr_irq24
                0x1000011c                isr_irq46
                0x1000011c                isr_irq1
                0x1000011c                isr_irq47
                0x1000011c                isr_irq51
                0x1000011c                isr_irq7
                0x1000011c                isr_irq21
                0x1000011c                isr_irq39
                0x1000011c                isr_irq20
                0x1000011c                isr_irq15
                0x1000011c                isr_irq25
                0x1000011c                isr_irq34
                0x1000011c                isr_irq4
                0x1000011c                isr_irq16
                0x1000011c                isr_irq44
                0x1000011c                isr_irq29
                0x1000011c                isr_irq26
                0x1000011c                __default_isrs_end
                0x1000011c                isr_irq33
                0x1000011c                isr_irq3
                0x1000011c                isr_irq9
                0x1000011c                __unhandled_user_irq
                0x1000011c                isr_irq49
                0x1000011c                isr_irq13
                0x1000011c                isr_irq43
                0x1000011c                isr_irq45
                0x1000011c                isr_irq27
                0x1000011c                isr_irq32
                0x1000011c                isr_irq31
                0x1000011c                isr_irq30
                0x1000011c                isr_irq12
                0x10000122                unhandled_user_irq_num_in_r0
 *(.binary_info_header)
 .binary_info_header
                0x10000124       0x14 CMakeFiles/sampler.dir/Users/arunoda/.pico-sdk/sdk/2.1.1/src/rp2_common/pico_crt0/crt0.S.o
                0x10000138                        __binary_info_header_end = .
 *(.embedded_block)
 .embedded_block
                0x10000138       0x14 CMakeFiles/sampler.dir/Users/arunoda/.pico-sdk/sdk/2.1.1/src/rp2_common/pico_crt0/crt0.S.o
                0x1000014c                        __embedded_block_end = .
 *(.reset)
 .reset         0x1000014c       0xa0 CMakeFiles/sampler.dir/Users/arunoda/.pico-sdk/sdk/2.1.1/src/rp2_common/pico_crt0/crt0.S.o
                0x1000014c                _entry_point
 *(.init)
 .init          0x100001ec        0x4 /Users/arunoda/.pico-sdk/toolchain/14_2_Rel1/bin/../lib/gcc/arm-none-eabi/14.2.1/thumb/v8-m.main+fp/softfp/crti.o
                0x100001ec                _init
 *libgcc.a:cmse_nonsecure_call.o()
 *(EXCLUDE_FILE(*libm.a: *libc.a:*lib_a-mem*.o *libgcc.a:) .text*)
 .text.register_tm_clones
                0x100001f0       0x28 /Users/arunoda/.pico-sdk/toolchain/14_2_Rel1/bin/../lib/gcc/arm-none-eabi/14.2.1/thumb/v8-m.main+fp/softfp/crtbegin.o
 .text.frame_dummy
                0x10000218       0x24 /Users/arunoda/.pico-sdk/toolchain/14_2_Rel1/bin/../lib/gcc/arm-none-eabi/14.2.1/thumb/v8-m.main+fp/softfp/crtbegin.o
 .text._ZNSt17_Function_handlerIFvtEPFviEE9_M_invokeERKSt9_Any_dataOt
                0x1000023c        0x8 CMakeFiles/sampler.dir/main.cpp.o
                0x1000023c                std::_Function_handler<void (unsigned short), void (*)(int)>::_M_invoke(std::_Any_data const&, unsigned short&&)
 .text._ZNSt17_Function_handlerIFvhhhEPS0_E9_M_invokeERKSt9_Any_dataOhS6_S6_
                0x10000244       0x14 CMakeFiles/sampler.dir/main.cpp.o
                0x10000244                std::_Function_handler<void (unsigned char, unsigned char, unsigned char), void (*)(unsigned char, unsigned char, unsigned char)>::_M_invoke(std::_Any_data const&, unsigned char&&, unsigned char&&, unsigned char&&)
 .text.adc_gpio_init
                0x10000258       0x20 CMakeFiles/sampler.dir/main.cpp.o
 .text._Z21buttonPressedCallbackb
                0x10000278       0x24 CMakeFiles/sampler.dir/main.cpp.o
                0x10000278                buttonPressedCallback(bool)
 .text._ZNSt17_Function_handlerIFvtEPFviEE10_M_managerERSt9_Any_dataRKS4_St18_Manager_operation
                0x1000029c       0x28 CMakeFiles/sampler.dir/main.cpp.o
                0x1000029c                std::_Function_handler<void (unsigned short), void (*)(int)>::_M_manager(std::_Any_data&, std::_Any_data const&, std::_Manager_operation)
 .text._ZNSt17_Function_handlerIFvhhhEPS0_E10_M_managerERSt9_Any_dataRKS3_St18_Manager_operation
                0x100002c4       0x28 CMakeFiles/sampler.dir/main.cpp.o
                0x100002c4                std::_Function_handler<void (unsigned char, unsigned char, unsigned char), void (*)(unsigned char, unsigned char, unsigned char)>::_M_manager(std::_Any_data&, std::_Any_data const&, std::_Manager_operation)
 .text._ZNSt8functionIFvhhhEEaSERKS1_.isra.0
                0x100002ec       0x58 CMakeFiles/sampler.dir/main.cpp.o
 .text._Z13audioCallbackP13AudioResponse
                0x10000344      0x358 CMakeFiles/sampler.dir/main.cpp.o
                0x10000344                audioCallback(AudioResponse*)
 .text._Z17bpmChangeCallbacki
                0x1000069c       0x98 CMakeFiles/sampler.dir/main.cpp.o
                0x1000069c                bpmChangeCallback(int)
 .text._Z14noteOnCallbackhhh
                0x10000734       0x90 CMakeFiles/sampler.dir/main.cpp.o
                0x10000734                noteOnCallback(unsigned char, unsigned char, unsigned char)
 *fill*         0x100007c4        0x4 
 .text._Z17cv2UpdateCallbackt
                0x100007c8      0x11c CMakeFiles/sampler.dir/main.cpp.o
                0x100007c8                cv2UpdateCallback(unsigned short)
 *fill*         0x100008e4        0x4 
 .text._Z17cv1UpdateCallbackt
                0x100008e8      0x120 CMakeFiles/sampler.dir/main.cpp.o
                0x100008e8                cv1UpdateCallback(unsigned short)
 .text._Z16ccChangeCallbackhhh
                0x10000a08      0x4a0 CMakeFiles/sampler.dir/main.cpp.o
                0x10000a08                ccChangeCallback(unsigned char, unsigned char, unsigned char)
 .text._ZN12AudioManager11getInstanceEv
                0x10000ea8       0x34 CMakeFiles/sampler.dir/main.cpp.o
                0x10000ea8                AudioManager::getInstance()
 .text._ZN12AudioManager10core1_mainEv
                0x10000edc       0x30 CMakeFiles/sampler.dir/main.cpp.o
                0x10000edc                AudioManager::core1_main()
 *fill*         0x10000f0c        0x4 
 .text._ZN6Biquad12updateCoeffsEv
                0x10000f10       0xe0 CMakeFiles/sampler.dir/main.cpp.o
                0x10000f10                Biquad::updateCoeffs()
 .text.startup.main
                0x10000ff0      0x8c0 CMakeFiles/sampler.dir/main.cpp.o
                0x10000ff0                main
 .text.startup._GLOBAL__sub_I_io_instance
                0x100018b0      0x1a8 CMakeFiles/sampler.dir/main.cpp.o
 .text.gpio_set_function
                0x10001a58       0x3c CMakeFiles/sampler.dir/Users/arunoda/.pico-sdk/sdk/2.1.1/src/rp2_common/hardware_gpio/gpio.c.o
                0x10001a58                gpio_set_function
 .text.gpio_set_pulls
                0x10001a94       0x28 CMakeFiles/sampler.dir/Users/arunoda/.pico-sdk/sdk/2.1.1/src/rp2_common/hardware_gpio/gpio.c.o
                0x10001a94                gpio_set_pulls
 .text.gpio_set_input_enabled
                0x10001abc       0x20 CMakeFiles/sampler.dir/Users/arunoda/.pico-sdk/sdk/2.1.1/src/rp2_common/hardware_gpio/gpio.c.o
                0x10001abc                gpio_set_input_enabled
 .text.gpio_init
                0x10001adc       0x48 CMakeFiles/sampler.dir/Users/arunoda/.pico-sdk/sdk/2.1.1/src/rp2_common/hardware_gpio/gpio.c.o
                0x10001adc                gpio_init
 .text.panic    0x10001b24       0x30 CMakeFiles/sampler.dir/Users/arunoda/.pico-sdk/sdk/2.1.1/src/rp2_common/pico_platform_panic/panic.c.o
                0x10001b24                panic
 .text.hw_claim_lock
                0x10001b54       0x24 CMakeFiles/sampler.dir/Users/arunoda/.pico-sdk/sdk/2.1.1/src/common/hardware_claim/claim.c.o
                0x10001b54                hw_claim_lock
 .text.hw_claim_unlock
                0x10001b78       0x14 CMakeFiles/sampler.dir/Users/arunoda/.pico-sdk/sdk/2.1.1/src/common/hardware_claim/claim.c.o
                0x10001b78                hw_claim_unlock
 .text.hw_claim_or_assert
                0x10001b8c       0x58 CMakeFiles/sampler.dir/Users/arunoda/.pico-sdk/sdk/2.1.1/src/common/hardware_claim/claim.c.o
                0x10001b8c                hw_claim_or_assert
 .text.hw_claim_unused_from_range
                0x10001be4       0x80 CMakeFiles/sampler.dir/Users/arunoda/.pico-sdk/sdk/2.1.1/src/common/hardware_claim/claim.c.o
                0x10001be4                hw_claim_unused_from_range
 .text.next_striped_spin_lock_num
                0x10001c64       0x18 CMakeFiles/sampler.dir/Users/arunoda/.pico-sdk/sdk/2.1.1/src/rp2_common/hardware_sync/sync.c.o
                0x10001c64                next_striped_spin_lock_num
 .text.spin_lock_claim_unused
                0x10001c7c       0x20 CMakeFiles/sampler.dir/Users/arunoda/.pico-sdk/sdk/2.1.1/src/rp2_common/hardware_sync/sync.c.o
                0x10001c7c                spin_lock_claim_unused
 .text.spinlock_set_extexclall
                0x10001c9c       0x10 CMakeFiles/sampler.dir/Users/arunoda/.pico-sdk/sdk/2.1.1/src/rp2_common/hardware_sync_spin_lock/sync_spin_lock.c.o
 .text.spin_locks_reset
                0x10001cac       0x18 CMakeFiles/sampler.dir/Users/arunoda/.pico-sdk/sdk/2.1.1/src/rp2_common/hardware_sync_spin_lock/sync_spin_lock.c.o
                0x10001cac                spin_locks_reset
 .text.runtime_init_per_core_irq_priorities
                0x10001cc4       0x40 CMakeFiles/sampler.dir/Users/arunoda/.pico-sdk/sdk/2.1.1/src/rp2_common/hardware_irq/irq.c.o
                0x10001cc4                runtime_init_per_core_irq_priorities
 .text.irq_set_enabled
                0x10001d04       0x2c CMakeFiles/sampler.dir/Users/arunoda/.pico-sdk/sdk/2.1.1/src/rp2_common/hardware_irq/irq.c.o
                0x10001d04                irq_set_enabled
 .text.irq_is_enabled
                0x10001d30       0x20 CMakeFiles/sampler.dir/Users/arunoda/.pico-sdk/sdk/2.1.1/src/rp2_common/hardware_irq/irq.c.o
                0x10001d30                irq_is_enabled
 .text.irq_set_pending
                0x10001d50       0x18 CMakeFiles/sampler.dir/Users/arunoda/.pico-sdk/sdk/2.1.1/src/rp2_common/hardware_irq/irq.c.o
                0x10001d50                irq_set_pending
 .text.irq_has_shared_handler
                0x10001d68       0x20 CMakeFiles/sampler.dir/Users/arunoda/.pico-sdk/sdk/2.1.1/src/rp2_common/hardware_irq/irq.c.o
                0x10001d68                irq_has_shared_handler
 .text.irq_set_exclusive_handler
                0x10001d88       0x60 CMakeFiles/sampler.dir/Users/arunoda/.pico-sdk/sdk/2.1.1/src/rp2_common/hardware_irq/irq.c.o
                0x10001d88                irq_set_exclusive_handler
 .text.irq_add_shared_handler
                0x10001de8      0x1e8 CMakeFiles/sampler.dir/Users/arunoda/.pico-sdk/sdk/2.1.1/src/rp2_common/hardware_irq/irq.c.o
                0x10001de8                irq_add_shared_handler
 .text.irq_add_tail_to_free_list
                0x10001fd0       0xbc CMakeFiles/sampler.dir/Users/arunoda/.pico-sdk/sdk/2.1.1/src/rp2_common/hardware_irq/irq.c.o
                0x10001fd0                irq_add_tail_to_free_list
 .text.user_irq_claim_unused
                0x1000208c       0x28 CMakeFiles/sampler.dir/Users/arunoda/.pico-sdk/sdk/2.1.1/src/rp2_common/hardware_irq/irq.c.o
                0x1000208c                user_irq_claim_unused
 .text.lock_init
                0x100020b4        0xc CMakeFiles/sampler.dir/Users/arunoda/.pico-sdk/sdk/2.1.1/src/common/pico_sync/lock_core.c.o
                0x100020b4                lock_init
 .text.runtime_init_mutex
                0x100020c0       0x4c CMakeFiles/sampler.dir/Users/arunoda/.pico-sdk/sdk/2.1.1/src/common/pico_sync/mutex.c.o
                0x100020c0                runtime_init_mutex
 .text.mutex_init
                0x1000210c       0x1c CMakeFiles/sampler.dir/Users/arunoda/.pico-sdk/sdk/2.1.1/src/common/pico_sync/mutex.c.o
                0x1000210c                mutex_init
 .text.critical_section_init
                0x10002128       0x1c CMakeFiles/sampler.dir/Users/arunoda/.pico-sdk/sdk/2.1.1/src/common/pico_sync/critical_section.c.o
                0x10002128                critical_section_init
 .text.critical_section_init_with_lock_num
                0x10002144       0x10 CMakeFiles/sampler.dir/Users/arunoda/.pico-sdk/sdk/2.1.1/src/common/pico_sync/critical_section.c.o
                0x10002144                critical_section_init_with_lock_num
 .text.sleep_until_callback
                0x10002154       0x3c CMakeFiles/sampler.dir/Users/arunoda/.pico-sdk/sdk/2.1.1/src/common/pico_time/time.c.o
 .text.alarm_pool_irq_handler
                0x10002190      0x2f0 CMakeFiles/sampler.dir/Users/arunoda/.pico-sdk/sdk/2.1.1/src/common/pico_time/time.c.o
 .text.runtime_init_default_alarm_pool
                0x10002480      0x100 CMakeFiles/sampler.dir/Users/arunoda/.pico-sdk/sdk/2.1.1/src/common/pico_time/time.c.o
                0x10002480                runtime_init_default_alarm_pool
 .text.alarm_pool_get_default
                0x10002580        0x8 CMakeFiles/sampler.dir/Users/arunoda/.pico-sdk/sdk/2.1.1/src/common/pico_time/time.c.o
                0x10002580                alarm_pool_get_default
 .text.alarm_pool_add_alarm_at
                0x10002588       0xdc CMakeFiles/sampler.dir/Users/arunoda/.pico-sdk/sdk/2.1.1/src/common/pico_time/time.c.o
                0x10002588                alarm_pool_add_alarm_at
 .text.alarm_pool_add_alarm_at_force_in_context
                0x10002664       0xc8 CMakeFiles/sampler.dir/Users/arunoda/.pico-sdk/sdk/2.1.1/src/common/pico_time/time.c.o
                0x10002664                alarm_pool_add_alarm_at_force_in_context
 .text.alarm_pool_cancel_alarm
                0x1000272c       0x80 CMakeFiles/sampler.dir/Users/arunoda/.pico-sdk/sdk/2.1.1/src/common/pico_time/time.c.o
                0x1000272c                alarm_pool_cancel_alarm
 .text.alarm_pool_core_num
                0x100027ac        0x4 CMakeFiles/sampler.dir/Users/arunoda/.pico-sdk/sdk/2.1.1/src/common/pico_time/time.c.o
                0x100027ac                alarm_pool_core_num
 .text.best_effort_wfe_or_timeout
                0x100027b0       0xd4 CMakeFiles/sampler.dir/Users/arunoda/.pico-sdk/sdk/2.1.1/src/common/pico_time/time.c.o
                0x100027b0                best_effort_wfe_or_timeout
 .text.timer_hardware_alarm_claim
                0x10002884       0x24 CMakeFiles/sampler.dir/Users/arunoda/.pico-sdk/sdk/2.1.1/src/rp2_common/hardware_timer/timer.c.o
                0x10002884                timer_hardware_alarm_claim
 .text.timer_time_us_64
                0x100028a8       0x10 CMakeFiles/sampler.dir/Users/arunoda/.pico-sdk/sdk/2.1.1/src/rp2_common/hardware_timer/timer.c.o
                0x100028a8                timer_time_us_64
 .text.time_us_64
                0x100028b8       0x14 CMakeFiles/sampler.dir/Users/arunoda/.pico-sdk/sdk/2.1.1/src/rp2_common/hardware_timer/timer.c.o
                0x100028b8                time_us_64
 .text.busy_wait_us
                0x100028cc       0x5c CMakeFiles/sampler.dir/Users/arunoda/.pico-sdk/sdk/2.1.1/src/rp2_common/hardware_timer/timer.c.o
                0x100028cc                busy_wait_us
 .text.uart_init
                0x10002928      0x104 CMakeFiles/sampler.dir/Users/arunoda/.pico-sdk/sdk/2.1.1/src/rp2_common/hardware_uart/uart.c.o
                0x10002928                uart_init
 .text.uart_set_format
                0x10002a2c       0x70 CMakeFiles/sampler.dir/Users/arunoda/.pico-sdk/sdk/2.1.1/src/rp2_common/hardware_uart/uart.c.o
                0x10002a2c                uart_set_format
 .text.uart_set_fifo_enabled
                0x10002a9c       0x58 CMakeFiles/sampler.dir/Users/arunoda/.pico-sdk/sdk/2.1.1/src/rp2_common/hardware_uart/uart.c.o
                0x10002a9c                uart_set_fifo_enabled
 .text.clock_configure_undivided
                0x10002af4       0xd0 CMakeFiles/sampler.dir/Users/arunoda/.pico-sdk/sdk/2.1.1/src/rp2_common/hardware_clocks/clocks.c.o
                0x10002af4                clock_configure_undivided
 .text.clock_get_hz
                0x10002bc4        0xc CMakeFiles/sampler.dir/Users/arunoda/.pico-sdk/sdk/2.1.1/src/rp2_common/hardware_clocks/clocks.c.o
                0x10002bc4                clock_get_hz
 .text.set_sys_clock_pll
                0x10002bd0      0x184 CMakeFiles/sampler.dir/Users/arunoda/.pico-sdk/sdk/2.1.1/src/rp2_common/hardware_clocks/clocks.c.o
                0x10002bd0                set_sys_clock_pll
 .text.check_sys_clock_khz
                0x10002d54      0x19c CMakeFiles/sampler.dir/Users/arunoda/.pico-sdk/sdk/2.1.1/src/rp2_common/hardware_clocks/clocks.c.o
                0x10002d54                check_sys_clock_khz
 .text.pll_init
                0x10002ef0       0x8c CMakeFiles/sampler.dir/Users/arunoda/.pico-sdk/sdk/2.1.1/src/rp2_common/hardware_pll/pll.c.o
                0x10002ef0                pll_init
 .text.watchdog_reboot
                0x10002f7c       0x98 CMakeFiles/sampler.dir/Users/arunoda/.pico-sdk/sdk/2.1.1/src/rp2_common/hardware_watchdog/watchdog.c.o
                0x10002f7c                watchdog_reboot
 .text.tick_start
                0x10003014       0x18 CMakeFiles/sampler.dir/Users/arunoda/.pico-sdk/sdk/2.1.1/src/rp2_common/hardware_ticks/ticks.c.o
                0x10003014                tick_start
 .text.rom_reboot.constprop.0.isra.0
                0x1000302c       0x34 CMakeFiles/sampler.dir/Users/arunoda/.pico-sdk/sdk/2.1.1/src/rp2_common/pico_bootrom/bootrom.c.o
 .text.rom_func_lookup
                0x10003060       0x18 CMakeFiles/sampler.dir/Users/arunoda/.pico-sdk/sdk/2.1.1/src/rp2_common/pico_bootrom/bootrom.c.o
                0x10003060                rom_func_lookup
 .text.rom_reset_usb_boot_extra
                0x10003078       0x1c CMakeFiles/sampler.dir/Users/arunoda/.pico-sdk/sdk/2.1.1/src/rp2_common/pico_bootrom/bootrom.c.o
                0x10003078                rom_reset_usb_boot_extra
 .text.runtime_init_bootrom_locking_enable
                0x10003094       0x14 CMakeFiles/sampler.dir/Users/arunoda/.pico-sdk/sdk/2.1.1/src/rp2_common/pico_bootrom/bootrom_lock.c.o
                0x10003094                runtime_init_bootrom_locking_enable
 .text.runtime_init_boot_locks_reset
                0x100030a8       0x1c CMakeFiles/sampler.dir/Users/arunoda/.pico-sdk/sdk/2.1.1/src/rp2_common/hardware_boot_lock/boot_lock.c.o
                0x100030a8                runtime_init_boot_locks_reset
 .text.xosc_init
                0x100030c4       0x30 CMakeFiles/sampler.dir/Users/arunoda/.pico-sdk/sdk/2.1.1/src/rp2_common/hardware_xosc/xosc.c.o
                0x100030c4                xosc_init
 .text.first_per_core_initializer
                0x100030f4        0x4 CMakeFiles/sampler.dir/Users/arunoda/.pico-sdk/sdk/2.1.1/src/rp2_common/pico_runtime/runtime.c.o
 .text.hard_assertion_failure
                0x100030f8        0xc CMakeFiles/sampler.dir/Users/arunoda/.pico-sdk/sdk/2.1.1/src/rp2_common/pico_runtime/runtime.c.o
                0x100030f8                hard_assertion_failure
 .text.runtime_run_initializers
                0x10003104       0x20 CMakeFiles/sampler.dir/Users/arunoda/.pico-sdk/sdk/2.1.1/src/rp2_common/pico_runtime/runtime.c.o
                0x10003104                runtime_run_initializers
 .text.runtime_run_per_core_initializers
                0x10003124       0x20 CMakeFiles/sampler.dir/Users/arunoda/.pico-sdk/sdk/2.1.1/src/rp2_common/pico_runtime/runtime.c.o
                0x10003124                runtime_run_per_core_initializers
 .text.runtime_init_early_resets
                0x10003144       0x34 CMakeFiles/sampler.dir/Users/arunoda/.pico-sdk/sdk/2.1.1/src/rp2_common/pico_runtime_init/runtime_init.c.o
                0x10003144                runtime_init_early_resets
 .text.runtime_init_usb_power_down
                0x10003178       0x1c CMakeFiles/sampler.dir/Users/arunoda/.pico-sdk/sdk/2.1.1/src/rp2_common/pico_runtime_init/runtime_init.c.o
                0x10003178                runtime_init_usb_power_down
 .text.runtime_init_per_core_enable_coprocessors
                0x10003194       0x1c CMakeFiles/sampler.dir/Users/arunoda/.pico-sdk/sdk/2.1.1/src/rp2_common/pico_runtime_init/runtime_init.c.o
                0x10003194                runtime_init_per_core_enable_coprocessors
 .text.runtime_init_post_clock_resets
                0x100031b0       0x20 CMakeFiles/sampler.dir/Users/arunoda/.pico-sdk/sdk/2.1.1/src/rp2_common/pico_runtime_init/runtime_init.c.o
                0x100031b0                runtime_init_post_clock_resets
 .text.runtime_init_bootrom_reset
                0x100031d0       0x14 CMakeFiles/sampler.dir/Users/arunoda/.pico-sdk/sdk/2.1.1/src/rp2_common/pico_runtime_init/runtime_init.c.o
                0x100031d0                runtime_init_bootrom_reset
 .text.runtime_init_per_core_bootrom_reset
                0x100031e4       0x14 CMakeFiles/sampler.dir/Users/arunoda/.pico-sdk/sdk/2.1.1/src/rp2_common/pico_runtime_init/runtime_init.c.o
                0x100031e4                runtime_init_per_core_bootrom_reset
 .text.runtime_init_spin_locks_reset
                0x100031f8        0x4 CMakeFiles/sampler.dir/Users/arunoda/.pico-sdk/sdk/2.1.1/src/rp2_common/pico_runtime_init/runtime_init.c.o
                0x100031f8                runtime_init_spin_locks_reset
 .text.runtime_init_install_ram_vector_table
                0x100031fc       0x20 CMakeFiles/sampler.dir/Users/arunoda/.pico-sdk/sdk/2.1.1/src/rp2_common/pico_runtime_init/runtime_init.c.o
                0x100031fc                runtime_init_install_ram_vector_table
 .text.runtime_init_clocks
                0x1000321c       0xdc CMakeFiles/sampler.dir/Users/arunoda/.pico-sdk/sdk/2.1.1/src/rp2_common/pico_runtime_init/runtime_init_clocks.c.o
                0x1000321c                runtime_init_clocks
 .text.__rp2350_dcp_engaged_state_save_restore
                0x100032f8       0x3a CMakeFiles/sampler.dir/Users/arunoda/.pico-sdk/sdk/2.1.1/src/rp2_common/pico_double/double_aeabi_dcp.S.o
 *fill*         0x10003332        0x2 
 .text.__wrap___aeabi_dmul
                0x10003334       0x4c CMakeFiles/sampler.dir/Users/arunoda/.pico-sdk/sdk/2.1.1/src/rp2_common/pico_double/double_aeabi_dcp.S.o
                0x1000333c                __wrap___aeabi_dmul
 .text.__wrap___aeabi_ddiv
                0x10003380       0x9c CMakeFiles/sampler.dir/Users/arunoda/.pico-sdk/sdk/2.1.1/src/rp2_common/pico_double/double_aeabi_dcp.S.o
                0x10003388                __wrap___aeabi_ddiv
 .text.__wrap___aeabi_d2f
                0x1000341c       0x1c CMakeFiles/sampler.dir/Users/arunoda/.pico-sdk/sdk/2.1.1/src/rp2_common/pico_double/double_aeabi_dcp.S.o
                0x10003424                double2float
                0x10003424                __wrap___aeabi_d2f
 .text.dpack    0x10003438       0x58 CMakeFiles/sampler.dir/Users/arunoda/.pico-sdk/sdk/2.1.1/src/rp2_common/pico_double/double_sci_m33.S.o
 .text.dreduce  0x10003490       0x7a CMakeFiles/sampler.dir/Users/arunoda/.pico-sdk/sdk/2.1.1/src/rp2_common/pico_double/double_sci_m33.S.o
 *fill*         0x1000350a        0x2 
 .text.exptab   0x1000350c      0x1fc CMakeFiles/sampler.dir/Users/arunoda/.pico-sdk/sdk/2.1.1/src/rp2_common/pico_double/double_sci_m33.S.o
                0x1000350c                exptab0
                0x1000356c                exptab1
                0x100035fc                exptab2
                0x1000367c                logtab0
 .text.__wrap_exp
                0x10003708      0x148 CMakeFiles/sampler.dir/Users/arunoda/.pico-sdk/sdk/2.1.1/src/rp2_common/pico_double/double_sci_m33.S.o
                0x10003732                __wrap_exp
 .text.__wrap_log
                0x10003850      0x358 CMakeFiles/sampler.dir/Users/arunoda/.pico-sdk/sdk/2.1.1/src/rp2_common/pico_double/double_sci_m33.S.o
                0x10003a2e                __wrap_log
 .text.fpow_int2
                0x10003ba8       0xdc CMakeFiles/sampler.dir/Users/arunoda/.pico-sdk/sdk/2.1.1/src/rp2_common/pico_float/float_math.c.o
 .text.fpow_0   0x10003c84       0xe8 CMakeFiles/sampler.dir/Users/arunoda/.pico-sdk/sdk/2.1.1/src/rp2_common/pico_float/float_math.c.o
 .text.__wrap_powf
                0x10003d6c      0x1a0 CMakeFiles/sampler.dir/Users/arunoda/.pico-sdk/sdk/2.1.1/src/rp2_common/pico_float/float_math.c.o
                0x10003d6c                __wrap_powf
 .text.__wrap_conv_tof
                0x10003f0c      0x1d4 CMakeFiles/sampler.dir/Users/arunoda/.pico-sdk/sdk/2.1.1/src/rp2_common/pico_float/float_common_m33.S.o
                0x10003f0c                __wrap___aeabi_l2f
                0x10003f0c                int642float
                0x10003f0e                fix642float
                0x10003f9c                fix2float
                0x10004008                ufix2float
                0x10004064                uint642float
                0x10004064                __wrap___aeabi_ul2f
                0x10004066                ufix642float
 .text.frrcore_v
                0x100040e0       0x54 CMakeFiles/sampler.dir/Users/arunoda/.pico-sdk/sdk/2.1.1/src/rp2_common/pico_float/float_sci_m33_vfp.S.o
 *fill*         0x10004134        0x4 
 .text.__wrap_fsin_fcos
                0x10004138      0x388 CMakeFiles/sampler.dir/Users/arunoda/.pico-sdk/sdk/2.1.1/src/rp2_common/pico_float/float_sci_m33_vfp.S.o
                0x10004214                __wrap_sincosf
                0x10004280                __wrap_sinf
                0x10004286                __wrap_cosf
 .text.__wrap_malloc
                0x100044c0       0x38 CMakeFiles/sampler.dir/Users/arunoda/.pico-sdk/sdk/2.1.1/src/rp2_common/pico_malloc/malloc.c.o
                0x100044c0                __wrap_malloc
 .text.__wrap_free
                0x100044f8       0x20 CMakeFiles/sampler.dir/Users/arunoda/.pico-sdk/sdk/2.1.1/src/rp2_common/pico_malloc/malloc.c.o
                0x100044f8                __wrap_free
 .text._Znwj    0x10004518        0x4 CMakeFiles/sampler.dir/Users/arunoda/.pico-sdk/sdk/2.1.1/src/rp2_common/pico_cxx_options/new_delete.cpp.o
                0x10004518                operator new(unsigned int)
 .text._Znaj    0x1000451c        0x4 CMakeFiles/sampler.dir/Users/arunoda/.pico-sdk/sdk/2.1.1/src/rp2_common/pico_cxx_options/new_delete.cpp.o
                0x1000451c                operator new[](unsigned int)
 .text._ZdaPv   0x10004520        0x4 CMakeFiles/sampler.dir/Users/arunoda/.pico-sdk/sdk/2.1.1/src/rp2_common/pico_cxx_options/new_delete.cpp.o
                0x10004520                operator delete[](void*)
 .text._out_char
                0x10004524        0x8 CMakeFiles/sampler.dir/Users/arunoda/.pico-sdk/sdk/2.1.1/src/rp2_common/pico_printf/printf.c.o
 .text.weak_raw_vprintf
                0x1000452c       0x30 CMakeFiles/sampler.dir/Users/arunoda/.pico-sdk/sdk/2.1.1/src/rp2_common/pico_printf/printf.c.o
                0x1000452c                weak_raw_vprintf
 .text._exit    0x1000455c        0x4 CMakeFiles/sampler.dir/Users/arunoda/.pico-sdk/sdk/2.1.1/src/rp2_common/pico_clib_interface/newlib_interface.c.o
                0x1000455c                _exit
 .text._sbrk    0x10004560       0x2c CMakeFiles/sampler.dir/Users/arunoda/.pico-sdk/sdk/2.1.1/src/rp2_common/pico_clib_interface/newlib_interface.c.o
                0x10004560                _sbrk
 .text.exit     0x1000458c        0x8 CMakeFiles/sampler.dir/Users/arunoda/.pico-sdk/sdk/2.1.1/src/rp2_common/pico_clib_interface/newlib_interface.c.o
                0x1000458c                exit
 .text.runtime_init
                0x10004594       0x24 CMakeFiles/sampler.dir/Users/arunoda/.pico-sdk/sdk/2.1.1/src/rp2_common/pico_clib_interface/newlib_interface.c.o
                0x10004594                runtime_init
 .text.stdio_out_chars_no_crlf
                0x100045b8        0x8 CMakeFiles/sampler.dir/Users/arunoda/.pico-sdk/sdk/2.1.1/src/rp2_common/pico_stdio/stdio.c.o
 .text.stdio_out_chars_crlf
                0x100045c0       0xb0 CMakeFiles/sampler.dir/Users/arunoda/.pico-sdk/sdk/2.1.1/src/rp2_common/pico_stdio/stdio.c.o
 .text.stdio_put_string
                0x10004670       0xec CMakeFiles/sampler.dir/Users/arunoda/.pico-sdk/sdk/2.1.1/src/rp2_common/pico_stdio/stdio.c.o
                0x10004670                stdio_put_string
 .text.stdio_set_driver_enabled
                0x1000475c       0x28 CMakeFiles/sampler.dir/Users/arunoda/.pico-sdk/sdk/2.1.1/src/rp2_common/pico_stdio/stdio.c.o
                0x1000475c                stdio_set_driver_enabled
 .text.stdio_init_all
                0x10004784        0x4 CMakeFiles/sampler.dir/Users/arunoda/.pico-sdk/sdk/2.1.1/src/rp2_common/pico_stdio/stdio.c.o
                0x10004784                stdio_init_all
 .text.__wrap_putchar
                0x10004788       0x84 CMakeFiles/sampler.dir/Users/arunoda/.pico-sdk/sdk/2.1.1/src/rp2_common/pico_stdio/stdio.c.o
                0x10004788                stdio_putchar
                0x10004788                __wrap_putchar
 .text.__wrap_puts
                0x1000480c       0x3c CMakeFiles/sampler.dir/Users/arunoda/.pico-sdk/sdk/2.1.1/src/rp2_common/pico_stdio/stdio.c.o
                0x1000480c                __wrap_puts
                0x1000480c                stdio_puts
 .text.resetd_init
                0x10004848        0x4 CMakeFiles/sampler.dir/Users/arunoda/.pico-sdk/sdk/2.1.1/src/rp2_common/pico_stdio_usb/reset_interface.c.o
 .text.resetd_reset
                0x1000484c        0xc CMakeFiles/sampler.dir/Users/arunoda/.pico-sdk/sdk/2.1.1/src/rp2_common/pico_stdio_usb/reset_interface.c.o
 .text.resetd_open
                0x10004858       0x28 CMakeFiles/sampler.dir/Users/arunoda/.pico-sdk/sdk/2.1.1/src/rp2_common/pico_stdio_usb/reset_interface.c.o
 .text.resetd_xfer_cb
                0x10004880        0x4 CMakeFiles/sampler.dir/Users/arunoda/.pico-sdk/sdk/2.1.1/src/rp2_common/pico_stdio_usb/reset_interface.c.o
 .text.resetd_control_xfer_cb
                0x10004884       0x50 CMakeFiles/sampler.dir/Users/arunoda/.pico-sdk/sdk/2.1.1/src/rp2_common/pico_stdio_usb/reset_interface.c.o
 .text.tud_descriptor_bos_cb
                0x100048d4        0x8 CMakeFiles/sampler.dir/Users/arunoda/.pico-sdk/sdk/2.1.1/src/rp2_common/pico_stdio_usb/reset_interface.c.o
                0x100048d4                tud_descriptor_bos_cb
 .text.tud_vendor_control_xfer_cb
                0x100048dc       0x28 CMakeFiles/sampler.dir/Users/arunoda/.pico-sdk/sdk/2.1.1/src/rp2_common/pico_stdio_usb/reset_interface.c.o
                0x100048dc                tud_vendor_control_xfer_cb
 .text.usbd_app_driver_get_cb
                0x10004904       0x10 CMakeFiles/sampler.dir/Users/arunoda/.pico-sdk/sdk/2.1.1/src/rp2_common/pico_stdio_usb/reset_interface.c.o
                0x10004904                usbd_app_driver_get_cb
 .text.tud_cdc_line_coding_cb
                0x10004914       0x18 CMakeFiles/sampler.dir/Users/arunoda/.pico-sdk/sdk/2.1.1/src/rp2_common/pico_stdio_usb/reset_interface.c.o
                0x10004914                tud_cdc_line_coding_cb
 .text.stdio_usb_set_chars_available_callback
                0x1000492c       0x14 CMakeFiles/sampler.dir/Users/arunoda/.pico-sdk/sdk/2.1.1/src/rp2_common/pico_stdio_usb/stdio_usb.c.o
                0x1000492c                stdio_usb_set_chars_available_callback
 .text.timer_task
                0x10004940       0x70 CMakeFiles/sampler.dir/Users/arunoda/.pico-sdk/sdk/2.1.1/src/rp2_common/pico_stdio_usb/stdio_usb.c.o
 .text.usb_irq  0x100049b0        0xc CMakeFiles/sampler.dir/Users/arunoda/.pico-sdk/sdk/2.1.1/src/rp2_common/pico_stdio_usb/stdio_usb.c.o
 .text.stdio_usb_in_chars
                0x100049bc       0x88 CMakeFiles/sampler.dir/Users/arunoda/.pico-sdk/sdk/2.1.1/src/rp2_common/pico_stdio_usb/stdio_usb.c.o
                0x100049bc                stdio_usb_in_chars
 .text.stdio_usb_out_flush
                0x10004a44       0x54 CMakeFiles/sampler.dir/Users/arunoda/.pico-sdk/sdk/2.1.1/src/rp2_common/pico_stdio_usb/stdio_usb.c.o
 .text.stdio_usb_out_chars
                0x10004a98       0xf4 CMakeFiles/sampler.dir/Users/arunoda/.pico-sdk/sdk/2.1.1/src/rp2_common/pico_stdio_usb/stdio_usb.c.o
 .text.low_priority_worker_irq
                0x10004b8c       0xd8 CMakeFiles/sampler.dir/Users/arunoda/.pico-sdk/sdk/2.1.1/src/rp2_common/pico_stdio_usb/stdio_usb.c.o
 .text.stdio_usb_init
                0x10004c64       0xe8 CMakeFiles/sampler.dir/Users/arunoda/.pico-sdk/sdk/2.1.1/src/rp2_common/pico_stdio_usb/stdio_usb.c.o
                0x10004c64                stdio_usb_init
 .text.tud_descriptor_device_cb
                0x10004d4c        0x8 CMakeFiles/sampler.dir/Users/arunoda/.pico-sdk/sdk/2.1.1/src/rp2_common/pico_stdio_usb/stdio_usb_descriptors.c.o
                0x10004d4c                tud_descriptor_device_cb
 .text.tud_descriptor_configuration_cb
                0x10004d54        0x8 CMakeFiles/sampler.dir/Users/arunoda/.pico-sdk/sdk/2.1.1/src/rp2_common/pico_stdio_usb/stdio_usb_descriptors.c.o
                0x10004d54                tud_descriptor_configuration_cb
 .text.tud_descriptor_string_cb
                0x10004d5c       0x70 CMakeFiles/sampler.dir/Users/arunoda/.pico-sdk/sdk/2.1.1/src/rp2_common/pico_stdio_usb/stdio_usb_descriptors.c.o
                0x10004d5c                tud_descriptor_string_cb
 .text.startup._retrieve_unique_id_on_boot
                0x10004dcc       0x30 CMakeFiles/sampler.dir/Users/arunoda/.pico-sdk/sdk/2.1.1/src/rp2_common/pico_unique_id/unique_id.c.o
 .text.pico_get_unique_board_id_string
                0x10004dfc      0x184 CMakeFiles/sampler.dir/Users/arunoda/.pico-sdk/sdk/2.1.1/src/rp2_common/pico_unique_id/unique_id.c.o
                0x10004dfc                pico_get_unique_board_id_string
 .text.dcd_init
                0x10004f80       0x8c CMakeFiles/sampler.dir/Users/arunoda/.pico-sdk/sdk/2.1.1/lib/tinyusb/src/portable/raspberrypi/rp2040/dcd_rp2040.c.o
                0x10004f80                dcd_init
 .text.dcd_int_enable
                0x1000500c        0x8 CMakeFiles/sampler.dir/Users/arunoda/.pico-sdk/sdk/2.1.1/lib/tinyusb/src/portable/raspberrypi/rp2040/dcd_rp2040.c.o
                0x1000500c                dcd_int_enable
 .text.dcd_set_address
                0x10005014       0x10 CMakeFiles/sampler.dir/Users/arunoda/.pico-sdk/sdk/2.1.1/lib/tinyusb/src/portable/raspberrypi/rp2040/dcd_rp2040.c.o
                0x10005014                dcd_set_address
 .text.dcd_sof_enable
                0x10005024       0x1c CMakeFiles/sampler.dir/Users/arunoda/.pico-sdk/sdk/2.1.1/lib/tinyusb/src/portable/raspberrypi/rp2040/dcd_rp2040.c.o
                0x10005024                dcd_sof_enable
 .text.dcd_edpt0_status_complete
                0x10005040       0x1c CMakeFiles/sampler.dir/Users/arunoda/.pico-sdk/sdk/2.1.1/lib/tinyusb/src/portable/raspberrypi/rp2040/dcd_rp2040.c.o
                0x10005040                dcd_edpt0_status_complete
 .text.dcd_edpt_open
                0x1000505c      0x104 CMakeFiles/sampler.dir/Users/arunoda/.pico-sdk/sdk/2.1.1/lib/tinyusb/src/portable/raspberrypi/rp2040/dcd_rp2040.c.o
                0x1000505c                dcd_edpt_open
 .text.dcd_edpt_close_all
                0x10005160        0x4 CMakeFiles/sampler.dir/Users/arunoda/.pico-sdk/sdk/2.1.1/lib/tinyusb/src/portable/raspberrypi/rp2040/dcd_rp2040.c.o
                0x10005160                dcd_edpt_close_all
 .text.dcd_edpt_xfer
                0x10005164       0x28 CMakeFiles/sampler.dir/Users/arunoda/.pico-sdk/sdk/2.1.1/lib/tinyusb/src/portable/raspberrypi/rp2040/dcd_rp2040.c.o
                0x10005164                dcd_edpt_xfer
 .text.dcd_edpt_stall
                0x1000518c       0x30 CMakeFiles/sampler.dir/Users/arunoda/.pico-sdk/sdk/2.1.1/lib/tinyusb/src/portable/raspberrypi/rp2040/dcd_rp2040.c.o
                0x1000518c                dcd_edpt_stall
 .text.dcd_edpt_clear_stall
                0x100051bc       0x24 CMakeFiles/sampler.dir/Users/arunoda/.pico-sdk/sdk/2.1.1/lib/tinyusb/src/portable/raspberrypi/rp2040/dcd_rp2040.c.o
                0x100051bc                dcd_edpt_clear_stall
 .text.rp2040_usb_init
                0x100051e0       0x40 CMakeFiles/sampler.dir/Users/arunoda/.pico-sdk/sdk/2.1.1/lib/tinyusb/src/portable/raspberrypi/rp2040/rp2040_usb.c.o
                0x100051e0                rp2040_usb_init
 .text.hw_endpoint_xfer_start
                0x10005220       0x40 CMakeFiles/sampler.dir/Users/arunoda/.pico-sdk/sdk/2.1.1/lib/tinyusb/src/portable/raspberrypi/rp2040/rp2040_usb.c.o
                0x10005220                hw_endpoint_xfer_start
 .text.configuration_reset
                0x10005260       0x8c CMakeFiles/sampler.dir/Users/arunoda/.pico-sdk/sdk/2.1.1/lib/tinyusb/src/device/usbd.c.o
 .text.tud_event_hook_cb
                0x100052ec        0x4 CMakeFiles/sampler.dir/Users/arunoda/.pico-sdk/sdk/2.1.1/lib/tinyusb/src/device/usbd.c.o
                0x100052ec                tud_event_hook_cb
 .text.tud_sof_cb
                0x100052f0        0x4 CMakeFiles/sampler.dir/Users/arunoda/.pico-sdk/sdk/2.1.1/lib/tinyusb/src/device/usbd.c.o
                0x100052f0                tud_sof_cb
 .text.tud_descriptor_device_qualifier_cb
                0x100052f4        0x4 CMakeFiles/sampler.dir/Users/arunoda/.pico-sdk/sdk/2.1.1/lib/tinyusb/src/device/usbd.c.o
                0x100052f4                tud_descriptor_device_qualifier_cb
 .text.tud_descriptor_other_speed_configuration_cb
                0x100052f8        0x4 CMakeFiles/sampler.dir/Users/arunoda/.pico-sdk/sdk/2.1.1/lib/tinyusb/src/device/usbd.c.o
                0x100052f8                tud_descriptor_other_speed_configuration_cb
 .text.tud_mount_cb
                0x100052fc        0x4 CMakeFiles/sampler.dir/Users/arunoda/.pico-sdk/sdk/2.1.1/lib/tinyusb/src/device/usbd.c.o
                0x100052fc                tud_mount_cb
 .text.tud_umount_cb
                0x10005300        0x4 CMakeFiles/sampler.dir/Users/arunoda/.pico-sdk/sdk/2.1.1/lib/tinyusb/src/device/usbd.c.o
                0x10005300                tud_umount_cb
 .text.tud_suspend_cb
                0x10005304        0x4 CMakeFiles/sampler.dir/Users/arunoda/.pico-sdk/sdk/2.1.1/lib/tinyusb/src/device/usbd.c.o
                0x10005304                tud_suspend_cb
 .text.tud_resume_cb
                0x10005308        0x4 CMakeFiles/sampler.dir/Users/arunoda/.pico-sdk/sdk/2.1.1/lib/tinyusb/src/device/usbd.c.o
                0x10005308                tud_resume_cb
 .text.tud_mounted
                0x1000530c       0x10 CMakeFiles/sampler.dir/Users/arunoda/.pico-sdk/sdk/2.1.1/lib/tinyusb/src/device/usbd.c.o
                0x1000530c                tud_mounted
 .text.tud_suspended
                0x1000531c       0x10 CMakeFiles/sampler.dir/Users/arunoda/.pico-sdk/sdk/2.1.1/lib/tinyusb/src/device/usbd.c.o
                0x1000531c                tud_suspended
 .text.tud_rhport_init
                0x1000532c       0xf4 CMakeFiles/sampler.dir/Users/arunoda/.pico-sdk/sdk/2.1.1/lib/tinyusb/src/device/usbd.c.o
                0x1000532c                tud_rhport_init
 .text.tud_task_ext
                0x10005420      0x784 CMakeFiles/sampler.dir/Users/arunoda/.pico-sdk/sdk/2.1.1/lib/tinyusb/src/device/usbd.c.o
                0x10005420                tud_task_ext
 .text.usbd_open_edpt_pair
                0x10005ba4       0x9c CMakeFiles/sampler.dir/Users/arunoda/.pico-sdk/sdk/2.1.1/lib/tinyusb/src/device/usbd.c.o
                0x10005ba4                usbd_open_edpt_pair
 .text.usbd_edpt_open
                0x10005c40       0x44 CMakeFiles/sampler.dir/Users/arunoda/.pico-sdk/sdk/2.1.1/lib/tinyusb/src/device/usbd.c.o
                0x10005c40                usbd_edpt_open
 .text.usbd_edpt_claim
                0x10005c84       0x24 CMakeFiles/sampler.dir/Users/arunoda/.pico-sdk/sdk/2.1.1/lib/tinyusb/src/device/usbd.c.o
                0x10005c84                usbd_edpt_claim
 .text.usbd_edpt_release
                0x10005ca8       0x24 CMakeFiles/sampler.dir/Users/arunoda/.pico-sdk/sdk/2.1.1/lib/tinyusb/src/device/usbd.c.o
                0x10005ca8                usbd_edpt_release
 .text.usbd_edpt_xfer
                0x10005ccc       0x70 CMakeFiles/sampler.dir/Users/arunoda/.pico-sdk/sdk/2.1.1/lib/tinyusb/src/device/usbd.c.o
                0x10005ccc                usbd_edpt_xfer
 .text.tud_control_status
                0x10005d3c       0x34 CMakeFiles/sampler.dir/Users/arunoda/.pico-sdk/sdk/2.1.1/lib/tinyusb/src/device/usbd_control.c.o
                0x10005d3c                tud_control_status
 .text.tud_control_xfer
                0x10005d70       0xb0 CMakeFiles/sampler.dir/Users/arunoda/.pico-sdk/sdk/2.1.1/lib/tinyusb/src/device/usbd_control.c.o
                0x10005d70                tud_control_xfer
 .text.usbd_control_reset
                0x10005e20       0x14 CMakeFiles/sampler.dir/Users/arunoda/.pico-sdk/sdk/2.1.1/lib/tinyusb/src/device/usbd_control.c.o
                0x10005e20                usbd_control_reset
 .text.usbd_control_set_complete_callback
                0x10005e34        0xc CMakeFiles/sampler.dir/Users/arunoda/.pico-sdk/sdk/2.1.1/lib/tinyusb/src/device/usbd_control.c.o
                0x10005e34                usbd_control_set_complete_callback
 .text.usbd_control_set_request
                0x10005e40       0x1c CMakeFiles/sampler.dir/Users/arunoda/.pico-sdk/sdk/2.1.1/lib/tinyusb/src/device/usbd_control.c.o
                0x10005e40                usbd_control_set_request
 .text.usbd_control_xfer_cb
                0x10005e5c      0x100 CMakeFiles/sampler.dir/Users/arunoda/.pico-sdk/sdk/2.1.1/lib/tinyusb/src/device/usbd_control.c.o
                0x10005e5c                usbd_control_xfer_cb
 .text._prep_out_transaction.isra.0
                0x10005f5c       0x74 CMakeFiles/sampler.dir/Users/arunoda/.pico-sdk/sdk/2.1.1/lib/tinyusb/src/class/cdc/cdc_device.c.o
 .text.tud_cdc_n_connected
                0x10005fd0       0x2c CMakeFiles/sampler.dir/Users/arunoda/.pico-sdk/sdk/2.1.1/lib/tinyusb/src/class/cdc/cdc_device.c.o
                0x10005fd0                tud_cdc_n_connected
 .text.tud_cdc_n_available
                0x10005ffc       0x14 CMakeFiles/sampler.dir/Users/arunoda/.pico-sdk/sdk/2.1.1/lib/tinyusb/src/class/cdc/cdc_device.c.o
                0x10005ffc                tud_cdc_n_available
 .text.tud_cdc_n_read
                0x10006010       0x90 CMakeFiles/sampler.dir/Users/arunoda/.pico-sdk/sdk/2.1.1/lib/tinyusb/src/class/cdc/cdc_device.c.o
                0x10006010                tud_cdc_n_read
 .text.tud_cdc_n_write_flush
                0x100060a0       0x8c CMakeFiles/sampler.dir/Users/arunoda/.pico-sdk/sdk/2.1.1/lib/tinyusb/src/class/cdc/cdc_device.c.o
                0x100060a0                tud_cdc_n_write_flush
 .text.tud_cdc_n_write
                0x1000612c       0x40 CMakeFiles/sampler.dir/Users/arunoda/.pico-sdk/sdk/2.1.1/lib/tinyusb/src/class/cdc/cdc_device.c.o
                0x1000612c                tud_cdc_n_write
 .text.tud_cdc_n_write_available
                0x1000616c       0x14 CMakeFiles/sampler.dir/Users/arunoda/.pico-sdk/sdk/2.1.1/lib/tinyusb/src/class/cdc/cdc_device.c.o
                0x1000616c                tud_cdc_n_write_available
 .text.cdcd_init
                0x10006180       0x70 CMakeFiles/sampler.dir/Users/arunoda/.pico-sdk/sdk/2.1.1/lib/tinyusb/src/class/cdc/cdc_device.c.o
                0x10006180                cdcd_init
 .text.cdcd_deinit
                0x100061f0       0x30 CMakeFiles/sampler.dir/Users/arunoda/.pico-sdk/sdk/2.1.1/lib/tinyusb/src/class/cdc/cdc_device.c.o
                0x100061f0                cdcd_deinit
 .text.cdcd_reset
                0x10006220       0x4c CMakeFiles/sampler.dir/Users/arunoda/.pico-sdk/sdk/2.1.1/lib/tinyusb/src/class/cdc/cdc_device.c.o
                0x10006220                cdcd_reset
 .text.cdcd_open
                0x1000626c       0xc0 CMakeFiles/sampler.dir/Users/arunoda/.pico-sdk/sdk/2.1.1/lib/tinyusb/src/class/cdc/cdc_device.c.o
                0x1000626c                cdcd_open
 .text.cdcd_control_xfer_cb
                0x1000632c       0xc0 CMakeFiles/sampler.dir/Users/arunoda/.pico-sdk/sdk/2.1.1/lib/tinyusb/src/class/cdc/cdc_device.c.o
                0x1000632c                cdcd_control_xfer_cb
 .text.cdcd_xfer_cb
                0x100063ec       0xf8 CMakeFiles/sampler.dir/Users/arunoda/.pico-sdk/sdk/2.1.1/lib/tinyusb/src/class/cdc/cdc_device.c.o
                0x100063ec                cdcd_xfer_cb
 .text.vendord_init
                0x100064e4       0x5c CMakeFiles/sampler.dir/Users/arunoda/.pico-sdk/sdk/2.1.1/lib/tinyusb/src/class/vendor/vendor_device.c.o
                0x100064e4                vendord_init
 .text.vendord_deinit
                0x10006540       0x1c CMakeFiles/sampler.dir/Users/arunoda/.pico-sdk/sdk/2.1.1/lib/tinyusb/src/class/vendor/vendor_device.c.o
                0x10006540                vendord_deinit
 .text.vendord_reset
                0x1000655c       0x24 CMakeFiles/sampler.dir/Users/arunoda/.pico-sdk/sdk/2.1.1/lib/tinyusb/src/class/vendor/vendor_device.c.o
                0x1000655c                vendord_reset
 .text.vendord_open
                0x10006580       0xf4 CMakeFiles/sampler.dir/Users/arunoda/.pico-sdk/sdk/2.1.1/lib/tinyusb/src/class/vendor/vendor_device.c.o
                0x10006580                vendord_open
 .text.vendord_xfer_cb
                0x10006674       0x88 CMakeFiles/sampler.dir/Users/arunoda/.pico-sdk/sdk/2.1.1/lib/tinyusb/src/class/vendor/vendor_device.c.o
                0x10006674                vendord_xfer_cb
 .text.tusb_rhport_init
                0x100066fc       0x64 CMakeFiles/sampler.dir/Users/arunoda/.pico-sdk/sdk/2.1.1/lib/tinyusb/src/tusb.c.o
                0x100066fc                tusb_rhport_init
 .text.tu_edpt_claim
                0x10006760       0x54 CMakeFiles/sampler.dir/Users/arunoda/.pico-sdk/sdk/2.1.1/lib/tinyusb/src/tusb.c.o
                0x10006760                tu_edpt_claim
 .text.tu_edpt_release
                0x100067b4       0x38 CMakeFiles/sampler.dir/Users/arunoda/.pico-sdk/sdk/2.1.1/lib/tinyusb/src/tusb.c.o
                0x100067b4                tu_edpt_release
 .text.tu_edpt_validate
                0x100067ec       0x60 CMakeFiles/sampler.dir/Users/arunoda/.pico-sdk/sdk/2.1.1/lib/tinyusb/src/tusb.c.o
                0x100067ec                tu_edpt_validate
 .text.tu_edpt_bind_driver
                0x1000684c       0x58 CMakeFiles/sampler.dir/Users/arunoda/.pico-sdk/sdk/2.1.1/lib/tinyusb/src/tusb.c.o
                0x1000684c                tu_edpt_bind_driver
 .text.tu_edpt_stream_init
                0x100068a4       0x58 CMakeFiles/sampler.dir/Users/arunoda/.pico-sdk/sdk/2.1.1/lib/tinyusb/src/tusb.c.o
                0x100068a4                tu_edpt_stream_init
 .text.tu_edpt_stream_deinit
                0x100068fc        0x4 CMakeFiles/sampler.dir/Users/arunoda/.pico-sdk/sdk/2.1.1/lib/tinyusb/src/tusb.c.o
                0x100068fc                tu_edpt_stream_deinit
 .text.tu_edpt_stream_write_zlp_if_needed
                0x10006900       0x68 CMakeFiles/sampler.dir/Users/arunoda/.pico-sdk/sdk/2.1.1/lib/tinyusb/src/tusb.c.o
                0x10006900                tu_edpt_stream_write_zlp_if_needed
 .text.tu_edpt_stream_write_xfer
                0x10006968       0x70 CMakeFiles/sampler.dir/Users/arunoda/.pico-sdk/sdk/2.1.1/lib/tinyusb/src/tusb.c.o
                0x10006968                tu_edpt_stream_write_xfer
 .text.tu_edpt_stream_read_xfer
                0x100069d8       0xc8 CMakeFiles/sampler.dir/Users/arunoda/.pico-sdk/sdk/2.1.1/lib/tinyusb/src/tusb.c.o
                0x100069d8                tu_edpt_stream_read_xfer
 .text.tu_fifo_config
                0x10006aa0       0x60 CMakeFiles/sampler.dir/Users/arunoda/.pico-sdk/sdk/2.1.1/lib/tinyusb/src/common/tusb_fifo.c.o
                0x10006aa0                tu_fifo_config
 .text.tu_fifo_count
                0x10006b00       0x20 CMakeFiles/sampler.dir/Users/arunoda/.pico-sdk/sdk/2.1.1/lib/tinyusb/src/common/tusb_fifo.c.o
                0x10006b00                tu_fifo_count
 .text.tu_fifo_empty
                0x10006b20       0x14 CMakeFiles/sampler.dir/Users/arunoda/.pico-sdk/sdk/2.1.1/lib/tinyusb/src/common/tusb_fifo.c.o
                0x10006b20                tu_fifo_empty
 .text.tu_fifo_remaining
                0x10006b34       0x24 CMakeFiles/sampler.dir/Users/arunoda/.pico-sdk/sdk/2.1.1/lib/tinyusb/src/common/tusb_fifo.c.o
                0x10006b34                tu_fifo_remaining
 .text.tu_fifo_read
                0x10006b58       0x94 CMakeFiles/sampler.dir/Users/arunoda/.pico-sdk/sdk/2.1.1/lib/tinyusb/src/common/tusb_fifo.c.o
                0x10006b58                tu_fifo_read
 .text.tu_fifo_read_n
                0x10006bec       0xd8 CMakeFiles/sampler.dir/Users/arunoda/.pico-sdk/sdk/2.1.1/lib/tinyusb/src/common/tusb_fifo.c.o
                0x10006bec                tu_fifo_read_n
 .text.tu_fifo_write
                0x10006cc4       0xa4 CMakeFiles/sampler.dir/Users/arunoda/.pico-sdk/sdk/2.1.1/lib/tinyusb/src/common/tusb_fifo.c.o
                0x10006cc4                tu_fifo_write
 .text.tu_fifo_write_n
                0x10006d68      0x15c CMakeFiles/sampler.dir/Users/arunoda/.pico-sdk/sdk/2.1.1/lib/tinyusb/src/common/tusb_fifo.c.o
                0x10006d68                tu_fifo_write_n
 .text.tu_fifo_clear
                0x10006ec4       0x38 CMakeFiles/sampler.dir/Users/arunoda/.pico-sdk/sdk/2.1.1/lib/tinyusb/src/common/tusb_fifo.c.o
                0x10006ec4                tu_fifo_clear
 .text.tu_fifo_set_overwritable
                0x10006efc       0x3c CMakeFiles/sampler.dir/Users/arunoda/.pico-sdk/sdk/2.1.1/lib/tinyusb/src/common/tusb_fifo.c.o
                0x10006efc                tu_fifo_set_overwritable
 .text.pio_add_program
                0x10006f38       0xf4 CMakeFiles/sampler.dir/Users/arunoda/.pico-sdk/sdk/2.1.1/src/rp2_common/hardware_pio/pio.c.o
                0x10006f38                pio_add_program
 .text.pio_sm_set_consecutive_pindirs
                0x1000702c       0x8c CMakeFiles/sampler.dir/Users/arunoda/.pico-sdk/sdk/2.1.1/src/rp2_common/hardware_pio/pio.c.o
                0x1000702c                pio_sm_set_consecutive_pindirs
 .text.pio_sm_init
                0x100070b8       0xa8 CMakeFiles/sampler.dir/Users/arunoda/.pico-sdk/sdk/2.1.1/src/rp2_common/hardware_pio/pio.c.o
                0x100070b8                pio_sm_init
 .text.core1_trampoline
                0x10007160        0x4 CMakeFiles/sampler.dir/Users/arunoda/.pico-sdk/sdk/2.1.1/src/rp2_common/pico_multicore/multicore.c.o
 .text.core1_wrapper
                0x10007164       0x10 CMakeFiles/sampler.dir/Users/arunoda/.pico-sdk/sdk/2.1.1/src/rp2_common/pico_multicore/multicore.c.o
                0x10007164                core1_wrapper
 .text.multicore_launch_core1_raw
                0x10007174       0x84 CMakeFiles/sampler.dir/Users/arunoda/.pico-sdk/sdk/2.1.1/src/rp2_common/pico_multicore/multicore.c.o
                0x10007174                multicore_launch_core1_raw
 .text.multicore_launch_core1
                0x100071f8       0x48 CMakeFiles/sampler.dir/Users/arunoda/.pico-sdk/sdk/2.1.1/src/rp2_common/pico_multicore/multicore.c.o
                0x100071f8                multicore_launch_core1
 .text.adc_init
                0x10007240       0x30 CMakeFiles/sampler.dir/Users/arunoda/.pico-sdk/sdk/2.1.1/src/rp2_common/hardware_adc/adc.c.o
                0x10007240                adc_init
 .text.malloc   0x10007270       0x10 /Users/arunoda/.pico-sdk/toolchain/14_2_Rel1/bin/../lib/gcc/arm-none-eabi/14.2.1/../../../../arm-none-eabi/lib/thumb/v8-m.main+fp/softfp/libg.a(libc_a-malloc.o)
                0x10007270                malloc
 .text.free     0x10007280       0x10 /Users/arunoda/.pico-sdk/toolchain/14_2_Rel1/bin/../lib/gcc/arm-none-eabi/14.2.1/../../../../arm-none-eabi/lib/thumb/v8-m.main+fp/softfp/libg.a(libc_a-malloc.o)
                0x10007280                free
 .text._malloc_r
                0x10007290      0x578 /Users/arunoda/.pico-sdk/toolchain/14_2_Rel1/bin/../lib/gcc/arm-none-eabi/14.2.1/../../../../arm-none-eabi/lib/thumb/v8-m.main+fp/softfp/libg.a(libc_a-mallocr.o)
                0x10007290                _malloc_r
 .text.__malloc_lock
                0x10007808        0xc /Users/arunoda/.pico-sdk/toolchain/14_2_Rel1/bin/../lib/gcc/arm-none-eabi/14.2.1/../../../../arm-none-eabi/lib/thumb/v8-m.main+fp/softfp/libg.a(libc_a-mlock.o)
                0x10007808                __malloc_lock
 .text.__malloc_unlock
                0x10007814        0xc /Users/arunoda/.pico-sdk/toolchain/14_2_Rel1/bin/../lib/gcc/arm-none-eabi/14.2.1/../../../../arm-none-eabi/lib/thumb/v8-m.main+fp/softfp/libg.a(libc_a-mlock.o)
                0x10007814                __malloc_unlock
 .text.memset   0x10007820       0x9c /Users/arunoda/.pico-sdk/toolchain/14_2_Rel1/bin/../lib/gcc/arm-none-eabi/14.2.1/../../../../arm-none-eabi/lib/thumb/v8-m.main+fp/softfp/libg.a(libc_a-memset.o)
                0x10007820                memset
 .text._sbrk_r  0x100078bc       0x24 /Users/arunoda/.pico-sdk/toolchain/14_2_Rel1/bin/../lib/gcc/arm-none-eabi/14.2.1/../../../../arm-none-eabi/lib/thumb/v8-m.main+fp/softfp/libg.a(libc_a-sbrkr.o)
                0x100078bc                _sbrk_r
 .text.__errno  0x100078e0        0xc /Users/arunoda/.pico-sdk/toolchain/14_2_Rel1/bin/../lib/gcc/arm-none-eabi/14.2.1/../../../../arm-none-eabi/lib/thumb/v8-m.main+fp/softfp/libg.a(libc_a-errno.o)
                0x100078e0                __errno
 .text.sysconf  0x100078ec       0x1c /Users/arunoda/.pico-sdk/toolchain/14_2_Rel1/bin/../lib/gcc/arm-none-eabi/14.2.1/../../../../arm-none-eabi/lib/thumb/v8-m.main+fp/softfp/libg.a(libc_a-sysconf.o)
                0x100078ec                sysconf
 .text.__retarget_lock_acquire_recursive
                0x10007908        0x4 /Users/arunoda/.pico-sdk/toolchain/14_2_Rel1/bin/../lib/gcc/arm-none-eabi/14.2.1/../../../../arm-none-eabi/lib/thumb/v8-m.main+fp/softfp/libg.a(libc_a-lock.o)
                0x10007908                __retarget_lock_acquire_recursive
 .text.__retarget_lock_release_recursive
                0x1000790c        0x4 /Users/arunoda/.pico-sdk/toolchain/14_2_Rel1/bin/../lib/gcc/arm-none-eabi/14.2.1/../../../../arm-none-eabi/lib/thumb/v8-m.main+fp/softfp/libg.a(libc_a-lock.o)
                0x1000790c                __retarget_lock_release_recursive
 .text          0x10007910       0xec /Users/arunoda/.pico-sdk/toolchain/14_2_Rel1/bin/../lib/gcc/arm-none-eabi/14.2.1/../../../../arm-none-eabi/lib/thumb/v8-m.main+fp/softfp/libg.a(libc_a-memcpy.o)
                0x10007910                memcpy
 .text.strlen   0x100079fc       0x5c /Users/arunoda/.pico-sdk/toolchain/14_2_Rel1/bin/../lib/gcc/arm-none-eabi/14.2.1/../../../../arm-none-eabi/lib/thumb/v8-m.main+fp/softfp/libg.a(libc_a-strlen-stub.o)
                0x100079fc                strlen
 .text._malloc_trim_r
                0x10007a58       0xb8 /Users/arunoda/.pico-sdk/toolchain/14_2_Rel1/bin/../lib/gcc/arm-none-eabi/14.2.1/../../../../arm-none-eabi/lib/thumb/v8-m.main+fp/softfp/libg.a(libc_a-freer.o)
                0x10007a58                _malloc_trim_r
 .text._free_r  0x10007b10      0x1e8 /Users/arunoda/.pico-sdk/toolchain/14_2_Rel1/bin/../lib/gcc/arm-none-eabi/14.2.1/../../../../arm-none-eabi/lib/thumb/v8-m.main+fp/softfp/libg.a(libc_a-freer.o)
                0x10007b10                _free_r
 *(.fini)
 .fini          0x10007cf8        0x4 /Users/arunoda/.pico-sdk/toolchain/14_2_Rel1/bin/../lib/gcc/arm-none-eabi/14.2.1/thumb/v8-m.main+fp/softfp/crti.o
                0x10007cf8                _fini
 *fill*         0x10007cfc        0x4 
 .fini.__stub   0x10007d00       0x58 linker stubs
 *crtbegin.o(.ctors)
 *crtbegin?.o(.ctors)
 *(EXCLUDE_FILE(*crtend.o *crtend?.o) .ctors)
 *(SORT_BY_NAME(.ctors.*))
 *(.ctors)
 *crtbegin.o(.dtors)
 *crtbegin?.o(.dtors)
 *(EXCLUDE_FILE(*crtend.o *crtend?.o) .dtors)
 *(SORT_BY_NAME(.dtors.*))
 *(.dtors)
                0x10007d58                        . = ALIGN (0x4)
                0x10007d58                        PROVIDE (__preinit_array_start = .)
 *(SORT_BY_NAME(.preinit_array.*))
 .preinit_array.00050
                0x10007d58        0x4 CMakeFiles/sampler.dir/Users/arunoda/.pico-sdk/sdk/2.1.1/src/rp2_common/pico_runtime_init/runtime_init.c.o
                0x10007d58                __pre_init_runtime_init_bootrom_reset
 .preinit_array.00100
                0x10007d5c        0x4 CMakeFiles/sampler.dir/Users/arunoda/.pico-sdk/sdk/2.1.1/src/rp2_common/pico_runtime_init/runtime_init.c.o
                0x10007d5c                __pre_init_runtime_init_early_resets
 .preinit_array.00101
                0x10007d60        0x4 CMakeFiles/sampler.dir/Users/arunoda/.pico-sdk/sdk/2.1.1/src/rp2_common/pico_runtime_init/runtime_init.c.o
                0x10007d60                __pre_init_runtime_init_usb_power_down
 .preinit_array.00500
                0x10007d64        0x4 CMakeFiles/sampler.dir/Users/arunoda/.pico-sdk/sdk/2.1.1/src/rp2_common/pico_runtime_init/runtime_init.c.o
                0x10007d64                __pre_init_runtime_init_clocks
 .preinit_array.00600
                0x10007d68        0x4 CMakeFiles/sampler.dir/Users/arunoda/.pico-sdk/sdk/2.1.1/src/rp2_common/pico_runtime_init/runtime_init.c.o
                0x10007d68                __pre_init_runtime_init_post_clock_resets
 .preinit_array.01000
                0x10007d6c        0x4 CMakeFiles/sampler.dir/Users/arunoda/.pico-sdk/sdk/2.1.1/src/rp2_common/hardware_boot_lock/boot_lock.c.o
                0x10007d6c                __pre_init_runtime_init_boot_locks_reset
 .preinit_array.01000
                0x10007d70        0x4 CMakeFiles/sampler.dir/Users/arunoda/.pico-sdk/sdk/2.1.1/src/rp2_common/pico_runtime_init/runtime_init.c.o
                0x10007d70                __pre_init_runtime_init_spin_locks_reset
 .preinit_array.01010
                0x10007d74        0x4 CMakeFiles/sampler.dir/Users/arunoda/.pico-sdk/sdk/2.1.1/src/rp2_common/pico_bootrom/bootrom_lock.c.o
                0x10007d74                __pre_init_runtime_init_bootrom_locking_enable
 .preinit_array.01100
                0x10007d78        0x4 CMakeFiles/sampler.dir/Users/arunoda/.pico-sdk/sdk/2.1.1/src/common/pico_sync/mutex.c.o
                0x10007d78                __pre_init_runtime_init_mutex
 .preinit_array.10080
                0x10007d7c        0x4 CMakeFiles/sampler.dir/Users/arunoda/.pico-sdk/sdk/2.1.1/src/rp2_common/pico_runtime_init/runtime_init.c.o
                0x10007d7c                __pre_init_runtime_init_install_ram_vector_table
 .preinit_array.11000
                0x10007d80        0x4 CMakeFiles/sampler.dir/Users/arunoda/.pico-sdk/sdk/2.1.1/src/common/pico_time/time.c.o
                0x10007d80                __pre_init_runtime_init_default_alarm_pool
 .preinit_array.YYYYY
                0x10007d84        0x4 CMakeFiles/sampler.dir/Users/arunoda/.pico-sdk/sdk/2.1.1/src/rp2_common/pico_runtime/runtime.c.o
                0x10007d84                __pre_init_first_per_core_initializer
 .preinit_array.ZZZZZ.00051
                0x10007d88        0x4 CMakeFiles/sampler.dir/Users/arunoda/.pico-sdk/sdk/2.1.1/src/rp2_common/pico_runtime_init/runtime_init.c.o
                0x10007d88                __pre_init_runtime_init_per_core_bootrom_reset
 .preinit_array.ZZZZZ.00200
                0x10007d8c        0x4 CMakeFiles/sampler.dir/Users/arunoda/.pico-sdk/sdk/2.1.1/src/rp2_common/pico_runtime_init/runtime_init.c.o
                0x10007d8c                __pre_init_runtime_init_per_core_enable_coprocessors
 .preinit_array.ZZZZZ.01000
                0x10007d90        0x4 CMakeFiles/sampler.dir/Users/arunoda/.pico-sdk/sdk/2.1.1/src/rp2_common/hardware_sync_spin_lock/sync_spin_lock.c.o
                0x10007d90                __pre_init_spinlock_set_extexclall
 .preinit_array.ZZZZZ.01200
                0x10007d94        0x4 CMakeFiles/sampler.dir/Users/arunoda/.pico-sdk/sdk/2.1.1/src/rp2_common/hardware_irq/irq.c.o
                0x10007d94                __pre_init_runtime_init_per_core_irq_priorities
 *(.preinit_array)
                0x10007d98                        PROVIDE (__preinit_array_end = .)
                0x10007d98                        . = ALIGN (0x4)
                0x10007d98                        PROVIDE (__init_array_start = .)
 *(SORT_BY_NAME(.init_array.*))
 *(.init_array)
 .init_array    0x10007d98        0x4 /Users/arunoda/.pico-sdk/toolchain/14_2_Rel1/bin/../lib/gcc/arm-none-eabi/14.2.1/thumb/v8-m.main+fp/softfp/crtbegin.o
 .init_array    0x10007d9c        0x4 CMakeFiles/sampler.dir/main.cpp.o
 .init_array    0x10007da0        0x4 CMakeFiles/sampler.dir/Users/arunoda/.pico-sdk/sdk/2.1.1/src/rp2_common/pico_unique_id/unique_id.c.o
                0x10007da4                        PROVIDE (__init_array_end = .)
                0x10007da4                        . = ALIGN (0x4)
                [!provide]                        PROVIDE (__fini_array_start = .)
 *(SORT_BY_NAME(.fini_array.*))
 *(.fini_array)
                [!provide]                        PROVIDE (__fini_array_end = .)
 *(.eh_frame*)
 .eh_frame      0x10007da4        0x0 /Users/arunoda/.pico-sdk/toolchain/14_2_Rel1/bin/../lib/gcc/arm-none-eabi/14.2.1/thumb/v8-m.main+fp/softfp/crtbegin.o
                0x10007da4                        . = ALIGN (0x4)

.glue_7         0x10007da4        0x0
 .glue_7        0x10007da4        0x0 linker stubs

.glue_7t        0x10007da4        0x0
 .glue_7t       0x10007da4        0x0 linker stubs

.vfp11_veneer   0x10007da4        0x0
 .vfp11_veneer  0x10007da4        0x0 linker stubs

.v4_bx          0x10007da4        0x0
 .v4_bx         0x10007da4        0x0 linker stubs

.iplt           0x10007da4        0x0
 .iplt          0x10007da4        0x0 /Users/arunoda/.pico-sdk/toolchain/14_2_Rel1/bin/../lib/gcc/arm-none-eabi/14.2.1/thumb/v8-m.main+fp/softfp/crtbegin.o

.boot2          0x10007da4        0x0
                0x10007da4                        __boot2_start__ = .
 *(.boot2)
                0x10007da4                        __boot2_end__ = .
                0x00000001                        ASSERT (((__boot2_end__ - __boot2_start__) <= 0x100), ERROR: Pico second stage bootloader must be no more than 256 bytes in size)

.rodata         0x10007da4      0x3dc
 *(EXCLUDE_FILE(*libm.a: *libc.a:*lib_a-mem*.o *libgcc.a:) .rodata*)
 .rodata.main.str1.4
                0x10007da4      0x1a8 CMakeFiles/sampler.dir/main.cpp.o
                                 0x32 (size before relaxing)
 .rodata._ZL11i2s_program
                0x10007f4c        0x8 CMakeFiles/sampler.dir/main.cpp.o
 .rodata._ZL24i2s_program_instructions
                0x10007f54       0x10 CMakeFiles/sampler.dir/main.cpp.o
 .rodata.panic.str1.4
                0x10007f64       0x12 CMakeFiles/sampler.dir/Users/arunoda/.pico-sdk/sdk/2.1.1/src/rp2_common/pico_platform_panic/panic.c.o
 .rodata.spin_lock_claim_unused.str1.4
                0x10007f64       0x1b CMakeFiles/sampler.dir/Users/arunoda/.pico-sdk/sdk/2.1.1/src/rp2_common/hardware_sync/sync.c.o
 .rodata.user_irq_claim_unused.str1.4
                0x10007f64       0x1b CMakeFiles/sampler.dir/Users/arunoda/.pico-sdk/sdk/2.1.1/src/rp2_common/hardware_irq/irq.c.o
 .rodata.timer_hardware_alarm_claim.str1.4
                0x10007f64       0x22 CMakeFiles/sampler.dir/Users/arunoda/.pico-sdk/sdk/2.1.1/src/rp2_common/hardware_timer/timer.c.o
 .rodata.hard_assertion_failure.str1.4
                0x10007f64        0xc CMakeFiles/sampler.dir/Users/arunoda/.pico-sdk/sdk/2.1.1/src/rp2_common/pico_runtime/runtime.c.o
 .rodata.__wrap_malloc.str1.4
                0x10007f64        0xe CMakeFiles/sampler.dir/Users/arunoda/.pico-sdk/sdk/2.1.1/src/rp2_common/pico_malloc/malloc.c.o
 .rodata.str1.4
                0x10007f64       0x4c CMakeFiles/sampler.dir/Users/arunoda/.pico-sdk/sdk/2.1.1/src/rp2_common/pico_standard_binary_info/standard_binary_info.c.o
 .rodata.__bi_84
                0x10007f64        0xc CMakeFiles/sampler.dir/Users/arunoda/.pico-sdk/sdk/2.1.1/src/rp2_common/pico_standard_binary_info/standard_binary_info.c.o
 .rodata.__bi_78
                0x10007f70        0xc CMakeFiles/sampler.dir/Users/arunoda/.pico-sdk/sdk/2.1.1/src/rp2_common/pico_standard_binary_info/standard_binary_info.c.o
 .rodata.__bi_60
                0x10007f7c        0xc CMakeFiles/sampler.dir/Users/arunoda/.pico-sdk/sdk/2.1.1/src/rp2_common/pico_standard_binary_info/standard_binary_info.c.o
 .rodata.__bi_54
                0x10007f88        0xc CMakeFiles/sampler.dir/Users/arunoda/.pico-sdk/sdk/2.1.1/src/rp2_common/pico_standard_binary_info/standard_binary_info.c.o
 .rodata.__bi_48
                0x10007f94        0xc CMakeFiles/sampler.dir/Users/arunoda/.pico-sdk/sdk/2.1.1/src/rp2_common/pico_standard_binary_info/standard_binary_info.c.o
 .rodata.__bi_42
                0x10007fa0        0xc CMakeFiles/sampler.dir/Users/arunoda/.pico-sdk/sdk/2.1.1/src/rp2_common/pico_standard_binary_info/standard_binary_info.c.o
 .rodata.__bi_34
                0x10007fac        0xc CMakeFiles/sampler.dir/Users/arunoda/.pico-sdk/sdk/2.1.1/src/rp2_common/pico_standard_binary_info/standard_binary_info.c.o
 .rodata.__bi_26
                0x10007fb8        0xc CMakeFiles/sampler.dir/Users/arunoda/.pico-sdk/sdk/2.1.1/src/rp2_common/pico_standard_binary_info/standard_binary_info.c.o
 .rodata.crlf_str.0
                0x10007fc4        0x2 CMakeFiles/sampler.dir/Users/arunoda/.pico-sdk/sdk/2.1.1/src/rp2_common/pico_stdio/stdio.c.o
 *fill*         0x10007fc6        0x2 
 .rodata._resetd_driver
                0x10007fc8       0x20 CMakeFiles/sampler.dir/Users/arunoda/.pico-sdk/sdk/2.1.1/src/rp2_common/pico_stdio_usb/reset_interface.c.o
 .rodata.desc_ms_os_20
                0x10007fe8       0xa6 CMakeFiles/sampler.dir/Users/arunoda/.pico-sdk/sdk/2.1.1/src/rp2_common/pico_stdio_usb/reset_interface.c.o
 *fill*         0x1000808e        0x2 
 .rodata.desc_bos
                0x10008090       0x21 CMakeFiles/sampler.dir/Users/arunoda/.pico-sdk/sdk/2.1.1/src/rp2_common/pico_stdio_usb/reset_interface.c.o
                0x10008090                desc_bos
 .rodata.str1.4
                0x100080b1       0x13 CMakeFiles/sampler.dir/Users/arunoda/.pico-sdk/sdk/2.1.1/src/rp2_common/pico_stdio_usb/stdio_usb.c.o
 *fill*         0x100080b1        0x3 
 .rodata.__bi_197.0
                0x100080b4        0xc CMakeFiles/sampler.dir/Users/arunoda/.pico-sdk/sdk/2.1.1/src/rp2_common/pico_stdio_usb/stdio_usb.c.o
 .rodata.str1.4
                0x100080c0       0x2a CMakeFiles/sampler.dir/Users/arunoda/.pico-sdk/sdk/2.1.1/src/rp2_common/pico_stdio_usb/stdio_usb_descriptors.c.o
 .rodata.usbd_desc_str
                0x100080c0       0x18 CMakeFiles/sampler.dir/Users/arunoda/.pico-sdk/sdk/2.1.1/src/rp2_common/pico_stdio_usb/stdio_usb_descriptors.c.o
 .rodata.usbd_desc_cfg
                0x100080d8       0x54 CMakeFiles/sampler.dir/Users/arunoda/.pico-sdk/sdk/2.1.1/src/rp2_common/pico_stdio_usb/stdio_usb_descriptors.c.o
 .rodata.usbd_desc_device
                0x1000812c       0x12 CMakeFiles/sampler.dir/Users/arunoda/.pico-sdk/sdk/2.1.1/src/rp2_common/pico_stdio_usb/stdio_usb_descriptors.c.o
 .rodata.str1.4
                0x1000813e       0x14 CMakeFiles/sampler.dir/Users/arunoda/.pico-sdk/sdk/2.1.1/lib/tinyusb/src/portable/raspberrypi/rp2040/dcd_rp2040.c.o
 .rodata.str1.4
                0x1000813e       0x48 CMakeFiles/sampler.dir/Users/arunoda/.pico-sdk/sdk/2.1.1/lib/tinyusb/src/portable/raspberrypi/rp2040/rp2040_usb.c.o
 *fill*         0x1000813e        0x2 
 .rodata._usbd_driver
                0x10008140       0x40 CMakeFiles/sampler.dir/Users/arunoda/.pico-sdk/sdk/2.1.1/lib/tinyusb/src/device/usbd.c.o
 *(.srodata*)
                0x10008180                        . = ALIGN (0x4)
 *(SORT_BY_ALIGNMENT(SORT_BY_NAME(.flashdata*)))
                0x10008180                        . = ALIGN (0x4)

.ARM.extab
 *(.ARM.extab* .gnu.linkonce.armextab.*)
                0x10008180                        __exidx_start = .

.ARM.exidx      0x10008180        0x8
 *(.ARM.exidx* .gnu.linkonce.armexidx.*)
 .ARM.exidx     0x10008180        0x8 /Users/arunoda/.pico-sdk/toolchain/14_2_Rel1/bin/../lib/gcc/arm-none-eabi/14.2.1/../../../../arm-none-eabi/lib/thumb/v8-m.main+fp/softfp/libg.a(libc_a-memcpy.o)
                0x10008188                        __exidx_end = .
                0x10008188                        . = ALIGN (0x4)
                0x10008188                        __binary_info_start = .

.binary_info    0x10008188       0x24
 *(.binary_info.keep.*)
 .binary_info.keep.__bi_ptr84
                0x10008188        0x4 CMakeFiles/sampler.dir/Users/arunoda/.pico-sdk/sdk/2.1.1/src/rp2_common/pico_standard_binary_info/standard_binary_info.c.o
 .binary_info.keep.__bi_ptr78
                0x1000818c        0x4 CMakeFiles/sampler.dir/Users/arunoda/.pico-sdk/sdk/2.1.1/src/rp2_common/pico_standard_binary_info/standard_binary_info.c.o
 .binary_info.keep.__bi_ptr60
                0x10008190        0x4 CMakeFiles/sampler.dir/Users/arunoda/.pico-sdk/sdk/2.1.1/src/rp2_common/pico_standard_binary_info/standard_binary_info.c.o
 .binary_info.keep.__bi_ptr54
                0x10008194        0x4 CMakeFiles/sampler.dir/Users/arunoda/.pico-sdk/sdk/2.1.1/src/rp2_common/pico_standard_binary_info/standard_binary_info.c.o
 .binary_info.keep.__bi_ptr48
                0x10008198        0x4 CMakeFiles/sampler.dir/Users/arunoda/.pico-sdk/sdk/2.1.1/src/rp2_common/pico_standard_binary_info/standard_binary_info.c.o
 .binary_info.keep.__bi_ptr42
                0x1000819c        0x4 CMakeFiles/sampler.dir/Users/arunoda/.pico-sdk/sdk/2.1.1/src/rp2_common/pico_standard_binary_info/standard_binary_info.c.o
 .binary_info.keep.__bi_ptr34
                0x100081a0        0x4 CMakeFiles/sampler.dir/Users/arunoda/.pico-sdk/sdk/2.1.1/src/rp2_common/pico_standard_binary_info/standard_binary_info.c.o
 .binary_info.keep.__bi_ptr26
                0x100081a4        0x4 CMakeFiles/sampler.dir/Users/arunoda/.pico-sdk/sdk/2.1.1/src/rp2_common/pico_standard_binary_info/standard_binary_info.c.o
 *(.binary_info.*)
 .binary_info.__bi_ptr197
                0x100081a8        0x4 CMakeFiles/sampler.dir/Users/arunoda/.pico-sdk/sdk/2.1.1/src/rp2_common/pico_stdio_usb/stdio_usb.c.o
                0x100081ac                        __binary_info_end = .
                0x100081ac                        . = ALIGN (0x4)

.ram_vector_table
                0x20000000      0x110
 *(.ram_vector_table)
 .ram_vector_table
                0x20000000      0x110 CMakeFiles/sampler.dir/Users/arunoda/.pico-sdk/sdk/2.1.1/src/rp2_common/pico_runtime_init/runtime_init.c.o
                0x20000000                ram_vector_table

.uninitialized_data
                0x20000110        0x0
                0x20000110                        . = ALIGN (0x4)
 *(.uninitialized_data*)

.data           0x20000110    0x14ac8 load address 0x100081ac
                0x20000110                        __data_start__ = .
 *(vtable)
 *(.time_critical*)
 .time_critical.mutex_enter_blocking
                0x20000110       0x80 CMakeFiles/sampler.dir/Users/arunoda/.pico-sdk/sdk/2.1.1/src/common/pico_sync/mutex.c.o
                0x20000110                mutex_enter_blocking
 .time_critical.mutex_try_enter
                0x20000190       0x50 CMakeFiles/sampler.dir/Users/arunoda/.pico-sdk/sdk/2.1.1/src/common/pico_sync/mutex.c.o
                0x20000190                mutex_try_enter
 .time_critical.mutex_enter_block_until
                0x200001e0       0x6c CMakeFiles/sampler.dir/Users/arunoda/.pico-sdk/sdk/2.1.1/src/common/pico_sync/mutex.c.o
                0x200001e0                mutex_enter_block_until
 .time_critical.mutex_try_enter_block_until
                0x2000024c       0x68 CMakeFiles/sampler.dir/Users/arunoda/.pico-sdk/sdk/2.1.1/src/common/pico_sync/mutex.c.o
                0x2000024c                mutex_try_enter_block_until
 .time_critical.mutex_enter_timeout_ms
                0x200002b4       0x38 CMakeFiles/sampler.dir/Users/arunoda/.pico-sdk/sdk/2.1.1/src/common/pico_sync/mutex.c.o
                0x200002b4                mutex_enter_timeout_ms
 .time_critical.mutex_exit
                0x200002ec       0x3c CMakeFiles/sampler.dir/Users/arunoda/.pico-sdk/sdk/2.1.1/src/common/pico_sync/mutex.c.o
                0x200002ec                mutex_exit
 .time_critical.reset_non_control_endpoints
                0x20000328       0x64 CMakeFiles/sampler.dir/Users/arunoda/.pico-sdk/sdk/2.1.1/lib/tinyusb/src/portable/raspberrypi/rp2040/dcd_rp2040.c.o
 .time_critical.hw_handle_buff_status
                0x2000038c       0x90 CMakeFiles/sampler.dir/Users/arunoda/.pico-sdk/sdk/2.1.1/lib/tinyusb/src/portable/raspberrypi/rp2040/dcd_rp2040.c.o
 .time_critical.dcd_rp2040_irq
                0x2000041c      0x530 CMakeFiles/sampler.dir/Users/arunoda/.pico-sdk/sdk/2.1.1/lib/tinyusb/src/portable/raspberrypi/rp2040/dcd_rp2040.c.o
 .time_critical.prepare_ep_buffer
                0x2000094c       0xc0 CMakeFiles/sampler.dir/Users/arunoda/.pico-sdk/sdk/2.1.1/lib/tinyusb/src/portable/raspberrypi/rp2040/rp2040_usb.c.o
 .time_critical.sync_ep_buffer
                0x20000a0c       0xb4 CMakeFiles/sampler.dir/Users/arunoda/.pico-sdk/sdk/2.1.1/lib/tinyusb/src/portable/raspberrypi/rp2040/rp2040_usb.c.o
 .time_critical._hw_endpoint_xfer_sync
                0x20000ac0       0x2c CMakeFiles/sampler.dir/Users/arunoda/.pico-sdk/sdk/2.1.1/lib/tinyusb/src/portable/raspberrypi/rp2040/rp2040_usb.c.o
 .time_critical.e15_is_bulkin_ep
                0x20000aec       0x28 CMakeFiles/sampler.dir/Users/arunoda/.pico-sdk/sdk/2.1.1/lib/tinyusb/src/portable/raspberrypi/rp2040/rp2040_usb.c.o
 .time_critical.e15_is_critical_frame_period
                0x20000b14       0x28 CMakeFiles/sampler.dir/Users/arunoda/.pico-sdk/sdk/2.1.1/lib/tinyusb/src/portable/raspberrypi/rp2040/rp2040_usb.c.o
 .time_critical.hw_endpoint_reset_transfer
                0x20000b3c        0xc CMakeFiles/sampler.dir/Users/arunoda/.pico-sdk/sdk/2.1.1/lib/tinyusb/src/portable/raspberrypi/rp2040/rp2040_usb.c.o
                0x20000b3c                hw_endpoint_reset_transfer
 .time_critical._hw_endpoint_buffer_control_update32
                0x20000b48       0x44 CMakeFiles/sampler.dir/Users/arunoda/.pico-sdk/sdk/2.1.1/lib/tinyusb/src/portable/raspberrypi/rp2040/rp2040_usb.c.o
                0x20000b48                _hw_endpoint_buffer_control_update32
 .time_critical.hw_endpoint_start_next_buffer
                0x20000b8c       0x64 CMakeFiles/sampler.dir/Users/arunoda/.pico-sdk/sdk/2.1.1/lib/tinyusb/src/portable/raspberrypi/rp2040/rp2040_usb.c.o
                0x20000b8c                hw_endpoint_start_next_buffer
 .time_critical.hw_endpoint_xfer_continue
                0x20000bf0       0x3c CMakeFiles/sampler.dir/Users/arunoda/.pico-sdk/sdk/2.1.1/lib/tinyusb/src/portable/raspberrypi/rp2040/rp2040_usb.c.o
                0x20000bf0                hw_endpoint_xfer_continue
 .time_critical.tinyusb
                0x20000c2c      0x224 CMakeFiles/sampler.dir/Users/arunoda/.pico-sdk/sdk/2.1.1/lib/tinyusb/src/device/usbd.c.o
                0x20000c2c                dcd_event_handler
 *(.text*)
 .text          0x20000e50      0x378 /Users/arunoda/.pico-sdk/toolchain/14_2_Rel1/bin/../lib/gcc/arm-none-eabi/14.2.1/thumb/v8-m.main+fp/softfp/libgcc.a(_arm_addsubdf3.o)
                0x20000e50                __aeabi_drsub
                0x20000e58                __subdf3
                0x20000e58                __aeabi_dsub
                0x20000e5c                __aeabi_dadd
                0x20000e5c                __adddf3
                0x200010d4                __aeabi_ui2d
                0x200010d4                __floatunsidf
                0x200010f4                __floatsidf
                0x200010f4                __aeabi_i2d
                0x20001118                __extendsfdf2
                0x20001118                __aeabi_f2d
                0x2000115c                __aeabi_ul2d
                0x2000115c                __floatundidf
                0x2000116c                __aeabi_l2d
                0x2000116c                __floatdidf
 .text.__stub   0x200011c8       0x30 linker stubs
                0x200011f8                        . = ALIGN (0x4)
 *(.rodata*)
                0x200011f8                        . = ALIGN (0x4)
 *(.data*)
 .data.applyFilters
                0x200011f8        0x1 CMakeFiles/sampler.dir/main.cpp.o
                0x200011f8                applyFilters
 *fill*         0x200011f9        0x3 
 .data.SAMPLE_VELOCITY
                0x200011fc        0x8 CMakeFiles/sampler.dir/main.cpp.o
                0x200011fc                SAMPLE_VELOCITY
 .data.SAMPLE_PLAYHEAD
                0x20001204        0x8 CMakeFiles/sampler.dir/main.cpp.o
                0x20001204                SAMPLE_PLAYHEAD
 .data.SAMPLES  0x2000120c        0x8 CMakeFiles/sampler.dir/main.cpp.o
                0x2000120c                SAMPLES
 .data.s02_wav_len
                0x20001214        0x4 CMakeFiles/sampler.dir/main.cpp.o
                0x20001214                s02_wav_len
 .data.s02_wav  0x20001218     0x920c CMakeFiles/sampler.dir/main.cpp.o
                0x20001218                s02_wav
 .data.s01_wav_len
                0x2000a424        0x4 CMakeFiles/sampler.dir/main.cpp.o
                0x2000a424                s01_wav_len
 .data.s01_wav  0x2000a428     0xa1ac CMakeFiles/sampler.dir/main.cpp.o
                0x2000a428                s01_wav
 .data.striped_spin_lock_num
                0x200145d4        0x1 CMakeFiles/sampler.dir/Users/arunoda/.pico-sdk/sdk/2.1.1/src/rp2_common/hardware_sync/sync.c.o
 *fill*         0x200145d5        0x3 
 .data          0x200145d8       0x48 CMakeFiles/sampler.dir/Users/arunoda/.pico-sdk/sdk/2.1.1/src/rp2_common/hardware_irq/irq_handler_chain.S.o
                0x200145d8                irq_handler_chain_slots
                0x20014608                irq_handler_chain_first_slot
                0x20014612                irq_handler_chain_remove_tail
 .data.default_alarm_pool
                0x20014620       0x18 CMakeFiles/sampler.dir/Users/arunoda/.pico-sdk/sdk/2.1.1/src/common/pico_time/time.c.o
 .data.stdio_usb
                0x20014638       0x18 CMakeFiles/sampler.dir/Users/arunoda/.pico-sdk/sdk/2.1.1/src/rp2_common/pico_stdio_usb/stdio_usb.c.o
                0x20014638                stdio_usb
 .data._usbd_qdef
                0x20014650       0x1c CMakeFiles/sampler.dir/Users/arunoda/.pico-sdk/sdk/2.1.1/lib/tinyusb/src/device/usbd.c.o
                0x20014650                _usbd_qdef
 .data._usbd_rhport
                0x2001466c        0x1 CMakeFiles/sampler.dir/Users/arunoda/.pico-sdk/sdk/2.1.1/lib/tinyusb/src/device/usbd.c.o
 *fill*         0x2001466d        0x3 
 .data.__malloc_sbrk_base
                0x20014670        0x4 /Users/arunoda/.pico-sdk/toolchain/14_2_Rel1/bin/../lib/gcc/arm-none-eabi/14.2.1/../../../../arm-none-eabi/lib/thumb/v8-m.main+fp/softfp/libg.a(libc_a-mallocr.o)
                0x20014670                __malloc_sbrk_base
 .data.__malloc_trim_threshold
                0x20014674        0x4 /Users/arunoda/.pico-sdk/toolchain/14_2_Rel1/bin/../lib/gcc/arm-none-eabi/14.2.1/../../../../arm-none-eabi/lib/thumb/v8-m.main+fp/softfp/libg.a(libc_a-mallocr.o)
                0x20014674                __malloc_trim_threshold
 .data.__malloc_av_
                0x20014678      0x408 /Users/arunoda/.pico-sdk/toolchain/14_2_Rel1/bin/../lib/gcc/arm-none-eabi/14.2.1/../../../../arm-none-eabi/lib/thumb/v8-m.main+fp/softfp/libg.a(libc_a-mallocr.o)
                0x20014678                __malloc_av_
 .data._impure_ptr
                0x20014a80        0x4 /Users/arunoda/.pico-sdk/toolchain/14_2_Rel1/bin/../lib/gcc/arm-none-eabi/14.2.1/../../../../arm-none-eabi/lib/thumb/v8-m.main+fp/softfp/libg.a(libc_a-impure.o)
                0x20014a80                _impure_ptr
 *fill*         0x20014a84        0x4 
 .data._impure_data
                0x20014a88      0x140 /Users/arunoda/.pico-sdk/toolchain/14_2_Rel1/bin/../lib/gcc/arm-none-eabi/14.2.1/../../../../arm-none-eabi/lib/thumb/v8-m.main+fp/softfp/libg.a(libc_a-impure.o)
                0x20014a88                _impure_data
 *(.sdata*)
                0x20014bc8                        . = ALIGN (0x4)
 *(.after_data.*)
                0x20014bc8                        . = ALIGN (0x4)
                0x20014bc8                        PROVIDE (__mutex_array_start = .)
 *(SORT_BY_NAME(.mutex_array.*))
 *(.mutex_array)
 .mutex_array   0x20014bc8        0x8 CMakeFiles/sampler.dir/Users/arunoda/.pico-sdk/sdk/2.1.1/src/rp2_common/pico_malloc/malloc.c.o
 .mutex_array   0x20014bd0        0x8 CMakeFiles/sampler.dir/Users/arunoda/.pico-sdk/sdk/2.1.1/src/rp2_common/pico_stdio/stdio.c.o
                0x20014bd8                        PROVIDE (__mutex_array_end = .)
 *(.jcr)
                0x20014bd8                        . = ALIGN (0x4)

.tm_clone_table
                0x20014bd8        0x0 load address 0x1001cc74
 .tm_clone_table
                0x20014bd8        0x0 /Users/arunoda/.pico-sdk/toolchain/14_2_Rel1/bin/../lib/gcc/arm-none-eabi/14.2.1/thumb/v8-m.main+fp/softfp/crtbegin.o
 .tm_clone_table
                0x20014bd8        0x0 /Users/arunoda/.pico-sdk/toolchain/14_2_Rel1/bin/../lib/gcc/arm-none-eabi/14.2.1/thumb/v8-m.main+fp/softfp/crtend.o

.igot.plt       0x20014bd8        0x0 load address 0x1001cc74
 .igot.plt      0x20014bd8        0x0 /Users/arunoda/.pico-sdk/toolchain/14_2_Rel1/bin/../lib/gcc/arm-none-eabi/14.2.1/thumb/v8-m.main+fp/softfp/crtbegin.o

.tdata          0x20014bd8        0x0 load address 0x1001cc74
                0x20014bd8                        . = ALIGN (0x4)
 *(.tdata .tdata.* .gnu.linkonce.td.*)
                0x20014bd8                        __tdata_end = .
                0x20014bd8                        PROVIDE (__data_end__ = .)
                0x100081ac                        __etext = LOADADDR (.data)

.tbss           0x20014bd8        0x0 load address 0x1001cc74
                0x20014bd8                        . = ALIGN (0x4)
                0x20014bd8                        __bss_start__ = .
                0x20014bd8                        __tls_base = .
 *(.tbss .tbss.* .gnu.linkonce.tb.*)
 *(.tcommon)
                0x20014bd8                        __tls_end = .

.bss            0x20014bd8      0xeb8 load address 0x1001cc74
                0x20014bd8                        . = ALIGN (0x4)
                0x20014bd8                        __tbss_end = .
 *(SORT_BY_ALIGNMENT(SORT_BY_NAME(.bss*)))
 .bss.default_alarm_pool_entries
                0x20014bd8      0x180 CMakeFiles/sampler.dir/Users/arunoda/.pico-sdk/sdk/2.1.1/src/common/pico_time/time.c.o
 .bss.last_avail_time.1
                0x20014d58        0x8 CMakeFiles/sampler.dir/Users/arunoda/.pico-sdk/sdk/2.1.1/src/rp2_common/pico_stdio_usb/stdio_usb.c.o
 .bss.SAMPLES_LEN
                0x20014d60        0x8 CMakeFiles/sampler.dir/main.cpp.o
                0x20014d60                SAMPLES_LEN
 .bss.__lock___malloc_recursive_mutex
                0x20014d68        0x1 /Users/arunoda/.pico-sdk/toolchain/14_2_Rel1/bin/../lib/gcc/arm-none-eabi/14.2.1/../../../../arm-none-eabi/lib/thumb/v8-m.main+fp/softfp/libg.a(libc_a-lock.o)
                0x20014d68                __lock___malloc_recursive_mutex
 *fill*         0x20014d69        0x3 
 .bss.__malloc_current_mallinfo
                0x20014d6c       0x28 /Users/arunoda/.pico-sdk/toolchain/14_2_Rel1/bin/../lib/gcc/arm-none-eabi/14.2.1/../../../../arm-none-eabi/lib/thumb/v8-m.main+fp/softfp/libg.a(libc_a-mallocr.o)
                0x20014d6c                __malloc_current_mallinfo
 .bss.__malloc_max_sbrked_mem
                0x20014d94        0x4 /Users/arunoda/.pico-sdk/toolchain/14_2_Rel1/bin/../lib/gcc/arm-none-eabi/14.2.1/../../../../arm-none-eabi/lib/thumb/v8-m.main+fp/softfp/libg.a(libc_a-mallocr.o)
                0x20014d94                __malloc_max_sbrked_mem
 .bss.__malloc_max_total_mem
                0x20014d98        0x4 /Users/arunoda/.pico-sdk/toolchain/14_2_Rel1/bin/../lib/gcc/arm-none-eabi/14.2.1/../../../../arm-none-eabi/lib/thumb/v8-m.main+fp/softfp/libg.a(libc_a-mallocr.o)
                0x20014d98                __malloc_max_total_mem
 .bss.__malloc_top_pad
                0x20014d9c        0x4 /Users/arunoda/.pico-sdk/toolchain/14_2_Rel1/bin/../lib/gcc/arm-none-eabi/14.2.1/../../../../arm-none-eabi/lib/thumb/v8-m.main+fp/softfp/libg.a(libc_a-mallocr.o)
                0x20014d9c                __malloc_top_pad
 .bss.__sf      0x20014da0      0x138 /Users/arunoda/.pico-sdk/toolchain/14_2_Rel1/bin/../lib/gcc/arm-none-eabi/14.2.1/../../../../arm-none-eabi/lib/thumb/v8-m.main+fp/softfp/libg.a(libc_a-findfp.o)
                0x20014da0                __sf
 .bss._app_driver
                0x20014ed8        0x4 CMakeFiles/sampler.dir/Users/arunoda/.pico-sdk/sdk/2.1.1/lib/tinyusb/src/device/usbd.c.o
 .bss._cdcd_epbuf
                0x20014edc       0x80 CMakeFiles/sampler.dir/Users/arunoda/.pico-sdk/sdk/2.1.1/lib/tinyusb/src/class/cdc/cdc_device.c.o
 .bss._cdcd_fifo_cfg
                0x20014f5c        0x1 CMakeFiles/sampler.dir/Users/arunoda/.pico-sdk/sdk/2.1.1/lib/tinyusb/src/class/cdc/cdc_device.c.o
 *fill*         0x20014f5d        0x3 
 .bss._cdcd_itf
                0x20014f60       0xc8 CMakeFiles/sampler.dir/Users/arunoda/.pico-sdk/sdk/2.1.1/lib/tinyusb/src/class/cdc/cdc_device.c.o
 .bss._ctrl_epbuf
                0x20015028       0x40 CMakeFiles/sampler.dir/Users/arunoda/.pico-sdk/sdk/2.1.1/lib/tinyusb/src/device/usbd_control.c.o
 .bss._ctrl_xfer
                0x20015068       0x14 CMakeFiles/sampler.dir/Users/arunoda/.pico-sdk/sdk/2.1.1/lib/tinyusb/src/device/usbd_control.c.o
 .bss._sw_spin_locks
                0x2001507c       0x20 CMakeFiles/sampler.dir/Users/arunoda/.pico-sdk/sdk/2.1.1/src/rp2_common/hardware_sync_spin_lock/sync_spin_lock.c.o
                0x2001507c                _sw_spin_locks
 .bss._tusb_rhport_role
                0x2001509c        0x2 CMakeFiles/sampler.dir/Users/arunoda/.pico-sdk/sdk/2.1.1/lib/tinyusb/src/tusb.c.o
                0x2001509c                _tusb_rhport_role
 *fill*         0x2001509e        0x2 
 .bss._ubsd_mutexdef
                0x200150a0        0x8 CMakeFiles/sampler.dir/Users/arunoda/.pico-sdk/sdk/2.1.1/lib/tinyusb/src/device/usbd.c.o
 .bss._usbd_dev
                0x200150a8       0x54 CMakeFiles/sampler.dir/Users/arunoda/.pico-sdk/sdk/2.1.1/lib/tinyusb/src/device/usbd.c.o
 .bss._usbd_mutex
                0x200150fc        0x4 CMakeFiles/sampler.dir/Users/arunoda/.pico-sdk/sdk/2.1.1/lib/tinyusb/src/device/usbd.c.o
 .bss._usbd_q   0x20015100        0x4 CMakeFiles/sampler.dir/Users/arunoda/.pico-sdk/sdk/2.1.1/lib/tinyusb/src/device/usbd.c.o
 .bss._usbd_qdef_buf
                0x20015104       0xc0 CMakeFiles/sampler.dir/Users/arunoda/.pico-sdk/sdk/2.1.1/lib/tinyusb/src/device/usbd.c.o
                0x20015104                _usbd_qdef_buf
 .bss._used_instruction_space
                0x200151c4        0xc CMakeFiles/sampler.dir/Users/arunoda/.pico-sdk/sdk/2.1.1/src/rp2_common/hardware_pio/pio.c.o
 .bss._vendord_epbuf
                0x200151d0       0x80 CMakeFiles/sampler.dir/Users/arunoda/.pico-sdk/sdk/2.1.1/lib/tinyusb/src/class/vendor/vendor_device.c.o
 .bss._vendord_itf
                0x20015250      0x24c CMakeFiles/sampler.dir/Users/arunoda/.pico-sdk/sdk/2.1.1/lib/tinyusb/src/class/vendor/vendor_device.c.o
 .bss.audioCS   0x2001549c        0x8 CMakeFiles/sampler.dir/main.cpp.o
                0x2001549c                audioCS
 .bss.audioManager
                0x200154a4        0x4 CMakeFiles/sampler.dir/main.cpp.o
                0x200154a4                audioManager
 .bss.chars_available_callback
                0x200154a8        0x4 CMakeFiles/sampler.dir/Users/arunoda/.pico-sdk/sdk/2.1.1/src/rp2_common/pico_stdio_usb/stdio_usb.c.o
 .bss.chars_available_param
                0x200154ac        0x4 CMakeFiles/sampler.dir/Users/arunoda/.pico-sdk/sdk/2.1.1/src/rp2_common/pico_stdio_usb/stdio_usb.c.o
 .bss.claimed   0x200154b0        0x4 CMakeFiles/sampler.dir/Users/arunoda/.pico-sdk/sdk/2.1.1/src/rp2_common/hardware_sync/sync.c.o
 .bss.claimed   0x200154b4        0x2 CMakeFiles/sampler.dir/Users/arunoda/.pico-sdk/sdk/2.1.1/src/rp2_common/hardware_timer/timer.c.o
 *fill*         0x200154b6        0x2 
 .bss.configured_freq
                0x200154b8       0x28 CMakeFiles/sampler.dir/Users/arunoda/.pico-sdk/sdk/2.1.1/src/rp2_common/hardware_clocks/clocks.c.o
 .bss.delay     0x200154e0       0x78 CMakeFiles/sampler.dir/main.cpp.o
                0x200154e0                delay
 .bss.desc_str.0
                0x20015558       0x28 CMakeFiles/sampler.dir/Users/arunoda/.pico-sdk/sdk/2.1.1/src/rp2_common/pico_stdio_usb/stdio_usb_descriptors.c.o
 .bss.drivers   0x20015580        0x4 CMakeFiles/sampler.dir/Users/arunoda/.pico-sdk/sdk/2.1.1/src/rp2_common/pico_stdio/stdio.c.o
 .bss.e15_last_sof
                0x20015584        0x4 CMakeFiles/sampler.dir/Users/arunoda/.pico-sdk/sdk/2.1.1/lib/tinyusb/src/portable/raspberrypi/rp2040/rp2040_usb.c.o
                0x20015584                e15_last_sof
 .bss.errno     0x20015588        0x4 /Users/arunoda/.pico-sdk/toolchain/14_2_Rel1/bin/../lib/gcc/arm-none-eabi/14.2.1/../../../../arm-none-eabi/lib/thumb/v8-m.main+fp/softfp/libg.a(libc_a-reent.o)
                0x20015588                errno
 .bss.filter    0x2001558c        0x4 CMakeFiles/sampler.dir/Users/arunoda/.pico-sdk/sdk/2.1.1/src/rp2_common/pico_stdio/stdio.c.o
 .bss.g_audio_manager_instance
                0x20015590        0x4 CMakeFiles/sampler.dir/main.cpp.o
                0x20015590                g_audio_manager_instance
 .bss.heap_end.0
                0x20015594        0x4 CMakeFiles/sampler.dir/Users/arunoda/.pico-sdk/sdk/2.1.1/src/rp2_common/pico_clib_interface/newlib_interface.c.o
 .bss.highpassFilter
                0x20015598       0x34 CMakeFiles/sampler.dir/main.cpp.o
                0x20015598                highpassFilter
 .bss.hw_endpoints
                0x200155cc      0x400 CMakeFiles/sampler.dir/Users/arunoda/.pico-sdk/sdk/2.1.1/lib/tinyusb/src/portable/raspberrypi/rp2040/dcd_rp2040.c.o
 .bss.io        0x200159cc        0x4 CMakeFiles/sampler.dir/main.cpp.o
                0x200159cc                io
 .bss.io_instance
                0x200159d0        0x4 CMakeFiles/sampler.dir/main.cpp.o
                0x200159d0                io_instance
 .bss.lazy_vsnprintf
                0x200159d4        0x4 CMakeFiles/sampler.dir/Users/arunoda/.pico-sdk/sdk/2.1.1/src/rp2_common/pico_printf/printf.c.o
 .bss.load_value
                0x200159d8        0x4 CMakeFiles/sampler.dir/Users/arunoda/.pico-sdk/sdk/2.1.1/src/rp2_common/hardware_watchdog/watchdog.c.o
 .bss.lowpassFilter
                0x200159dc       0x34 CMakeFiles/sampler.dir/main.cpp.o
                0x200159dc                lowpassFilter
 .bss.midi      0x20015a10        0x4 CMakeFiles/sampler.dir/main.cpp.o
                0x20015a10                midi
 .bss.midi_instance
                0x20015a14        0x4 CMakeFiles/sampler.dir/main.cpp.o
                0x20015a14                midi_instance
 .bss.next_buffer_ptr