Archive member included to satisfy reference by file (symbol)

liblfs.a(lfs.c.o)             CMakeFiles/sampler.dir/main.cpp.o (lfs_format)
liblfs.a(lfs_util.c.o)        liblfs.a(lfs.c.o) (lfs_crc)
/Users/arunoda/.pico-sdk/toolchain/14_2_Rel1/bin/../lib/gcc/arm-none-eabi/14.2.1/../../../../arm-none-eabi/lib/thumb/v8-m.main+fp/softfp/libstdc++.a(functional.o)
                              CMakeFiles/sampler.dir/main.cpp.o (std::__throw_bad_function_call())
/Users/arunoda/.pico-sdk/toolchain/14_2_Rel1/bin/../lib/gcc/arm-none-eabi/14.2.1/../../../../arm-none-eabi/lib/thumb/v8-m.main+fp/softfp/libstdc++.a(eh_alloc.o)
                              /Users/arunoda/.pico-sdk/toolchain/14_2_Rel1/bin/../lib/gcc/arm-none-eabi/14.2.1/../../../../arm-none-eabi/lib/thumb/v8-m.main+fp/softfp/libstdc++.a(functional.o) (__cxa_allocate_exception)
/Users/arunoda/.pico-sdk/toolchain/14_2_Rel1/bin/../lib/gcc/arm-none-eabi/14.2.1/../../../../arm-none-eabi/lib/thumb/v8-m.main+fp/softfp/libstdc++.a(eh_exception.o)
                              /Users/arunoda/.pico-sdk/toolchain/14_2_Rel1/bin/../lib/gcc/arm-none-eabi/14.2.1/../../../../arm-none-eabi/lib/thumb/v8-m.main+fp/softfp/libstdc++.a(functional.o) (std::exception::~exception())
/Users/arunoda/.pico-sdk/toolchain/14_2_Rel1/bin/../lib/gcc/arm-none-eabi/14.2.1/../../../../arm-none-eabi/lib/thumb/v8-m.main+fp/softfp/libstdc++.a(eh_terminate.o)
                              /Users/arunoda/.pico-sdk/toolchain/14_2_Rel1/bin/../lib/gcc/arm-none-eabi/14.2.1/../../../../arm-none-eabi/lib/thumb/v8-m.main+fp/softfp/libstdc++.a(eh_alloc.o) (std::terminate())
/Users/arunoda/.pico-sdk/toolchain/14_2_Rel1/bin/../lib/gcc/arm-none-eabi/14.2.1/../../../../arm-none-eabi/lib/thumb/v8-m.main+fp/softfp/libstdc++.a(eh_throw.o)
                              /Users/arunoda/.pico-sdk/toolchain/14_2_Rel1/bin/../lib/gcc/arm-none-eabi/14.2.1/../../../../arm-none-eabi/lib/thumb/v8-m.main+fp/softfp/libstdc++.a(functional.o) (__cxa_throw)
/Users/arunoda/.pico-sdk/toolchain/14_2_Rel1/bin/../lib/gcc/arm-none-eabi/14.2.1/../../../../arm-none-eabi/lib/thumb/v8-m.main+fp/softfp/libstdc++.a(eh_unex_handler.o)
                              /Users/arunoda/.pico-sdk/toolchain/14_2_Rel1/bin/../lib/gcc/arm-none-eabi/14.2.1/../../../../arm-none-eabi/lib/thumb/v8-m.main+fp/softfp/libstdc++.a(eh_terminate.o) (__cxxabiv1::__unexpected_handler)
/Users/arunoda/.pico-sdk/toolchain/14_2_Rel1/bin/../lib/gcc/arm-none-eabi/14.2.1/../../../../arm-none-eabi/lib/thumb/v8-m.main+fp/softfp/libstdc++.a(si_class_type_info.o)
                              /Users/arunoda/.pico-sdk/toolchain/14_2_Rel1/bin/../lib/gcc/arm-none-eabi/14.2.1/../../../../arm-none-eabi/lib/thumb/v8-m.main+fp/softfp/libstdc++.a(functional.o) (vtable for __cxxabiv1::__si_class_type_info)
/Users/arunoda/.pico-sdk/toolchain/14_2_Rel1/bin/../lib/gcc/arm-none-eabi/14.2.1/../../../../arm-none-eabi/lib/thumb/v8-m.main+fp/softfp/libstdc++.a(tinfo.o)
                              /Users/arunoda/.pico-sdk/toolchain/14_2_Rel1/bin/../lib/gcc/arm-none-eabi/14.2.1/../../../../arm-none-eabi/lib/thumb/v8-m.main+fp/softfp/libstdc++.a(si_class_type_info.o) (std::type_info::__is_pointer_p() const)
/Users/arunoda/.pico-sdk/toolchain/14_2_Rel1/bin/../lib/gcc/arm-none-eabi/14.2.1/../../../../arm-none-eabi/lib/thumb/v8-m.main+fp/softfp/libstdc++.a(vterminate.o)
                              /Users/arunoda/.pico-sdk/toolchain/14_2_Rel1/bin/../lib/gcc/arm-none-eabi/14.2.1/../../../../arm-none-eabi/lib/thumb/v8-m.main+fp/softfp/libstdc++.a(eh_terminate.o) (__gnu_cxx::__verbose_terminate_handler())
/Users/arunoda/.pico-sdk/toolchain/14_2_Rel1/bin/../lib/gcc/arm-none-eabi/14.2.1/../../../../arm-none-eabi/lib/thumb/v8-m.main+fp/softfp/libstdc++.a(class_type_info.o)
                              /Users/arunoda/.pico-sdk/toolchain/14_2_Rel1/bin/../lib/gcc/arm-none-eabi/14.2.1/../../../../arm-none-eabi/lib/thumb/v8-m.main+fp/softfp/libstdc++.a(si_class_type_info.o) (__cxxabiv1::__class_type_info::__do_upcast(__cxxabiv1::__class_type_info const*, void**) const)
/Users/arunoda/.pico-sdk/toolchain/14_2_Rel1/bin/../lib/gcc/arm-none-eabi/14.2.1/../../../../arm-none-eabi/lib/thumb/v8-m.main+fp/softfp/libstdc++.a(cp-demangle.o)
                              /Users/arunoda/.pico-sdk/toolchain/14_2_Rel1/bin/../lib/gcc/arm-none-eabi/14.2.1/../../../../arm-none-eabi/lib/thumb/v8-m.main+fp/softfp/libstdc++.a(vterminate.o) (__cxa_demangle)
/Users/arunoda/.pico-sdk/toolchain/14_2_Rel1/bin/../lib/gcc/arm-none-eabi/14.2.1/../../../../arm-none-eabi/lib/thumb/v8-m.main+fp/softfp/libstdc++.a(eh_arm.o)
                              /Users/arunoda/.pico-sdk/toolchain/14_2_Rel1/bin/../lib/gcc/arm-none-eabi/14.2.1/../../../../arm-none-eabi/lib/thumb/v8-m.main+fp/softfp/libstdc++.a(vterminate.o) (__cxa_end_cleanup)
/Users/arunoda/.pico-sdk/toolchain/14_2_Rel1/bin/../lib/gcc/arm-none-eabi/14.2.1/../../../../arm-none-eabi/lib/thumb/v8-m.main+fp/softfp/libstdc++.a(eh_catch.o)
[...]
Memory Configuration

Name             Origin             Length             Attributes
FLASH            0x10000000         0x00200000         xr
RAM              0x20000000         0x00080000         xrw
SCRATCH_X        0x20080000         0x00001000         xrw
SCRATCH_Y        0x20081000         0x00001000         xrw
*default*        0x00000000         0xffffffff

Linker script and memory map

LOAD /Users/arunoda/.pico-sdk/toolchain/14_2_Rel1/bin/../lib/gcc/arm-none-eabi/14.2.1/thumb/v8-m.main+fp/softfp/crti.o
LOAD /Users/arunoda/.pico-sdk/toolchain/14_2_Rel1/bin/../lib/gcc/arm-none-eabi/14.2.1/thumb/v8-m.main+fp/softfp/crtbegin.o
LOAD /Users/arunoda/.pico-sdk/toolchain/14_2_Rel1/bin/../lib/gcc/arm-none-eabi/14.2.1/../../../../arm-none-eabi/lib/thumb/v8-m.main+fp/softfp/crt0.o

.flash_begin    0x10000000        0x0
                0x10000000                        __flash_binary_start = .

.text           0x10000000    0x20808
                0x10000000                        __logical_binary_start = .
 *(.vectors)
 .vectors       0x10000000      0x124 CMakeFiles/sampler.dir/Users/arunoda/.pico-sdk/sdk/2.1.1/src/rp2_common/pico_crt0/crt0.S.o
                0x10000000                __vectors
                0x10000000                __VECTOR_TABLE
                0x10000110                __default_isrs_start
                0x10000110                isr_invalid
                0x10000112                isr_nmi
                0x10000114                isr_hardfault
                0x10000116                isr_svcall
                0x10000118                isr_pendsv
                0x1000011a                isr_systick
                0x1000011c                isr_irq5
                0x1000011c                isr_irq11
                0x1000011c                isr_irq23
                0x1000011c                isr_irq48
                0x1000011c                isr_irq35
                0x1000011c                isr_irq18
                0x1000011c                isr_irq50
                0x1000011c                isr_irq40
                0x1000011c                isr_irq28
                0x1000011c                isr_irq19
                0x1000011c                isr_irq36
                0x1000011c                isr_irq41
                0x1000011c                isr_irq0
                0x1000011c                isr_irq6
                0x1000011c                isr_irq37
                0x1000011c                isr_irq42
                0x1000011c                isr_irq22
                0x1000011c                isr_irq17
                0x1000011c                isr_irq38
                0x1000011c                isr_irq14
                0x1000011c                isr_irq2
                0x1000011c                isr_irq10
                0x1000011c                isr_irq8
                0x1000011c                isr_irq24
                0x1000011c                isr_irq46
                0x1000011c                isr_irq1
                0x1000011c                isr_irq47
                0x1000011c                isr_irq51
                0x1000011c                isr_irq7
                0x1000011c                isr_irq21
                0x1000011c                isr_irq39
                0x1000011c                isr_irq20
                0x1000011c                isr_irq15
                0x1000011c                isr_irq25
                0x1000011c                isr_irq34
                0x1000011c                isr_irq4
                0x1000011c                isr_irq16
                0x1000011c                isr_irq44
                0x1000011c                isr_irq29
                0x1000011c                isr_irq26
                0x1000011c                __default_isrs_end
                0x1000011c                isr_irq33
                0x1000011c                isr_irq3
                0x1000011c                isr_irq9
                0x1000011c                __unhandled_user_irq
                0x1000011c                isr_irq49
                0x1000011c                isr_irq13
                0x1000011c                isr_irq43
                0x1000011c                isr_irq45
                0x1000011c                isr_irq27
                0x1000011c                isr_irq32
                0x1000011c                isr_irq31
                0x1000011c                isr_irq30
                0x1000011c                isr_irq12
                0x10000122                unhandled_user_irq_num_in_r0
 *(.binary_info_header)
 .binary_info_header
                0x10000124       0x14 CMakeFiles/sampler.dir/Users/arunoda/.pico-sdk/sdk/2.1.1/src/rp2_common/pico_crt0/crt0.S.o
                0x10000138                        __binary_info_header_end = .
 *(.embedded_block)
 .embedded_block
                0x10000138       0x14 CMakeFiles/sampler.dir/Users/arunoda/.pico-sdk/sdk/2.1.1/src/rp2_common/pico_crt0/crt0.S.o
                0x1000014c                        __embedded_block_end = .
 *(.reset)
 .reset         0x1000014c       0xa0 CMakeFiles/sampler.dir/Users/arunoda/.pico-sdk/sdk/2.1.1/src/rp2_common/pico_crt0/crt0.S.o
                0x1000014c                _entry_point
 *(.init)
 .init          0x100001ec        0x4 /Users/arunoda/.pico-sdk/toolchain/14_2_Rel1/bin/../lib/gcc/arm-none-eabi/14.2.1/thumb/v8-m.main+fp/softfp/crti.o
                0x100001ec                _init
 *libgcc.a:cmse_nonsecure_call.o()
 *(EXCLUDE_FILE(*libm.a: *libc.a:*lib_a-mem*.o *libgcc.a:) .text*)
 .text.register_tm_clones
                0x100001f0       0x28 /Users/arunoda/.pico-sdk/toolchain/14_2_Rel1/bin/../lib/gcc/arm-none-eabi/14.2.1/thumb/v8-m.main+fp/softfp/crtbegin.o
 .text.frame_dummy
                0x10000218       0x24 /Users/arunoda/.pico-sdk/toolchain/14_2_Rel1/bin/../lib/gcc/arm-none-eabi/14.2.1/thumb/v8-m.main+fp/softfp/crtbegin.o
 .text._ZL10flash_syncPK10lfs_config
                0x1000023c        0x4 CMakeFiles/sampler.dir/main.cpp.o
 .text._ZNSt17_Function_handlerIFvtEPFviEE9_M_invokeERKSt9_Any_dataOt
                0x10000240        0x8 CMakeFiles/sampler.dir/main.cpp.o
                0x10000240                std::_Function_handler<void (unsigned short), void (*)(int)>::_M_invoke(std::_Any_data const&, unsigned short&&)
 .text._ZNSt17_Function_handlerIFvhhhEPS0_E9_M_invokeERKSt9_Any_dataOhS6_S6_
                0x10000248       0x14 CMakeFiles/sampler.dir/main.cpp.o
                0x10000248                std::_Function_handler<void (unsigned char, unsigned char, unsigned char), void (*)(unsigned char, unsigned char, unsigned char)>::_M_invoke(std::_Any_data const&, unsigned char&&, unsigned char&&, unsigned char&&)
 .text._ZL11flash_erasePK10lfs_configm
                0x1000025c       0x24 CMakeFiles/sampler.dir/main.cpp.o
 .text._ZL10flash_readPK10lfs_configmmPvm
                0x10000280       0x1c CMakeFiles/sampler.dir/main.cpp.o
 .text._ZL11flash_writePK10lfs_configmmPKvm
                0x1000029c       0x70 CMakeFiles/sampler.dir/main.cpp.o
 .text.adc_gpio_init
                0x1000030c       0x20 CMakeFiles/sampler.dir/main.cpp.o
 .text._ZNSt17_Function_handlerIFvtEPFviEE10_M_managerERSt9_Any_dataRKS4_St18_Manager_operation
                0x1000032c       0x28 CMakeFiles/sampler.dir/main.cpp.o
                0x1000032c                std::_Function_handler<void (unsigned short), void (*)(int)>::_M_manager(std::_Any_data&, std::_Any_data const&, std::_Manager_operation)
 .text._ZNSt17_Function_handlerIFvhhhEPS0_E10_M_managerERSt9_Any_dataRKS3_St18_Manager_operation
                0x10000354       0x28 CMakeFiles/sampler.dir/main.cpp.o
                0x10000354                std::_Function_handler<void (unsigned char, unsigned char, unsigned char), void (*)(unsigned char, unsigned char, unsigned char)>::_M_manager(std::_Any_data&, std::_Any_data const&, std::_Manager_operation)
 .text._ZNSt8functionIFvhhhEEaSERKS1_.isra.0
                0x1000037c       0x58 CMakeFiles/sampler.dir/main.cpp.o
 .text._Z13audioCallbackP13AudioResponse
                0x100003d4      0x404 CMakeFiles/sampler.dir/main.cpp.o
                0x100003d4                audioCallback(AudioResponse*)
 .text._Z17bpmChangeCallbacki
                0x100007d8       0x98 CMakeFiles/sampler.dir/main.cpp.o
                0x100007d8                bpmChangeCallback(int)
 .text._Z14noteOnCallbackhhh
                0x10000870       0x8c CMakeFiles/sampler.dir/main.cpp.o
                0x10000870                noteOnCallback(unsigned char, unsigned char, unsigned char)
 *fill*         0x100008fc        0x4 
 .text._Z17cv2UpdateCallbackt
                0x10000900      0x11c CMakeFiles/sampler.dir/main.cpp.o
                0x10000900                cv2UpdateCallback(unsigned short)
 *fill*         0x10000a1c        0x4 
 .text._Z17cv1UpdateCallbackt
                0x10000a20      0x120 CMakeFiles/sampler.dir/main.cpp.o
                0x10000a20                cv1UpdateCallback(unsigned short)
 .text._Z16ccChangeCallbackhhh
                0x10000b40      0x4a0 CMakeFiles/sampler.dir/main.cpp.o
                0x10000b40                ccChangeCallback(unsigned char, unsigned char, unsigned char)
 .text._ZN3DAC4initEm
                0x10000fe0      0x1a0 CMakeFiles/sampler.dir/main.cpp.o
                0x10000fe0                DAC::init(unsigned long)
 .text._ZN12AudioManager11getInstanceEv
                0x10001180       0x34 CMakeFiles/sampler.dir/main.cpp.o
                0x10001180                AudioManager::getInstance()
 .text._ZN12AudioManager10core1_mainEv
                0x100011b4       0x30 CMakeFiles/sampler.dir/main.cpp.o
                0x100011b4                AudioManager::core1_main()
 *fill*         0x100011e4        0x4 
 .text._ZN6Biquad12updateCoeffsEv
                0x100011e8       0xe0 CMakeFiles/sampler.dir/main.cpp.o
                0x100011e8                Biquad::updateCoeffs()
 .text._Z9mount_lfsv
                0x100012c8       0xb0 CMakeFiles/sampler.dir/main.cpp.o
                0x100012c8                mount_lfs()
 .text._Z14list_directoryPKc
                0x10001378       0xa4 CMakeFiles/sampler.dir/main.cpp.o
                0x10001378                list_directory(char const*)
 .text._Z13get_file_sizePKc
                0x1000141c       0x30 CMakeFiles/sampler.dir/main.cpp.o
                0x1000141c                get_file_size(char const*)
 .text._ZN2FS4initEv
                0x1000144c       0x70 CMakeFiles/sampler.dir/main.cpp.o
                0x1000144c                FS::init()
 .text._ZN5PSRAM11getInstanceEv
                0x100014bc       0x24 CMakeFiles/sampler.dir/main.cpp.o
                0x100014bc                PSRAM::getInstance()
 .text._Z17load_sample_chunkPKcjPsPj
                0x100014e0       0x94 CMakeFiles/sampler.dir/main.cpp.o
                0x100014e0                load_sample_chunk(char const*, unsigned int, short*, unsigned int*)
 .text._Z21buttonPressedCallbackb
                0x10001574       0xb8 CMakeFiles/sampler.dir/main.cpp.o
                0x10001574                buttonPressedCallback(bool)
 *fill*         0x1000162c        0x4 
 .text.startup.main
                0x10001630      0xde8 CMakeFiles/sampler.dir/main.cpp.o
                0x10001630                main
 .text.startup._GLOBAL__sub_I_io_instance
                0x10002418      0x210 CMakeFiles/sampler.dir/main.cpp.o
 .text.gpio_set_function
                0x10002628       0x3c CMakeFiles/sampler.dir/Users/arunoda/.pico-sdk/sdk/2.1.1/src/rp2_common/hardware_gpio/gpio.c.o
                0x10002628                gpio_set_function
 .text.gpio_set_pulls
                0x10002664       0x28 CMakeFiles/sampler.dir/Users/arunoda/.pico-sdk/sdk/2.1.1/src/rp2_common/hardware_gpio/gpio.c.o
                0x10002664                gpio_set_pulls
 .text.gpio_set_input_enabled
                0x1000268c       0x20 CMakeFiles/sampler.dir/Users/arunoda/.pico-sdk/sdk/2.1.1/src/rp2_common/hardware_gpio/gpio.c.o
                0x1000268c                gpio_set_input_enabled
 .text.gpio_init
                0x100026ac       0x48 CMakeFiles/sampler.dir/Users/arunoda/.pico-sdk/sdk/2.1.1/src/rp2_common/hardware_gpio/gpio.c.o
                0x100026ac                gpio_init
 .text.panic    0x100026f4       0x30 CMakeFiles/sampler.dir/Users/arunoda/.pico-sdk/sdk/2.1.1/src/rp2_common/pico_platform_panic/panic.c.o
                0x100026f4                panic
 .text.hw_claim_lock
                0x10002724       0x24 CMakeFiles/sampler.dir/Users/arunoda/.pico-sdk/sdk/2.1.1/src/common/hardware_claim/claim.c.o
                0x10002724                hw_claim_lock
 .text.hw_claim_unlock
                0x10002748       0x14 CMakeFiles/sampler.dir/Users/arunoda/.pico-sdk/sdk/2.1.1/src/common/hardware_claim/claim.c.o
                0x10002748                hw_claim_unlock
 .text.hw_claim_or_assert
                0x1000275c       0x58 CMakeFiles/sampler.dir/Users/arunoda/.pico-sdk/sdk/2.1.1/src/common/hardware_claim/claim.c.o
                0x1000275c                hw_claim_or_assert
 .text.hw_claim_unused_from_range
                0x100027b4       0x80 CMakeFiles/sampler.dir/Users/arunoda/.pico-sdk/sdk/2.1.1/src/common/hardware_claim/claim.c.o
                0x100027b4                hw_claim_unused_from_range
 .text.next_striped_spin_lock_num
                0x10002834       0x18 CMakeFiles/sampler.dir/Users/arunoda/.pico-sdk/sdk/2.1.1/src/rp2_common/hardware_sync/sync.c.o
                0x10002834                next_striped_spin_lock_num
 .text.spin_lock_claim_unused
                0x1000284c       0x20 CMakeFiles/sampler.dir/Users/arunoda/.pico-sdk/sdk/2.1.1/src/rp2_common/hardware_sync/sync.c.o
                0x1000284c                spin_lock_claim_unused
 .text.spinlock_set_extexclall
                0x1000286c       0x10 CMakeFiles/sampler.dir/Users/arunoda/.pico-sdk/sdk/2.1.1/src/rp2_common/hardware_sync_spin_lock/sync_spin_lock.c.o
 .text.spin_locks_reset
                0x1000287c       0x18 CMakeFiles/sampler.dir/Users/arunoda/.pico-sdk/sdk/2.1.1/src/rp2_common/hardware_sync_spin_lock/sync_spin_lock.c.o
                0x1000287c                spin_locks_reset
 .text.runtime_init_per_core_irq_priorities
                0x10002894       0x40 CMakeFiles/sampler.dir/Users/arunoda/.pico-sdk/sdk/2.1.1/src/rp2_common/hardware_irq/irq.c.o
                0x10002894                runtime_init_per_core_irq_priorities
 .text.irq_set_enabled
                0x100028d4       0x2c CMakeFiles/sampler.dir/Users/arunoda/.pico-sdk/sdk/2.1.1/src/rp2_common/hardware_irq/irq.c.o
                0x100028d4                irq_set_enabled
 .text.irq_is_enabled
                0x10002900       0x20 CMakeFiles/sampler.dir/Users/arunoda/.pico-sdk/sdk/2.1.1/src/rp2_common/hardware_irq/irq.c.o
                0x10002900                irq_is_enabled
 .text.irq_set_pending
                0x10002920       0x18 CMakeFiles/sampler.dir/Users/arunoda/.pico-sdk/sdk/2.1.1/src/rp2_common/hardware_irq/irq.c.o
                0x10002920                irq_set_pending
 .text.irq_has_shared_handler
                0x10002938       0x20 CMakeFiles/sampler.dir/Users/arunoda/.pico-sdk/sdk/2.1.1/src/rp2_common/hardware_irq/irq.c.o
                0x10002938                irq_has_shared_handler
 .text.irq_set_exclusive_handler
                0x10002958       0x60 CMakeFiles/sampler.dir/Users/arunoda/.pico-sdk/sdk/2.1.1/src/rp2_common/hardware_irq/irq.c.o
                0x10002958                irq_set_exclusive_handler
 .text.irq_add_shared_handler
                0x100029b8      0x1e8 CMakeFiles/sampler.dir/Users/arunoda/.pico-sdk/sdk/2.1.1/src/rp2_common/hardware_irq/irq.c.o
                0x100029b8                irq_add_shared_handler
 .text.irq_add_tail_to_free_list
                0x10002ba0       0xbc CMakeFiles/sampler.dir/Users/arunoda/.pico-sdk/sdk/2.1.1/src/rp2_common/hardware_irq/irq.c.o
                0x10002ba0                irq_add_tail_to_free_list
 .text.user_irq_claim_unused
                0x10002c5c       0x28 CMakeFiles/sampler.dir/Users/arunoda/.pico-sdk/sdk/2.1.1/src/rp2_common/hardware_irq/irq.c.o
                0x10002c5c                user_irq_claim_unused
 .text.lock_init
                0x10002c84        0xc CMakeFiles/sampler.dir/Users/arunoda/.pico-sdk/sdk/2.1.1/src/common/pico_sync/lock_core.c.o
                0x10002c84                lock_init
 .text.runtime_init_mutex
                0x10002c90       0x4c CMakeFiles/sampler.dir/Users/arunoda/.pico-sdk/sdk/2.1.1/src/common/pico_sync/mutex.c.o
                0x10002c90                runtime_init_mutex
 .text.mutex_init
                0x10002cdc       0x1c CMakeFiles/sampler.dir/Users/arunoda/.pico-sdk/sdk/2.1.1/src/common/pico_sync/mutex.c.o
                0x10002cdc                mutex_init
 .text.critical_section_init
                0x10002cf8       0x1c CMakeFiles/sampler.dir/Users/arunoda/.pico-sdk/sdk/2.1.1/src/common/pico_sync/critical_section.c.o
                0x10002cf8                critical_section_init
 .text.critical_section_init_with_lock_num
                0x10002d14       0x10 CMakeFiles/sampler.dir/Users/arunoda/.pico-sdk/sdk/2.1.1/src/common/pico_sync/critical_section.c.o
                0x10002d14                critical_section_init_with_lock_num
 .text.sleep_until_callback
                0x10002d24       0x3c CMakeFiles/sampler.dir/Users/arunoda/.pico-sdk/sdk/2.1.1/src/common/pico_time/time.c.o
 .text.alarm_pool_irq_handler
                0x10002d60      0x2f0 CMakeFiles/sampler.dir/Users/arunoda/.pico-sdk/sdk/2.1.1/src/common/pico_time/time.c.o
 .text.runtime_init_default_alarm_pool
                0x10003050      0x100 CMakeFiles/sampler.dir/Users/arunoda/.pico-sdk/sdk/2.1.1/src/common/pico_time/time.c.o
                0x10003050                runtime_init_default_alarm_pool
 .text.alarm_pool_get_default
                0x10003150        0x8 CMakeFiles/sampler.dir/Users/arunoda/.pico-sdk/sdk/2.1.1/src/common/pico_time/time.c.o
                0x10003150                alarm_pool_get_default
 .text.alarm_pool_add_alarm_at
                0x10003158       0xdc CMakeFiles/sampler.dir/Users/arunoda/.pico-sdk/sdk/2.1.1/src/common/pico_time/time.c.o
                0x10003158                alarm_pool_add_alarm_at
 .text.alarm_pool_add_alarm_at_force_in_context
                0x10003234       0xc8 CMakeFiles/sampler.dir/Users/arunoda/.pico-sdk/sdk/2.1.1/src/common/pico_time/time.c.o
                0x10003234                alarm_pool_add_alarm_at_force_in_context
 .text.alarm_pool_cancel_alarm
                0x100032fc       0x80 CMakeFiles/sampler.dir/Users/arunoda/.pico-sdk/sdk/2.1.1/src/common/pico_time/time.c.o
                0x100032fc                alarm_pool_cancel_alarm
 .text.alarm_pool_core_num
                0x1000337c        0x4 CMakeFiles/sampler.dir/Users/arunoda/.pico-sdk/sdk/2.1.1/src/common/pico_time/time.c.o
                0x1000337c                alarm_pool_core_num
 .text.best_effort_wfe_or_timeout
                0x10003380       0xd4 CMakeFiles/sampler.dir/Users/arunoda/.pico-sdk/sdk/2.1.1/src/common/pico_time/time.c.o
                0x10003380                best_effort_wfe_or_timeout
 .text.timer_hardware_alarm_claim
                0x10003454       0x24 CMakeFiles/sampler.dir/Users/arunoda/.pico-sdk/sdk/2.1.1/src/rp2_common/hardware_timer/timer.c.o
                0x10003454                timer_hardware_alarm_claim
 .text.timer_time_us_64
                0x10003478       0x10 CMakeFiles/sampler.dir/Users/arunoda/.pico-sdk/sdk/2.1.1/src/rp2_common/hardware_timer/timer.c.o
                0x10003478                timer_time_us_64
 .text.time_us_64
                0x10003488       0x14 CMakeFiles/sampler.dir/Users/arunoda/.pico-sdk/sdk/2.1.1/src/rp2_common/hardware_timer/timer.c.o
                0x10003488                time_us_64
 .text.busy_wait_us
                0x1000349c       0x5c CMakeFiles/sampler.dir/Users/arunoda/.pico-sdk/sdk/2.1.1/src/rp2_common/hardware_timer/timer.c.o
                0x1000349c                busy_wait_us
 .text.uart_init
                0x100034f8      0x104 CMakeFiles/sampler.dir/Users/arunoda/.pico-sdk/sdk/2.1.1/src/rp2_common/hardware_uart/uart.c.o
                0x100034f8                uart_init
 .text.uart_set_format
                0x100035fc       0x70 CMakeFiles/sampler.dir/Users/arunoda/.pico-sdk/sdk/2.1.1/src/rp2_common/hardware_uart/uart.c.o
                0x100035fc                uart_set_format
 .text.uart_set_fifo_enabled
                0x1000366c       0x58 CMakeFiles/sampler.dir/Users/arunoda/.pico-sdk/sdk/2.1.1/src/rp2_common/hardware_uart/uart.c.o
                0x1000366c                uart_set_fifo_enabled
 .text.clock_configure_undivided
                0x100036c4       0xd0 CMakeFiles/sampler.dir/Users/arunoda/.pico-sdk/sdk/2.1.1/src/rp2_common/hardware_clocks/clocks.c.o
                0x100036c4                clock_configure_undivided
 .text.clock_get_hz
                0x10003794        0xc CMakeFiles/sampler.dir/Users/arunoda/.pico-sdk/sdk/2.1.1/src/rp2_common/hardware_clocks/clocks.c.o
                0x10003794                clock_get_hz
 .text.set_sys_clock_pll
                0x100037a0      0x184 CMakeFiles/sampler.dir/Users/arunoda/.pico-sdk/sdk/2.1.1/src/rp2_common/hardware_clocks/clocks.c.o
                0x100037a0                set_sys_clock_pll
 .text.check_sys_clock_khz
                0x10003924      0x19c CMakeFiles/sampler.dir/Users/arunoda/.pico-sdk/sdk/2.1.1/src/rp2_common/hardware_clocks/clocks.c.o
                0x10003924                check_sys_clock_khz
 .text.pll_init
                0x10003ac0       0x8c CMakeFiles/sampler.dir/Users/arunoda/.pico-sdk/sdk/2.1.1/src/rp2_common/hardware_pll/pll.c.o
                0x10003ac0                pll_init
 .text.watchdog_reboot
                0x10003b4c       0x98 CMakeFiles/sampler.dir/Users/arunoda/.pico-sdk/sdk/2.1.1/src/rp2_common/hardware_watchdog/watchdog.c.o
                0x10003b4c                watchdog_reboot
 .text.tick_start
                0x10003be4       0x18 CMakeFiles/sampler.dir/Users/arunoda/.pico-sdk/sdk/2.1.1/src/rp2_common/hardware_ticks/ticks.c.o
                0x10003be4                tick_start
 .text.rom_reboot.constprop.0.isra.0
                0x10003bfc       0x34 CMakeFiles/sampler.dir/Users/arunoda/.pico-sdk/sdk/2.1.1/src/rp2_common/pico_bootrom/bootrom.c.o
 .text.rom_func_lookup
                0x10003c30       0x18 CMakeFiles/sampler.dir/Users/arunoda/.pico-sdk/sdk/2.1.1/src/rp2_common/pico_bootrom/bootrom.c.o
                0x10003c30                rom_func_lookup
 .text.rom_reset_usb_boot_extra
                0x10003c48       0x1c CMakeFiles/sampler.dir/Users/arunoda/.pico-sdk/sdk/2.1.1/src/rp2_common/pico_bootrom/bootrom.c.o
                0x10003c48                rom_reset_usb_boot_extra
 .text.runtime_init_bootrom_locking_enable
                0x10003c64       0x14 CMakeFiles/sampler.dir/Users/arunoda/.pico-sdk/sdk/2.1.1/src/rp2_common/pico_bootrom/bootrom_lock.c.o
                0x10003c64                runtime_init_bootrom_locking_enable
 .text.runtime_init_boot_locks_reset
                0x10003c78       0x1c CMakeFiles/sampler.dir/Users/arunoda/.pico-sdk/sdk/2.1.1/src/rp2_common/hardware_boot_lock/boot_lock.c.o
                0x10003c78                runtime_init_boot_locks_reset
 .text.xosc_init
                0x10003c94       0x30 CMakeFiles/sampler.dir/Users/arunoda/.pico-sdk/sdk/2.1.1/src/rp2_common/hardware_xosc/xosc.c.o
                0x10003c94                xosc_init
 .text.first_per_core_initializer
                0x10003cc4        0x4 CMakeFiles/sampler.dir/Users/arunoda/.pico-sdk/sdk/2.1.1/src/rp2_common/pico_runtime/runtime.c.o
 .text.hard_assertion_failure
                0x10003cc8        0xc CMakeFiles/sampler.dir/Users/arunoda/.pico-sdk/sdk/2.1.1/src/rp2_common/pico_runtime/runtime.c.o
                0x10003cc8                hard_assertion_failure
 .text.runtime_run_initializers
                0x10003cd4       0x20 CMakeFiles/sampler.dir/Users/arunoda/.pico-sdk/sdk/2.1.1/src/rp2_common/pico_runtime/runtime.c.o
                0x10003cd4                runtime_run_initializers
 .text.runtime_run_per_core_initializers
                0x10003cf4       0x20 CMakeFiles/sampler.dir/Users/arunoda/.pico-sdk/sdk/2.1.1/src/rp2_common/pico_runtime/runtime.c.o
                0x10003cf4                runtime_run_per_core_initializers
 .text.runtime_init_early_resets
                0x10003d14       0x34 CMakeFiles/sampler.dir/Users/arunoda/.pico-sdk/sdk/2.1.1/src/rp2_common/pico_runtime_init/runtime_init.c.o
                0x10003d14                runtime_init_early_resets
 .text.runtime_init_usb_power_down
                0x10003d48       0x1c CMakeFiles/sampler.dir/Users/arunoda/.pico-sdk/sdk/2.1.1/src/rp2_common/pico_runtime_init/runtime_init.c.o
                0x10003d48                runtime_init_usb_power_down
 .text.runtime_init_per_core_enable_coprocessors
                0x10003d64       0x1c CMakeFiles/sampler.dir/Users/arunoda/.pico-sdk/sdk/2.1.1/src/rp2_common/pico_runtime_init/runtime_init.c.o
                0x10003d64                runtime_init_per_core_enable_coprocessors
 .text.runtime_init_post_clock_resets
                0x10003d80       0x20 CMakeFiles/sampler.dir/Users/arunoda/.pico-sdk/sdk/2.1.1/src/rp2_common/pico_runtime_init/runtime_init.c.o
                0x10003d80                runtime_init_post_clock_resets
 .text.runtime_init_bootrom_reset
                0x10003da0       0x14 CMakeFiles/sampler.dir/Users/arunoda/.pico-sdk/sdk/2.1.1/src/rp2_common/pico_runtime_init/runtime_init.c.o
                0x10003da0                runtime_init_bootrom_reset
 .text.runtime_init_per_core_bootrom_reset
                0x10003db4       0x14 CMakeFiles/sampler.dir/Users/arunoda/.pico-sdk/sdk/2.1.1/src/rp2_common/pico_runtime_init/runtime_init.c.o
                0x10003db4                runtime_init_per_core_bootrom_reset
 .text.runtime_init_spin_locks_reset
                0x10003dc8        0x4 CMakeFiles/sampler.dir/Users/arunoda/.pico-sdk/sdk/2.1.1/src/rp2_common/pico_runtime_init/runtime_init.c.o
                0x10003dc8                runtime_init_spin_locks_reset
 .text.runtime_init_install_ram_vector_table
                0x10003dcc       0x20 CMakeFiles/sampler.dir/Users/arunoda/.pico-sdk/sdk/2.1.1/src/rp2_common/pico_runtime_init/runtime_init.c.o
                0x10003dcc                runtime_init_install_ram_vector_table
 .text.runtime_init_clocks
                0x10003dec       0xdc CMakeFiles/sampler.dir/Users/arunoda/.pico-sdk/sdk/2.1.1/src/rp2_common/pico_runtime_init/runtime_init_clocks.c.o
                0x10003dec                runtime_init_clocks
 .text.__rp2350_dcp_engaged_state_save_restore
                0x10003ec8       0x3a CMakeFiles/sampler.dir/Users/arunoda/.pico-sdk/sdk/2.1.1/src/rp2_common/pico_double/double_aeabi_dcp.S.o
 *fill*         0x10003f02        0x2 
 .text.__wrap___aeabi_dadd
                0x10003f04       0x28 CMakeFiles/sampler.dir/Users/arunoda/.pico-sdk/sdk/2.1.1/src/rp2_common/pico_double/double_aeabi_dcp.S.o
                0x10003f0c                __wrap___aeabi_dadd
 .text.__wrap___aeabi_dsub
                0x10003f2c       0x28 CMakeFiles/sampler.dir/Users/arunoda/.pico-sdk/sdk/2.1.1/src/rp2_common/pico_double/double_aeabi_dcp.S.o
                0x10003f34                __wrap___aeabi_dsub
 .text.__wrap___aeabi_dmul
                0x10003f54       0x4c CMakeFiles/sampler.dir/Users/arunoda/.pico-sdk/sdk/2.1.1/src/rp2_common/pico_double/double_aeabi_dcp.S.o
                0x10003f5c                __wrap___aeabi_dmul
 .text.__wrap___aeabi_ddiv
                0x10003fa0       0x9c CMakeFiles/sampler.dir/Users/arunoda/.pico-sdk/sdk/2.1.1/src/rp2_common/pico_double/double_aeabi_dcp.S.o
                0x10003fa8                __wrap___aeabi_ddiv
 .text.__wrap___aeabi_d2f
                0x1000403c       0x1c CMakeFiles/sampler.dir/Users/arunoda/.pico-sdk/sdk/2.1.1/src/rp2_common/pico_double/double_aeabi_dcp.S.o
                0x10004044                double2float
                0x10004044                __wrap___aeabi_d2f
 .text.__wrap___aeabi_i2d
                0x10004058       0x24 CMakeFiles/sampler.dir/Users/arunoda/.pico-sdk/sdk/2.1.1/src/rp2_common/pico_double/double_aeabi_dcp.S.o
                0x10004060                __wrap___aeabi_i2d
                0x10004060                int2double
 .text.__wrap___aeabi_ui2d
                0x1000407c       0x24 CMakeFiles/sampler.dir/Users/arunoda/.pico-sdk/sdk/2.1.1/src/rp2_common/pico_double/double_aeabi_dcp.S.o
                0x10004084                __wrap___aeabi_ui2d
                0x10004084                uint2double
 .text.__wrap___aeabi_d2iz
                0x100040a0       0x24 CMakeFiles/sampler.dir/Users/arunoda/.pico-sdk/sdk/2.1.1/src/rp2_common/pico_double/double_aeabi_dcp.S.o
                0x100040a8                __wrap___aeabi_d2iz
                0x100040a8                double2int_z
 .text.__wrap___aeabi_d2uiz
                0x100040c4       0x24 CMakeFiles/sampler.dir/Users/arunoda/.pico-sdk/sdk/2.1.1/src/rp2_common/pico_double/double_aeabi_dcp.S.o
                0x100040cc                double2uint_z
                0x100040cc                double2uint
                0x100040cc                __wrap___aeabi_d2uiz
 .text.__wrap___aeabi_dcmpun
                0x100040e8       0x24 CMakeFiles/sampler.dir/Users/arunoda/.pico-sdk/sdk/2.1.1/src/rp2_common/pico_double/double_aeabi_dcp.S.o
                0x100040f0                __wrap___aeabi_dcmpun
 .text.__wrap___aeabi_dcmpeq
                0x1000410c       0x24 CMakeFiles/sampler.dir/Users/arunoda/.pico-sdk/sdk/2.1.1/src/rp2_common/pico_double/double_aeabi_dcp.S.o
                0x10004114                __wrap___aeabi_dcmpeq
 .text.__wrap___aeabi_dcmplt
                0x10004130       0x28 CMakeFiles/sampler.dir/Users/arunoda/.pico-sdk/sdk/2.1.1/src/rp2_common/pico_double/double_aeabi_dcp.S.o
                0x10004138                __wrap___aeabi_dcmplt
 .text.__wrap___aeabi_dcmple
                0x10004158       0x28 CMakeFiles/sampler.dir/Users/arunoda/.pico-sdk/sdk/2.1.1/src/rp2_common/pico_double/double_aeabi_dcp.S.o
                0x10004160                __wrap___aeabi_dcmple
 .text.__wrap___aeabi_dcmpge
                0x10004180       0x28 CMakeFiles/sampler.dir/Users/arunoda/.pico-sdk/sdk/2.1.1/src/rp2_common/pico_double/double_aeabi_dcp.S.o
                0x10004188                __wrap___aeabi_dcmpge
 .text.__wrap___aeabi_dcmpgt
                0x100041a8       0x28 CMakeFiles/sampler.dir/Users/arunoda/.pico-sdk/sdk/2.1.1/src/rp2_common/pico_double/double_aeabi_dcp.S.o
                0x100041b0                __wrap___aeabi_dcmpgt
 .text.dpack    0x100041d0       0x58 CMakeFiles/sampler.dir/Users/arunoda/.pico-sdk/sdk/2.1.1/src/rp2_common/pico_double/double_sci_m33.S.o
 .text.dreduce  0x10004228       0x7a CMakeFiles/sampler.dir/Users/arunoda/.pico-sdk/sdk/2.1.1/src/rp2_common/pico_double/double_sci_m33.S.o
 *fill*         0x100042a2        0x2 
 .text.exptab   0x100042a4      0x1fc CMakeFiles/sampler.dir/Users/arunoda/.pico-sdk/sdk/2.1.1/src/rp2_common/pico_double/double_sci_m33.S.o
                0x100042a4                exptab0
                0x10004304                exptab1
                0x10004394                exptab2
                0x10004414                logtab0
 .text.__wrap_exp
                0x100044a0      0x148 CMakeFiles/sampler.dir/Users/arunoda/.pico-sdk/sdk/2.1.1/src/rp2_common/pico_double/double_sci_m33.S.o
                0x100044ca                __wrap_exp
 .text.__wrap_log
                0x100045e8      0x358 CMakeFiles/sampler.dir/Users/arunoda/.pico-sdk/sdk/2.1.1/src/rp2_common/pico_double/double_sci_m33.S.o
                0x100047c6                __wrap_log
 .text.__wrap_conv_tod
                0x10004940      0x20c CMakeFiles/sampler.dir/Users/arunoda/.pico-sdk/sdk/2.1.1/src/rp2_common/pico_double/double_conv_m33.S.o
                0x10004940                __wrap___aeabi_l2d
                0x10004940                int642double
                0x10004942                fix642double
                0x100049e6                __wrap___aeabi_ul2d
                0x100049e6                uint642double
                0x100049e8                ufix642double
                0x10004a7c                fix2double
                0x10004aec                ufix2double
 .text.__wrap_conv_dtoi64_z
                0x10004b4c       0xa0 CMakeFiles/sampler.dir/Users/arunoda/.pico-sdk/sdk/2.1.1/src/rp2_common/pico_double/double_conv_m33.S.o
                0x10004b4c                __wrap___aeabi_d2lz
                0x10004b4c                double2int64_z
                0x10004b4e                double2fix64_z
 .text.fpow_int2
                0x10004bec       0xdc CMakeFiles/sampler.dir/Users/arunoda/.pico-sdk/sdk/2.1.1/src/rp2_common/pico_float/float_math.c.o
 .text.fpow_0   0x10004cc8       0xe8 CMakeFiles/sampler.dir/Users/arunoda/.pico-sdk/sdk/2.1.1/src/rp2_common/pico_float/float_math.c.o
 .text.__wrap_powf
                0x10004db0      0x1a0 CMakeFiles/sampler.dir/Users/arunoda/.pico-sdk/sdk/2.1.1/src/rp2_common/pico_float/float_math.c.o
                0x10004db0                __wrap_powf
 .text.__wrap_conv_tof
                0x10004f50      0x1d4 CMakeFiles/sampler.dir/Users/arunoda/.pico-sdk/sdk/2.1.1/src/rp2_common/pico_float/float_common_m33.S.o
                0x10004f50                __wrap___aeabi_l2f
                0x10004f50                int642float
                0x10004f52                fix642float
                0x10004fe0                fix2float
                0x1000504c                ufix2float
                0x100050a8                uint642float
                0x100050a8                __wrap___aeabi_ul2f
                0x100050aa                ufix642float
 .text.frrcore_v
                0x10005124       0x54 CMakeFiles/sampler.dir/Users/arunoda/.pico-sdk/sdk/2.1.1/src/rp2_common/pico_float/float_sci_m33_vfp.S.o
 .text.__wrap_fsin_fcos
                0x10005178      0x388 CMakeFiles/sampler.dir/Users/arunoda/.pico-sdk/sdk/2.1.1/src/rp2_common/pico_float/float_sci_m33_vfp.S.o
                0x10005254                __wrap_sincosf
                0x100052c0                __wrap_sinf
                0x100052c6                __wrap_cosf
 .text.__wrap_malloc
                0x10005500       0x38 CMakeFiles/sampler.dir/Users/arunoda/.pico-sdk/sdk/2.1.1/src/rp2_common/pico_malloc/malloc.c.o
                0x10005500                __wrap_malloc
 .text.__wrap_realloc
                0x10005538       0x3c CMakeFiles/sampler.dir/Users/arunoda/.pico-sdk/sdk/2.1.1/src/rp2_common/pico_malloc/malloc.c.o
                0x10005538                __wrap_realloc
 .text.__wrap_free
                0x10005574       0x20 CMakeFiles/sampler.dir/Users/arunoda/.pico-sdk/sdk/2.1.1/src/rp2_common/pico_malloc/malloc.c.o
                0x10005574                __wrap_free
 .text._Znwj    0x10005594        0x4 CMakeFiles/sampler.dir/Users/arunoda/.pico-sdk/sdk/2.1.1/src/rp2_common/pico_cxx_options/new_delete.cpp.o
                0x10005594                operator new(unsigned int)
 .text._Znaj    0x10005598        0x4 CMakeFiles/sampler.dir/Users/arunoda/.pico-sdk/sdk/2.1.1/src/rp2_common/pico_cxx_options/new_delete.cpp.o
                0x10005598                operator new[](unsigned int)
 .text._ZdlPv   0x1000559c        0x4 CMakeFiles/sampler.dir/Users/arunoda/.pico-sdk/sdk/2.1.1/src/rp2_common/pico_cxx_options/new_delete.cpp.o
                0x1000559c                operator delete(void*)
 .text._ZdaPv   0x100055a0        0x4 CMakeFiles/sampler.dir/Users/arunoda/.pico-sdk/sdk/2.1.1/src/rp2_common/pico_cxx_options/new_delete.cpp.o
                0x100055a0                operator delete[](void*)
 .text._ZdlPvj  0x100055a4        0x4 CMakeFiles/sampler.dir/Users/arunoda/.pico-sdk/sdk/2.1.1/src/rp2_common/pico_cxx_options/new_delete.cpp.o
                0x100055a4                operator delete(void*, unsigned int)
 .text._out_buffer
                0x100055a8        0x8 CMakeFiles/sampler.dir/Users/arunoda/.pico-sdk/sdk/2.1.1/src/rp2_common/pico_printf/printf.c.o
 .text._out_null
                0x100055b0        0x4 CMakeFiles/sampler.dir/Users/arunoda/.pico-sdk/sdk/2.1.1/src/rp2_common/pico_printf/printf.c.o
 .text._out_rev
                0x100055b4       0x9c CMakeFiles/sampler.dir/Users/arunoda/.pico-sdk/sdk/2.1.1/src/rp2_common/pico_printf/printf.c.o
 .text._ntoa_format
                0x10005650      0x1d4 CMakeFiles/sampler.dir/Users/arunoda/.pico-sdk/sdk/2.1.1/src/rp2_common/pico_printf/printf.c.o
 .text._out_char
                0x10005824        0x8 CMakeFiles/sampler.dir/Users/arunoda/.pico-sdk/sdk/2.1.1/src/rp2_common/pico_printf/printf.c.o
 .text._out_fct
                0x1000582c        0xc CMakeFiles/sampler.dir/Users/arunoda/.pico-sdk/sdk/2.1.1/src/rp2_common/pico_printf/printf.c.o
 .text._ftoa    0x10005838      0x4bc CMakeFiles/sampler.dir/Users/arunoda/.pico-sdk/sdk/2.1.1/src/rp2_common/pico_printf/printf.c.o
 *fill*         0x10005cf4        0x4 
 .text._etoa    0x10005cf8      0x574 CMakeFiles/sampler.dir/Users/arunoda/.pico-sdk/sdk/2.1.1/src/rp2_common/pico_printf/printf.c.o
 .text._vsnprintf
                0x1000626c      0x9e4 CMakeFiles/sampler.dir/Users/arunoda/.pico-sdk/sdk/2.1.1/src/rp2_common/pico_printf/printf.c.o
 .text.__wrap_sprintf
                0x10006c50       0x2c CMakeFiles/sampler.dir/Users/arunoda/.pico-sdk/sdk/2.1.1/src/rp2_common/pico_printf/printf.c.o
                0x10006c50                __wrap_sprintf
 .text.__wrap_snprintf
                0x10006c7c       0x2c CMakeFiles/sampler.dir/Users/arunoda/.pico-sdk/sdk/2.1.1/src/rp2_common/pico_printf/printf.c.o
                0x10006c7c                __wrap_snprintf
 .text.vfctprintf
                0x10006ca8       0x28 CMakeFiles/sampler.dir/Users/arunoda/.pico-sdk/sdk/2.1.1/src/rp2_common/pico_printf/printf.c.o
                0x10006ca8                vfctprintf
 .text.weak_raw_printf
                0x10006cd0       0x48 CMakeFiles/sampler.dir/Users/arunoda/.pico-sdk/sdk/2.1.1/src/rp2_common/pico_printf/printf.c.o
                0x10006cd0                weak_raw_printf
 .text.weak_raw_vprintf
                0x10006d18       0x30 CMakeFiles/sampler.dir/Users/arunoda/.pico-sdk/sdk/2.1.1/src/rp2_common/pico_printf/printf.c.o
                0x10006d18                weak_raw_vprintf
 .text._exit    0x10006d48        0x4 CMakeFiles/sampler.dir/Users/arunoda/.pico-sdk/sdk/2.1.1/src/rp2_common/pico_clib_interface/newlib_interface.c.o
                0x10006d48                _exit
 .text._sbrk    0x10006d4c       0x2c CMakeFiles/sampler.dir/Users/arunoda/.pico-sdk/sdk/2.1.1/src/rp2_common/pico_clib_interface/newlib_interface.c.o
                0x10006d4c                _sbrk
 .text._getpid  0x10006d78        0x4 CMakeFiles/sampler.dir/Users/arunoda/.pico-sdk/sdk/2.1.1/src/rp2_common/pico_clib_interface/newlib_interface.c.o
                0x10006d78                _getpid
 .text._kill    0x10006d7c        0x8 CMakeFiles/sampler.dir/Users/arunoda/.pico-sdk/sdk/2.1.1/src/rp2_common/pico_clib_interface/newlib_interface.c.o
                0x10006d7c                _kill
 .text._read    0x10006d84       0x1c CMakeFiles/sampler.dir/Users/arunoda/.pico-sdk/sdk/2.1.1/src/rp2_common/pico_clib_interface/newlib_interface.c.o
                0x10006d84                _read
 .text._write   0x10006da0       0x20 CMakeFiles/sampler.dir/Users/arunoda/.pico-sdk/sdk/2.1.1/src/rp2_common/pico_clib_interface/newlib_interface.c.o
                0x10006da0                _write
 .text._close   0x10006dc0        0x8 CMakeFiles/sampler.dir/Users/arunoda/.pico-sdk/sdk/2.1.1/src/rp2_common/pico_clib_interface/newlib_interface.c.o
                0x10006dc0                _close
 .text._lseek   0x10006dc8        0x8 CMakeFiles/sampler.dir/Users/arunoda/.pico-sdk/sdk/2.1.1/src/rp2_common/pico_clib_interface/newlib_interface.c.o
                0x10006dc8                _lseek
 .text._fstat   0x10006dd0        0x8 CMakeFiles/sampler.dir/Users/arunoda/.pico-sdk/sdk/2.1.1/src/rp2_common/pico_clib_interface/newlib_interface.c.o
                0x10006dd0                _fstat
 .text._isatty  0x10006dd8        0xc CMakeFiles/sampler.dir/Users/arunoda/.pico-sdk/sdk/2.1.1/src/rp2_common/pico_clib_interface/newlib_interface.c.o
                0x10006dd8                _isatty
 .text.exit     0x10006de4        0x8 CMakeFiles/sampler.dir/Users/arunoda/.pico-sdk/sdk/2.1.1/src/rp2_common/pico_clib_interface/newlib_interface.c.o
                0x10006de4                exit
 .text.__assert_func
                0x10006dec       0x34 CMakeFiles/sampler.dir/Users/arunoda/.pico-sdk/sdk/2.1.1/src/rp2_common/pico_clib_interface/newlib_interface.c.o
                0x10006dec                __assert_func
 .text.runtime_init
                0x10006e20       0x24 CMakeFiles/sampler.dir/Users/arunoda/.pico-sdk/sdk/2.1.1/src/rp2_common/pico_clib_interface/newlib_interface.c.o
                0x10006e20                runtime_init
 .text.stdio_out_chars_no_crlf
                0x10006e44        0x8 CMakeFiles/sampler.dir/Users/arunoda/.pico-sdk/sdk/2.1.1/src/rp2_common/pico_stdio/stdio.c.o
 .text.stdio_out_chars_crlf
                0x10006e4c       0xb0 CMakeFiles/sampler.dir/Users/arunoda/.pico-sdk/sdk/2.1.1/src/rp2_common/pico_stdio/stdio.c.o
 .text.stdio_buffered_printer
                0x10006efc       0x60 CMakeFiles/sampler.dir/Users/arunoda/.pico-sdk/sdk/2.1.1/src/rp2_common/pico_stdio/stdio.c.o
 .text.stdio_put_string
                0x10006f5c       0xec CMakeFiles/sampler.dir/Users/arunoda/.pico-sdk/sdk/2.1.1/src/rp2_common/pico_stdio/stdio.c.o
                0x10006f5c                stdio_put_string
 .text.stdio_get_until
                0x10007048       0x7c CMakeFiles/sampler.dir/Users/arunoda/.pico-sdk/sdk/2.1.1/src/rp2_common/pico_stdio/stdio.c.o
                0x10007048                stdio_get_until
 .text.stdio_set_driver_enabled
                0x100070c4       0x28 CMakeFiles/sampler.dir/Users/arunoda/.pico-sdk/sdk/2.1.1/src/rp2_common/pico_stdio/stdio.c.o
                0x100070c4                stdio_set_driver_enabled
 .text.stdio_init_all
                0x100070ec        0x4 CMakeFiles/sampler.dir/Users/arunoda/.pico-sdk/sdk/2.1.1/src/rp2_common/pico_stdio/stdio.c.o
                0x100070ec                stdio_init_all
 .text.stdio_getchar_timeout_us
                0x100070f0       0x8c CMakeFiles/sampler.dir/Users/arunoda/.pico-sdk/sdk/2.1.1/src/rp2_common/pico_stdio/stdio.c.o
                0x100070f0                stdio_getchar_timeout_us
 .text.__wrap_putchar
                0x1000717c       0x84 CMakeFiles/sampler.dir/Users/arunoda/.pico-sdk/sdk/2.1.1/src/rp2_common/pico_stdio/stdio.c.o
                0x1000717c                stdio_putchar
                0x1000717c                __wrap_putchar
 .text.__wrap_puts
                0x10007200       0x3c CMakeFiles/sampler.dir/Users/arunoda/.pico-sdk/sdk/2.1.1/src/rp2_common/pico_stdio/stdio.c.o
                0x10007200                __wrap_puts
                0x10007200                stdio_puts
 .text.__wrap_vprintf
                0x1000723c       0xc4 CMakeFiles/sampler.dir/Users/arunoda/.pico-sdk/sdk/2.1.1/src/rp2_common/pico_stdio/stdio.c.o
                0x1000723c                __wrap_vprintf
                0x1000723c                stdio_vprintf
 .text.__wrap_printf
                0x10007300       0x1c CMakeFiles/sampler.dir/Users/arunoda/.pico-sdk/sdk/2.1.1/src/rp2_common/pico_stdio/stdio.c.o
                0x10007300                stdio_printf
                0x10007300                __wrap_printf
 .text.resetd_init
                0x1000731c        0x4 CMakeFiles/sampler.dir/Users/arunoda/.pico-sdk/sdk/2.1.1/src/rp2_common/pico_stdio_usb/reset_interface.c.o
 .text.resetd_reset
                0x10007320        0xc CMakeFiles/sampler.dir/Users/arunoda/.pico-sdk/sdk/2.1.1/src/rp2_common/pico_stdio_usb/reset_interface.c.o
 .text.resetd_open
                0x1000732c       0x28 CMakeFiles/sampler.dir/Users/arunoda/.pico-sdk/sdk/2.1.1/src/rp2_common/pico_stdio_usb/reset_interface.c.o
 .text.resetd_xfer_cb
                0x10007354        0x4 CMakeFiles/sampler.dir/Users/arunoda/.pico-sdk/sdk/2.1.1/src/rp2_common/pico_stdio_usb/reset_interface.c.o
 .text.resetd_control_xfer_cb
                0x10007358       0x50 CMakeFiles/sampler.dir/Users/arunoda/.pico-sdk/sdk/2.1.1/src/rp2_common/pico_stdio_usb/reset_interface.c.o
 .text.tud_descriptor_bos_cb
                0x100073a8        0x8 CMakeFiles/sampler.dir/Users/arunoda/.pico-sdk/sdk/2.1.1/src/rp2_common/pico_stdio_usb/reset_interface.c.o
                0x100073a8                tud_descriptor_bos_cb
 .text.tud_vendor_control_xfer_cb
                0x100073b0       0x28 CMakeFiles/sampler.dir/Users/arunoda/.pico-sdk/sdk/2.1.1/src/rp2_common/pico_stdio_usb/reset_interface.c.o
                0x100073b0                tud_vendor_control_xfer_cb
 .text.usbd_app_driver_get_cb
                0x100073d8       0x10 CMakeFiles/sampler.dir/Users/arunoda/.pico-sdk/sdk/2.1.1/src/rp2_common/pico_stdio_usb/reset_interface.c.o
                0x100073d8                usbd_app_driver_get_cb
 .text.tud_cdc_line_coding_cb
                0x100073e8       0x18 CMakeFiles/sampler.dir/Users/arunoda/.pico-sdk/sdk/2.1.1/src/rp2_common/pico_stdio_usb/reset_interface.c.o
                0x100073e8                tud_cdc_line_coding_cb
 .text.stdio_usb_set_chars_available_callback
                0x10007400       0x14 CMakeFiles/sampler.dir/Users/arunoda/.pico-sdk/sdk/2.1.1/src/rp2_common/pico_stdio_usb/stdio_usb.c.o
                0x10007400                stdio_usb_set_chars_available_callback
 .text.timer_task
                0x10007414       0x70 CMakeFiles/sampler.dir/Users/arunoda/.pico-sdk/sdk/2.1.1/src/rp2_common/pico_stdio_usb/stdio_usb.c.o
 .text.usb_irq  0x10007484        0xc CMakeFiles/sampler.dir/Users/arunoda/.pico-sdk/sdk/2.1.1/src/rp2_common/pico_stdio_usb/stdio_usb.c.o
 .text.stdio_usb_in_chars
                0x10007490       0x88 CMakeFiles/sampler.dir/Users/arunoda/.pico-sdk/sdk/2.1.1/src/rp2_common/pico_stdio_usb/stdio_usb.c.o
                0x10007490                stdio_usb_in_chars
 .text.stdio_usb_out_flush
                0x10007518       0x54 CMakeFiles/sampler.dir/Users/arunoda/.pico-sdk/sdk/2.1.1/src/rp2_common/pico_stdio_usb/stdio_usb.c.o
 .text.stdio_usb_out_chars
                0x1000756c       0xf4 CMakeFiles/sampler.dir/Users/arunoda/.pico-sdk/sdk/2.1.1/src/rp2_common/pico_stdio_usb/stdio_usb.c.o
 .text.low_priority_worker_irq
                0x10007660       0xd8 CMakeFiles/sampler.dir/Users/arunoda/.pico-sdk/sdk/2.1.1/src/rp2_common/pico_stdio_usb/stdio_usb.c.o
 .text.stdio_usb_init
                0x10007738       0xe8 CMakeFiles/sampler.dir/Users/arunoda/.pico-sdk/sdk/2.1.1/src/rp2_common/pico_stdio_usb/stdio_usb.c.o
                0x10007738                stdio_usb_init
 .text.tud_descriptor_device_cb
                0x10007820        0x8 CMakeFiles/sampler.dir/Users/arunoda/.pico-sdk/sdk/2.1.1/src/rp2_common/pico_stdio_usb/stdio_usb_descriptors.c.o
                0x10007820                tud_descriptor_device_cb
 .text.tud_descriptor_configuration_cb
                0x10007828        0x8 CMakeFiles/sampler.dir/Users/arunoda/.pico-sdk/sdk/2.1.1/src/rp2_common/pico_stdio_usb/stdio_usb_descriptors.c.o
                0x10007828                tud_descriptor_configuration_cb
 .text.tud_descriptor_string_cb
                0x10007830       0x70 CMakeFiles/sampler.dir/Users/arunoda/.pico-sdk/sdk/2.1.1/src/rp2_common/pico_stdio_usb/stdio_usb_descriptors.c.o
                0x10007830                tud_descriptor_string_cb
 .text.startup._retrieve_unique_id_on_boot
                0x100078a0       0x30 CMakeFiles/sampler.dir/Users/arunoda/.pico-sdk/sdk/2.1.1/src/rp2_common/pico_unique_id/unique_id.c.o
 .text.pico_get_unique_board_id_string
                0x100078d0      0x184 CMakeFiles/sampler.dir/Users/arunoda/.pico-sdk/sdk/2.1.1/src/rp2_common/pico_unique_id/unique_id.c.o
                0x100078d0                pico_get_unique_board_id_string
 .text.dcd_init
                0x10007a54       0x8c CMakeFiles/sampler.dir/Users/arunoda/.pico-sdk/sdk/2.1.1/lib/tinyusb/src/portable/raspberrypi/rp2040/dcd_rp2040.c.o
                0x10007a54                dcd_init
 .text.dcd_int_enable
                0x10007ae0        0x8 CMakeFiles/sampler.dir/Users/arunoda/.pico-sdk/sdk/2.1.1/lib/tinyusb/src/portable/raspberrypi/rp2040/dcd_rp2040.c.o
                0x10007ae0                dcd_int_enable
 .text.dcd_set_address
                0x10007ae8       0x10 CMakeFiles/sampler.dir/Users/arunoda/.pico-sdk/sdk/2.1.1/lib/tinyusb/src/portable/raspberrypi/rp2040/dcd_rp2040.c.o
                0x10007ae8                dcd_set_address
 .text.dcd_sof_enable
                0x10007af8       0x1c CMakeFiles/sampler.dir/Users/arunoda/.pico-sdk/sdk/2.1.1/lib/tinyusb/src/portable/raspberrypi/rp2040/dcd_rp2040.c.o
                0x10007af8                dcd_sof_enable
 .text.dcd_edpt0_status_complete
                0x10007b14       0x1c CMakeFiles/sampler.dir/Users/arunoda/.pico-sdk/sdk/2.1.1/lib/tinyusb/src/portable/raspberrypi/rp2040/dcd_rp2040.c.o
                0x10007b14                dcd_edpt0_status_complete
 .text.dcd_edpt_open
                0x10007b30      0x104 CMakeFiles/sampler.dir/Users/arunoda/.pico-sdk/sdk/2.1.1/lib/tinyusb/src/portable/raspberrypi/rp2040/dcd_rp2040.c.o
                0x10007b30                dcd_edpt_open
 .text.dcd_edpt_close_all
                0x10007c34        0x4 CMakeFiles/sampler.dir/Users/arunoda/.pico-sdk/sdk/2.1.1/lib/tinyusb/src/portable/raspberrypi/rp2040/dcd_rp2040.c.o
                0x10007c34                dcd_edpt_close_all
 .text.dcd_edpt_xfer
                0x10007c38       0x28 CMakeFiles/sampler.dir/Users/arunoda/.pico-sdk/sdk/2.1.1/lib/tinyusb/src/portable/raspberrypi/rp2040/dcd_rp2040.c.o
                0x10007c38                dcd_edpt_xfer
 .text.dcd_edpt_stall
                0x10007c60       0x30 CMakeFiles/sampler.dir/Users/arunoda/.pico-sdk/sdk/2.1.1/lib/tinyusb/src/portable/raspberrypi/rp2040/dcd_rp2040.c.o
                0x10007c60                dcd_edpt_stall
 .text.dcd_edpt_clear_stall
                0x10007c90       0x24 CMakeFiles/sampler.dir/Users/arunoda/.pico-sdk/sdk/2.1.1/lib/tinyusb/src/portable/raspberrypi/rp2040/dcd_rp2040.c.o
                0x10007c90                dcd_edpt_clear_stall
 .text.rp2040_usb_init
                0x10007cb4       0x40 CMakeFiles/sampler.dir/Users/arunoda/.pico-sdk/sdk/2.1.1/lib/tinyusb/src/portable/raspberrypi/rp2040/rp2040_usb.c.o
                0x10007cb4                rp2040_usb_init
 .text.hw_endpoint_xfer_start
                0x10007cf4       0x40 CMakeFiles/sampler.dir/Users/arunoda/.pico-sdk/sdk/2.1.1/lib/tinyusb/src/portable/raspberrypi/rp2040/rp2040_usb.c.o
                0x10007cf4                hw_endpoint_xfer_start
 .text.configuration_reset
                0x10007d34       0x8c CMakeFiles/sampler.dir/Users/arunoda/.pico-sdk/sdk/2.1.1/lib/tinyusb/src/device/usbd.c.o
 .text.tud_event_hook_cb
                0x10007dc0        0x4 CMakeFiles/sampler.dir/Users/arunoda/.pico-sdk/sdk/2.1.1/lib/tinyusb/src/device/usbd.c.o
                0x10007dc0                tud_event_hook_cb
 .text.tud_sof_cb
                0x10007dc4        0x4 CMakeFiles/sampler.dir/Users/arunoda/.pico-sdk/sdk/2.1.1/lib/tinyusb/src/device/usbd.c.o
                0x10007dc4                tud_sof_cb
 .text.tud_descriptor_device_qualifier_cb
                0x10007dc8        0x4 CMakeFiles/sampler.dir/Users/arunoda/.pico-sdk/sdk/2.1.1/lib/tinyusb/src/device/usbd.c.o
                0x10007dc8                tud_descriptor_device_qualifier_cb
 .text.tud_descriptor_other_speed_configuration_cb
                0x10007dcc        0x4 CMakeFiles/sampler.dir/Users/arunoda/.pico-sdk/sdk/2.1.1/lib/tinyusb/src/device/usbd.c.o
                0x10007dcc                tud_descriptor_other_speed_configuration_cb
 .text.tud_mount_cb
                0x10007dd0        0x4 CMakeFiles/sampler.dir/Users/arunoda/.pico-sdk/sdk/2.1.1/lib/tinyusb/src/device/usbd.c.o
                0x10007dd0                tud_mount_cb
 .text.tud_umount_cb
                0x10007dd4        0x4 CMakeFiles/sampler.dir/Users/arunoda/.pico-sdk/sdk/2.1.1/lib/tinyusb/src/device/usbd.c.o
                0x10007dd4                tud_umount_cb
 .text.tud_suspend_cb
                0x10007dd8        0x4 CMakeFiles/sampler.dir/Users/arunoda/.pico-sdk/sdk/2.1.1/lib/tinyusb/src/device/usbd.c.o
                0x10007dd8                tud_suspend_cb
 .text.tud_resume_cb
                0x10007ddc        0x4 CMakeFiles/sampler.dir/Users/arunoda/.pico-sdk/sdk/2.1.1/lib/tinyusb/src/device/usbd.c.o
                0x10007ddc                tud_resume_cb
 .text.tud_mounted
                0x10007de0       0x10 CMakeFiles/sampler.dir/Users/arunoda/.pico-sdk/sdk/2.1.1/lib/tinyusb/src/device/usbd.c.o
                0x10007de0                tud_mounted
 .text.tud_suspended
                0x10007df0       0x10 CMakeFiles/sampler.dir/Users/arunoda/.pico-sdk/sdk/2.1.1/lib/tinyusb/src/device/usbd.c.o
                0x10007df0                tud_suspended
 .text.tud_rhport_init
                0x10007e00       0xf4 CMakeFiles/sampler.dir/Users/arunoda/.pico-sdk/sdk/2.1.1/lib/tinyusb/src/device/usbd.c.o
                0x10007e00                tud_rhport_init
 .text.tud_task_ext
                0x10007ef4      0x784 CMakeFiles/sampler.dir/Users/arunoda/.pico-sdk/sdk/2.1.1/lib/tinyusb/src/device/usbd.c.o
                0x10007ef4                tud_task_ext
 .text.usbd_open_edpt_pair
                0x10008678       0x9c CMakeFiles/sampler.dir/Users/arunoda/.pico-sdk/sdk/2.1.1/lib/tinyusb/src/device/usbd.c.o
                0x10008678                usbd_open_edpt_pair
 .text.usbd_edpt_open
                0x10008714       0x44 CMakeFiles/sampler.dir/Users/arunoda/.pico-sdk/sdk/2.1.1/lib/tinyusb/src/device/usbd.c.o
                0x10008714                usbd_edpt_open
 .text.usbd_edpt_claim
                0x10008758       0x24 CMakeFiles/sampler.dir/Users/arunoda/.pico-sdk/sdk/2.1.1/lib/tinyusb/src/device/usbd.c.o
                0x10008758                usbd_edpt_claim
 .text.usbd_edpt_release
                0x1000877c       0x24 CMakeFiles/sampler.dir/Users/arunoda/.pico-sdk/sdk/2.1.1/lib/tinyusb/src/device/usbd.c.o
                0x1000877c                usbd_edpt_release
 .text.usbd_edpt_xfer
                0x100087a0       0x70 CMakeFiles/sampler.dir/Users/arunoda/.pico-sdk/sdk/2.1.1/lib/tinyusb/src/device/usbd.c.o
                0x100087a0                usbd_edpt_xfer
 .text.tud_control_status
                0x10008810       0x34 CMakeFiles/sampler.dir/Users/arunoda/.pico-sdk/sdk/2.1.1/lib/tinyusb/src/device/usbd_control.c.o
                0x10008810                tud_control_status
 .text.tud_control_xfer
                0x10008844       0xb0 CMakeFiles/sampler.dir/Users/arunoda/.pico-sdk/sdk/2.1.1/lib/tinyusb/src/device/usbd_control.c.o
                0x10008844                tud_control_xfer
 .text.usbd_control_reset
                0x100088f4       0x14 CMakeFiles/sampler.dir/Users/arunoda/.pico-sdk/sdk/2.1.1/lib/tinyusb/src/device/usbd_control.c.o
                0x100088f4                usbd_control_reset
 .text.usbd_control_set_complete_callback
                0x10008908        0xc CMakeFiles/sampler.dir/Users/arunoda/.pico-sdk/sdk/2.1.1/lib/tinyusb/src/device/usbd_control.c.o
                0x10008908                usbd_control_set_complete_callback
 .text.usbd_control_set_request
                0x10008914       0x1c CMakeFiles/sampler.dir/Users/arunoda/.pico-sdk/sdk/2.1.1/lib/tinyusb/src/device/usbd_control.c.o
                0x10008914                usbd_control_set_request
 .text.usbd_control_xfer_cb
                0x10008930      0x100 CMakeFiles/sampler.dir/Users/arunoda/.pico-sdk/sdk/2.1.1/lib/tinyusb/src/device/usbd_control.c.o
                0x10008930                usbd_control_xfer_cb
 .text._prep_out_transaction.isra.0
                0x10008a30       0x74 CMakeFiles/sampler.dir/Users/arunoda/.pico-sdk/sdk/2.1.1/lib/tinyusb/src/class/cdc/cdc_device.c.o
 .text.tud_cdc_n_connected
                0x10008aa4       0x2c CMakeFiles/sampler.dir/Users/arunoda/.pico-sdk/sdk/2.1.1/lib/tinyusb/src/class/cdc/cdc_device.c.o
                0x10008aa4                tud_cdc_n_connected
 .text.tud_cdc_n_available
                0x10008ad0       0x14 CMakeFiles/sampler.dir/Users/arunoda/.pico-sdk/sdk/2.1.1/lib/tinyusb/src/class/cdc/cdc_device.c.o
                0x10008ad0                tud_cdc_n_available
 .text.tud_cdc_n_read
                0x10008ae4       0x90 CMakeFiles/sampler.dir/Users/arunoda/.pico-sdk/sdk/2.1.1/lib/tinyusb/src/class/cdc/cdc_device.c.o
                0x10008ae4                tud_cdc_n_read
 .text.tud_cdc_n_write_flush
                0x10008b74       0x8c CMakeFiles/sampler.dir/Users/arunoda/.pico-sdk/sdk/2.1.1/lib/tinyusb/src/class/cdc/cdc_device.c.o
                0x10008b74                tud_cdc_n_write_flush
 .text.tud_cdc_n_write
                0x10008c00       0x40 CMakeFiles/sampler.dir/Users/arunoda/.pico-sdk/sdk/2.1.1/lib/tinyusb/src/class/cdc/cdc_device.c.o
                0x10008c00                tud_cdc_n_write
 .text.tud_cdc_n_write_available
                0x10008c40       0x14 CMakeFiles/sampler.dir/Users/arunoda/.pico-sdk/sdk/2.1.1/lib/tinyusb/src/class/cdc/cdc_device.c.o
                0x10008c40                tud_cdc_n_write_available
 .text.cdcd_init
                0x10008c54       0x70 CMakeFiles/sampler.dir/Users/arunoda/.pico-sdk/sdk/2.1.1/lib/tinyusb/src/class/cdc/cdc_device.c.o
                0x10008c54                cdcd_init
 .text.cdcd_deinit
                0x10008cc4       0x30 CMakeFiles/sampler.dir/Users/arunoda/.pico-sdk/sdk/2.1.1/lib/tinyusb/src/class/cdc/cdc_device.c.o
                0x10008cc4                cdcd_deinit
 .text.cdcd_reset
                0x10008cf4       0x4c CMakeFiles/sampler.dir/Users/arunoda/.pico-sdk/sdk/2.1.1/lib/tinyusb/src/class/cdc/cdc_device.c.o
                0x10008cf4                cdcd_reset
 .text.cdcd_open
                0x10008d40       0xc0 CMakeFiles/sampler.dir/Users/arunoda/.pico-sdk/sdk/2.1.1/lib/tinyusb/src/class/cdc/cdc_device.c.o
                0x10008d40                cdcd_open
 .text.cdcd_control_xfer_cb
                0x10008e00       0xc0 CMakeFiles/sampler.dir/Users/arunoda/.pico-sdk/sdk/2.1.1/lib/tinyusb/src/class/cdc/cdc_device.c.o
                0x10008e00                cdcd_control_xfer_cb
 .text.cdcd_xfer_cb
                0x10008ec0       0xf8 CMakeFiles/sampler.dir/Users/arunoda/.pico-sdk/sdk/2.1.1/lib/tinyusb/src/class/cdc/cdc_device.c.o
                0x10008ec0                cdcd_xfer_cb
 .text.vendord_init
                0x10008fb8       0x5c CMakeFiles/sampler.dir/Users/arunoda/.pico-sdk/sdk/2.1.1/lib/tinyusb/src/class/vendor/vendor_device.c.o
                0x10008fb8                vendord_init
 .text.vendord_deinit
                0x10009014       0x1c CMakeFiles/sampler.dir/Users/arunoda/.pico-sdk/sdk/2.1.1/lib/tinyusb/src/class/vendor/vendor_device.c.o
                0x10009014                vendord_deinit
 .text.vendord_reset
                0x10009030       0x24 CMakeFiles/sampler.dir/Users/arunoda/.pico-sdk/sdk/2.1.1/lib/tinyusb/src/class/vendor/vendor_device.c.o
                0x10009030                vendord_reset
 .text.vendord_open
                0x10009054       0xf4 CMakeFiles/sampler.dir/Users/arunoda/.pico-sdk/sdk/2.1.1/lib/tinyusb/src/class/vendor/vendor_device.c.o
                0x10009054                vendord_open
 .text.vendord_xfer_cb
                0x10009148       0x88 CMakeFiles/sampler.dir/Users/arunoda/.pico-sdk/sdk/2.1.1/lib/tinyusb/src/class/vendor/vendor_device.c.o
                0x10009148                vendord_xfer_cb
 .text.tusb_rhport_init
                0x100091d0       0x64 CMakeFiles/sampler.dir/Users/arunoda/.pico-sdk/sdk/2.1.1/lib/tinyusb/src/tusb.c.o
                0x100091d0                tusb_rhport_init
 .text.tu_edpt_claim
                0x10009234       0x54 CMakeFiles/sampler.dir/Users/arunoda/.pico-sdk/sdk/2.1.1/lib/tinyusb/src/tusb.c.o
                0x10009234                tu_edpt_claim
 .text.tu_edpt_release
                0x10009288       0x38 CMakeFiles/sampler.dir/Users/arunoda/.pico-sdk/sdk/2.1.1/lib/tinyusb/src/tusb.c.o
                0x10009288                tu_edpt_release
 .text.tu_edpt_validate
                0x100092c0       0x60 CMakeFiles/sampler.dir/Users/arunoda/.pico-sdk/sdk/2.1.1/lib/tinyusb/src/tusb.c.o
                0x100092c0                tu_edpt_validate
 .text.tu_edpt_bind_driver
                0x10009320       0x58 CMakeFiles/sampler.dir/Users/arunoda/.pico-sdk/sdk/2.1.1/lib/tinyusb/src/tusb.c.o
                0x10009320                tu_edpt_bind_driver
 .text.tu_edpt_stream_init
                0x10009378       0x58 CMakeFiles/sampler.dir/Users/arunoda/.pico-sdk/sdk/2.1.1/lib/tinyusb/src/tusb.c.o
                0x10009378                tu_edpt_stream_init
 .text.tu_edpt_stream_deinit
                0x100093d0        0x4 CMakeFiles/sampler.dir/Users/arunoda/.pico-sdk/sdk/2.1.1/lib/tinyusb/src/tusb.c.o
                0x100093d0                tu_edpt_stream_deinit
 .text.tu_edpt_stream_write_zlp_if_needed
                0x100093d4       0x68 CMakeFiles/sampler.dir/Users/arunoda/.pico-sdk/sdk/2.1.1/lib/tinyusb/src/tusb.c.o
                0x100093d4                tu_edpt_stream_write_zlp_if_needed
 .text.tu_edpt_stream_write_xfer
                0x1000943c       0x70 CMakeFiles/sampler.dir/Users/arunoda/.pico-sdk/sdk/2.1.1/lib/tinyusb/src/tusb.c.o
                0x1000943c                tu_edpt_stream_write_xfer
 .text.tu_edpt_stream_read_xfer
                0x100094ac       0xc8 CMakeFiles/sampler.dir/Users/arunoda/.pico-sdk/sdk/2.1.1/lib/tinyusb/src/tusb.c.o
                0x100094ac                tu_edpt_stream_read_xfer
 .text.tu_fifo_config
                0x10009574       0x60 CMakeFiles/sampler.dir/Users/arunoda/.pico-sdk/sdk/2.1.1/lib/tinyusb/src/common/tusb_fifo.c.o
                0x10009574                tu_fifo_config
 .text.tu_fifo_count
                0x100095d4       0x20 CMakeFiles/sampler.dir/Users/arunoda/.pico-sdk/sdk/2.1.1/lib/tinyusb/src/common/tusb_fifo.c.o
                0x100095d4                tu_fifo_count
 .text.tu_fifo_empty
                0x100095f4       0x14 CMakeFiles/sampler.dir/Users/arunoda/.pico-sdk/sdk/2.1.1/lib/tinyusb/src/common/tusb_fifo.c.o
                0x100095f4                tu_fifo_empty
 .text.tu_fifo_remaining
                0x10009608       0x24 CMakeFiles/sampler.dir/Users/arunoda/.pico-sdk/sdk/2.1.1/lib/tinyusb/src/common/tusb_fifo.c.o
                0x10009608                tu_fifo_remaining
 .text.tu_fifo_read
                0x1000962c       0x94 CMakeFiles/sampler.dir/Users/arunoda/.pico-sdk/sdk/2.1.1/lib/tinyusb/src/common/tusb_fifo.c.o
                0x1000962c                tu_fifo_read
 .text.tu_fifo_read_n
                0x100096c0       0xd8 CMakeFiles/sampler.dir/Users/arunoda/.pico-sdk/sdk/2.1.1/lib/tinyusb/src/common/tusb_fifo.c.o
                0x100096c0                tu_fifo_read_n
 .text.tu_fifo_write
                0x10009798       0xa4 CMakeFiles/sampler.dir/Users/arunoda/.pico-sdk/sdk/2.1.1/lib/tinyusb/src/common/tusb_fifo.c.o
                0x10009798                tu_fifo_write
 .text.tu_fifo_write_n
                0x1000983c      0x15c CMakeFiles/sampler.dir/Users/arunoda/.pico-sdk/sdk/2.1.1/lib/tinyusb/src/common/tusb_fifo.c.o
                0x1000983c                tu_fifo_write_n
 .text.tu_fifo_clear
                0x10009998       0x38 CMakeFiles/sampler.dir/Users/arunoda/.pico-sdk/sdk/2.1.1/lib/tinyusb/src/common/tusb_fifo.c.o
                0x10009998                tu_fifo_clear
 .text.tu_fifo_set_overwritable
                0x100099d0       0x3c CMakeFiles/sampler.dir/Users/arunoda/.pico-sdk/sdk/2.1.1/lib/tinyusb/src/common/tusb_fifo.c.o
                0x100099d0                tu_fifo_set_overwritable
 .text.add_program_at_offset
                0x10009a0c       0xac CMakeFiles/sampler.dir/Users/arunoda/.pico-sdk/sdk/2.1.1/src/rp2_common/hardware_pio/pio.c.o
 .text.pio_add_program
                0x10009ab8       0x94 CMakeFiles/sampler.dir/Users/arunoda/.pico-sdk/sdk/2.1.1/src/rp2_common/hardware_pio/pio.c.o
                0x10009ab8                pio_add_program
 .text.pio_sm_set_consecutive_pindirs
                0x10009b4c       0x8c CMakeFiles/sampler.dir/Users/arunoda/.pico-sdk/sdk/2.1.1/src/rp2_common/hardware_pio/pio.c.o
                0x10009b4c                pio_sm_set_consecutive_pindirs
 .text.pio_sm_init
                0x10009bd8      0x124 CMakeFiles/sampler.dir/Users/arunoda/.pico-sdk/sdk/2.1.1/src/rp2_common/hardware_pio/pio.c.o
                0x10009bd8                pio_sm_init
 .text.core1_trampoline
                0x10009cfc        0x4 CMakeFiles/sampler.dir/Users/arunoda/.pico-sdk/sdk/2.1.1/src/rp2_common/pico_multicore/multicore.c.o
 .text.core1_wrapper
                0x10009d00       0x10 CMakeFiles/sampler.dir/Users/arunoda/.pico-sdk/sdk/2.1.1/src/rp2_common/pico_multicore/multicore.c.o
                0x10009d00                core1_wrapper
 .text.multicore_launch_core1_raw
                0x10009d10       0x84 CMakeFiles/sampler.dir/Users/arunoda/.pico-sdk/sdk/2.1.1/src/rp2_common/pico_multicore/multicore.c.o
                0x10009d10                multicore_launch_core1_raw
 .text.multicore_launch_core1
                0x10009d94       0x48 CMakeFiles/sampler.dir/Users/arunoda/.pico-sdk/sdk/2.1.1/src/rp2_common/pico_multicore/multicore.c.o
                0x10009d94                multicore_launch_core1
 .text.adc_init
                0x10009ddc       0x30 CMakeFiles/sampler.dir/Users/arunoda/.pico-sdk/sdk/2.1.1/src/rp2_common/hardware_adc/adc.c.o
                0x10009ddc                adc_init
 *fill*         0x10009e0c        0x4 
 .text          0x10009e10     0x79fc liblfs.a(lfs.c.o)
                0x1000f678                lfs_format
                0x1000f7c0                lfs_mount
                0x1000faa0                lfs_unmount
                0x1000fadc                lfs_remove
                0x1000fd70                lfs_rename
                0x10010198                lfs_stat
                0x100101e0                lfs_getattr
                0x1001026c                lfs_setattr
                0x100102f4                lfs_removeattr
                0x10010374                lfs_file_open
                0x10010388                lfs_file_opencfg
                0x1001038c                lfs_file_close
                0x100104b4                lfs_file_sync
                0x100105ac                lfs_file_read
                0x100105d8                lfs_file_write
                0x10010664                lfs_file_seek
                0x10010740                lfs_file_truncate
                0x100108c8                lfs_file_tell
                0x100108cc                lfs_file_rewind
                0x1001092c                lfs_file_size
                0x10010940                lfs_mkdir
                0x10010b28                lfs_dir_open
                0x10010bc4                lfs_dir_close
                0x10010be0                lfs_dir_read
                0x10010c98                lfs_dir_seek
                0x10010d64                lfs_dir_tell
                0x10010d68                lfs_dir_rewind
                0x10010d90                lfs_fs_stat
                0x10010dfc                lfs_fs_size
                0x10010e14                lfs_fs_traverse
                0x10010ff0                lfs_fs_mkconsistent
                0x10011184                lfs_fs_gc
                0x10011790                lfs_fs_grow
 .text          0x1001180c       0x44 liblfs.a(lfs_util.c.o)
                0x1001180c                lfs_crc
 .text._ZNKSt17bad_function_call4whatEv
                0x10011850        0x8 /Users/arunoda/.pico-sdk/toolchain/14_2_Rel1/bin/../lib/gcc/arm-none-eabi/14.2.1/../../../../arm-none-eabi/lib/thumb/v8-m.main+fp/softfp/libstdc++.a(functional.o)
                0x10011850                std::bad_function_call::what() const
 .text._ZNSt17bad_function_callD2Ev
                0x10011858       0x14 /Users/arunoda/.pico-sdk/toolchain/14_2_Rel1/bin/../lib/gcc/arm-none-eabi/14.2.1/../../../../arm-none-eabi/lib/thumb/v8-m.main+fp/softfp/libstdc++.a(functional.o)
                0x10011858                std::bad_function_call::~bad_function_call()
                0x10011858                std::bad_function_call::~bad_function_call()
 .text._ZNSt17bad_function_callD0Ev
                0x1001186c       0x1c /Users/arunoda/.pico-sdk/toolchain/14_2_Rel1/bin/../lib/gcc/arm-none-eabi/14.2.1/../../../../arm-none-eabi/lib/thumb/v8-m.main+fp/softfp/libstdc++.a(functional.o)
                0x1001186c                std::bad_function_call::~bad_function_call()
 .text.unlikely._ZSt25__throw_bad_function_callv
                0x10011888       0x20 /Users/arunoda/.pico-sdk/toolchain/14_2_Rel1/bin/../lib/gcc/arm-none-eabi/14.2.1/../../../../arm-none-eabi/lib/thumb/v8-m.main+fp/softfp/libstdc++.a(functional.o)
                0x10011888                std::__throw_bad_function_call()
 .text._ZN12_GLOBAL__N_14pool4freeEPv.constprop.0
                0x100118a8       0x88 /Users/arunoda/.pico-sdk/toolchain/14_2_Rel1/bin/../lib/gcc/arm-none-eabi/14.2.1/../../../../arm-none-eabi/lib/thumb/v8-m.main+fp/softfp/libstdc++.a(eh_alloc.o)
 .text._ZN12_GLOBAL__N_14pool8allocateEj.constprop.0
                0x10011930       0x5c /Users/arunoda/.pico-sdk/toolchain/14_2_Rel1/bin/../lib/gcc/arm-none-eabi/14.2.1/../../../../arm-none-eabi/lib/thumb/v8-m.main+fp/softfp/libstdc++.a(eh_alloc.o)
 .text.__cxa_allocate_exception
                0x1001198c       0x30 /Users/arunoda/.pico-sdk/toolchain/14_2_Rel1/bin/../lib/gcc/arm-none-eabi/14.2.1/../../../../arm-none-eabi/lib/thumb/v8-m.main+fp/softfp/libstdc++.a(eh_alloc.o)
                0x1001198c                __cxa_allocate_exception
 .text.__cxa_free_exception
                0x100119bc       0x20 /Users/arunoda/.pico-sdk/toolchain/14_2_Rel1/bin/../lib/gcc/arm-none-eabi/14.2.1/../../../../arm-none-eabi/lib/thumb/v8-m.main+fp/softfp/libstdc++.a(eh_alloc.o)
                0x100119bc                __cxa_free_exception
 .text.startup._GLOBAL__sub_I__ZN9__gnu_cxx9__freeresEv
                0x100119dc       0xf0 /Users/arunoda/.pico-sdk/toolchain/14_2_Rel1/bin/../lib/gcc/arm-none-eabi/14.2.1/../../../../arm-none-eabi/lib/thumb/v8-m.main+fp/softfp/libstdc++.a(eh_alloc.o)
 .text._ZNSt9exceptionD2Ev
                0x10011acc        0x4 /Users/arunoda/.pico-sdk/toolchain/14_2_Rel1/bin/../lib/gcc/arm-none-eabi/14.2.1/../../../../arm-none-eabi/lib/thumb/v8-m.main+fp/softfp/libstdc++.a(eh_exception.o)
                0x10011acc                std::exception::~exception()
                0x10011acc                std::exception::~exception()
 .text._ZNSt13bad_exceptionD2Ev
                0x10011ad0        0x4 /Users/arunoda/.pico-sdk/toolchain/14_2_Rel1/bin/../lib/gcc/arm-none-eabi/14.2.1/../../../../arm-none-eabi/lib/thumb/v8-m.main+fp/softfp/libstdc++.a(eh_exception.o)
                0x10011ad0                std::bad_exception::~bad_exception()
                0x10011ad0                std::bad_exception::~bad_exception()
 .text._ZNKSt13bad_exception4whatEv
                0x10011ad4        0x8 /Users/arunoda/.pico-sdk/toolchain/14_2_Rel1/bin/../lib/gcc/arm-none-eabi/14.2.1/../../../../arm-none-eabi/lib/thumb/v8-m.main+fp/softfp/libstdc++.a(eh_exception.o)
                0x10011ad4                transaction clone for std::bad_exception::what() const
                0x10011ad4                std::bad_exception::what() const
 .text._ZNSt13bad_exceptionD0Ev
                0x10011adc       0x10 /Users/arunoda/.pico-sdk/toolchain/14_2_Rel1/bin/../lib/gcc/arm-none-eabi/14.2.1/../../../../arm-none-eabi/lib/thumb/v8-m.main+fp/softfp/libstdc++.a(eh_exception.o)
                0x10011adc                std::bad_exception::~bad_exception()
 .text._ZN10__cxxabiv111__terminateEPFvvE
                0x10011aec       0x10 /Users/arunoda/.pico-sdk/toolchain/14_2_Rel1/bin/../lib/gcc/arm-none-eabi/14.2.1/../../../../arm-none-eabi/lib/thumb/v8-m.main+fp/softfp/libstdc++.a(eh_terminate.o)
                0x10011aec                __cxxabiv1::__terminate(void (*)())
 .text.unlikely._ZSt9terminatev
                0x10011afc       0x10 /Users/arunoda/.pico-sdk/toolchain/14_2_Rel1/bin/../lib/gcc/arm-none-eabi/14.2.1/../../../../arm-none-eabi/lib/thumb/v8-m.main+fp/softfp/libstdc++.a(eh_terminate.o)
                0x10011afc                std::terminate()
 .text._ZN10__cxxabiv112__unexpectedEPFvvE
                0x10011b0c        0x8 /Users/arunoda/.pico-sdk/toolchain/14_2_Rel1/bin/../lib/gcc/arm-none-eabi/14.2.1/../../../../arm-none-eabi/lib/thumb/v8-m.main+fp/softfp/libstdc++.a(eh_terminate.o)
                0x10011b0c                __cxxabiv1::__unexpected(void (*)())
 .text.unlikely._ZSt10unexpectedv
                0x10011b14       0x10 /Users/arunoda/.pico-sdk/toolchain/14_2_Rel1/bin/../lib/gcc/arm-none-eabi/14.2.1/../../../../arm-none-eabi/lib/thumb/v8-m.main+fp/softfp/libstdc++.a(eh_terminate.o)
                0x10011b14                std::unexpected()
 .text._ZSt13get_terminatev
                0x10011b24        0xc /Users/arunoda/.pico-sdk/toolchain/14_2_Rel1/bin/../lib/gcc/arm-none-eabi/14.2.1/../../../../arm-none-eabi/lib/thumb/v8-m.main+fp/softfp/libstdc++.a(eh_terminate.o)
                0x10011b24                std::get_terminate()
 .text._ZSt14get_unexpectedv
                0x10011b30        0xc /Users/arunoda/.pico-sdk/toolchain/14_2_Rel1/bin/../lib/gcc/arm-none-eabi/14.2.1/../../../../arm-none-eabi/lib/thumb/v8-m.main+fp/softfp/libstdc++.a(eh_terminate.o)
                0x10011b30                std::get_unexpected()
 .text._ZL23__gxx_exception_cleanup19_Unwind_Reason_CodeP21_Unwind_Control_Block
                0x10011b3c       0x3c /Users/arunoda/.pico-sdk/toolchain/14_2_Rel1/bin/../lib/gcc/arm-none-eabi/14.2.1/../../../../arm-none-eabi/lib/thumb/v8-m.main+fp/softfp/libstdc++.a(eh_throw.o)
 .text.__cxa_init_primary_exception
                0x10011b78       0x44 /Users/arunoda/.pico-sdk/toolchain/14_2_Rel1/bin/../lib/gcc/arm-none-eabi/14.2.1/../../../../arm-none-eabi/lib/thumb/v8-m.main+fp/softfp/libstdc++.a(eh_throw.o)
                0x10011b78                __cxa_init_primary_exception
 .text.__cxa_throw
                0x10011bbc       0x38 /Users/arunoda/.pico-sdk/toolchain/14_2_Rel1/bin/../lib/gcc/arm-none-eabi/14.2.1/../../../../arm-none-eabi/lib/thumb/v8-m.main+fp/softfp/libstdc++.a(eh_throw.o)
                0x10011bbc                __cxa_throw
 .text.__cxa_rethrow
                0x10011bf4       0x70 /Users/arunoda/.pico-sdk/toolchain/14_2_Rel1/bin/../lib/gcc/arm-none-eabi/14.2.1/../../../../arm-none-eabi/lib/thumb/v8-m.main+fp/softfp/libstdc++.a(eh_throw.o)
                0x10011bf4                __cxa_rethrow
 .text._ZN10__cxxabiv120__si_class_type_infoD2Ev
                0x10011c64       0x14 /Users/arunoda/.pico-sdk/toolchain/14_2_Rel1/bin/../lib/gcc/arm-none-eabi/14.2.1/../../../../arm-none-eabi/lib/thumb/v8-m.main+fp/softfp/libstdc++.a(si_class_type_info.o)
                0x10011c64                __cxxabiv1::__si_class_type_info::~__si_class_type_info()
                0x10011c64                __cxxabiv1::__si_class_type_info::~__si_class_type_info()
 .text._ZN10__cxxabiv120__si_class_type_infoD0Ev
                0x10011c78       0x1c /Users/arunoda/.pico-sdk/toolchain/14_2_Rel1/bin/../lib/gcc/arm-none-eabi/14.2.1/../../../../arm-none-eabi/lib/thumb/v8-m.main+fp/softfp/libstdc++.a(si_class_type_info.o)
                0x10011c78                __cxxabiv1::__si_class_type_info::~__si_class_type_info()
 .text._ZNK10__cxxabiv120__si_class_type_info20__do_find_public_srcEiPKvPKNS_17__class_type_infoES2_
                0x10011c94       0x3c /Users/arunoda/.pico-sdk/toolchain/14_2_Rel1/bin/../lib/gcc/arm-none-eabi/14.2.1/../../../../arm-none-eabi/lib/thumb/v8-m.main+fp/softfp/libstdc++.a(si_class_type_info.o)
                0x10011c94                __cxxabiv1::__si_class_type_info::__do_find_public_src(int, void const*, __cxxabiv1::__class_type_info const*, void const*) const
 .text._ZNK10__cxxabiv120__si_class_type_info12__do_dyncastEiNS_17__class_type_info10__sub_kindEPKS1_PKvS4_S6_RNS1_16__dyncast_resultE
                0x10011cd0       0x84 /Users/arunoda/.pico-sdk/toolchain/14_2_Rel1/bin/../lib/gcc/arm-none-eabi/14.2.1/../../../../arm-none-eabi/lib/thumb/v8-m.main+fp/softfp/libstdc++.a(si_class_type_info.o)
                0x10011cd0                __cxxabiv1::__si_class_type_info::__do_dyncast(int, __cxxabiv1::__class_type_info::__sub_kind, __cxxabiv1::__class_type_info const*, void const*, __cxxabiv1::__class_type_info const*, void const*, __cxxabiv1::__class_type_info::__dyncast_result&) const
 .text._ZNK10__cxxabiv120__si_class_type_info11__do_upcastEPKNS_17__class_type_infoEPKvRNS1_15__upcast_resultE
                0x10011d54       0x2c /Users/arunoda/.pico-sdk/toolchain/14_2_Rel1/bin/../lib/gcc/arm-none-eabi/14.2.1/../../../../arm-none-eabi/lib/thumb/v8-m.main+fp/softfp/libstdc++.a(si_class_type_info.o)
                0x10011d54                __cxxabiv1::__si_class_type_info::__do_upcast(__cxxabiv1::__class_type_info const*, void const*, __cxxabiv1::__class_type_info::__upcast_result&) const
 .text._ZNSt9type_infoD2Ev
                0x10011d80        0x4 /Users/arunoda/.pico-sdk/toolchain/14_2_Rel1/bin/../lib/gcc/arm-none-eabi/14.2.1/../../../../arm-none-eabi/lib/thumb/v8-m.main+fp/softfp/libstdc++.a(tinfo.o)
                0x10011d80                std::type_info::~type_info()
                0x10011d80                std::type_info::~type_info()
 .text._ZNKSt9type_info14__is_pointer_pEv
                0x10011d84        0x4 /Users/arunoda/.pico-sdk/toolchain/14_2_Rel1/bin/../lib/gcc/arm-none-eabi/14.2.1/../../../../arm-none-eabi/lib/thumb/v8-m.main+fp/softfp/libstdc++.a(tinfo.o)
                0x10011d84                std::type_info::__is_function_p() const
                0x10011d84                std::type_info::__is_pointer_p() const
 .text._ZNKSt9type_infoeqERKS_
                0x10011d88       0x2c /Users/arunoda/.pico-sdk/toolchain/14_2_Rel1/bin/../lib/gcc/arm-none-eabi/14.2.1/../../../../arm-none-eabi/lib/thumb/v8-m.main+fp/softfp/libstdc++.a(tinfo.o)
                0x10011d88                std::type_info::__equal(std::type_info const&) const
                0x10011d88                std::type_info::operator==(std::type_info const&) const
 .text._ZN9__gnu_cxx27__verbose_terminate_handlerEv
                0x10011db4      0x108 /Users/arunoda/.pico-sdk/toolchain/14_2_Rel1/bin/../lib/gcc/arm-none-eabi/14.2.1/../../../../arm-none-eabi/lib/thumb/v8-m.main+fp/softfp/libstdc++.a(vterminate.o)
                0x10011db4                __gnu_cxx::__verbose_terminate_handler()
 .text._ZNK10__cxxabiv117__class_type_info11__do_upcastEPKS0_PPv
                0x10011ebc       0x38 /Users/arunoda/.pico-sdk/toolchain/14_2_Rel1/bin/../lib/gcc/arm-none-eabi/14.2.1/../../../../arm-none-eabi/lib/thumb/v8-m.main+fp/softfp/libstdc++.a(class_type_info.o)
                0x10011ebc                __cxxabiv1::__class_type_info::__do_upcast(__cxxabiv1::__class_type_info const*, void**) const
 .text._ZNK10__cxxabiv117__class_type_info20__do_find_public_srcEiPKvPKS0_S2_
                0x10011ef4        0xc /Users/arunoda/.pico-sdk/toolchain/14_2_Rel1/bin/../lib/gcc/arm-none-eabi/14.2.1/../../../../arm-none-eabi/lib/thumb/v8-m.main+fp/softfp/libstdc++.a(class_type_info.o)
                0x10011ef4                __cxxabiv1::__class_type_info::__do_find_public_src(int, void const*, __cxxabiv1::__class_type_info const*, void const*) const
 .text._ZN10__cxxabiv117__class_type_infoD2Ev
                0x10011f00       0x14 /Users/arunoda/.pico-sdk/toolchain/14_2_Rel1/bin/../lib/gcc/arm-none-eabi/14.2.1/../../../../arm-none-eabi/lib/thumb/v8-m.main+fp/softfp/libstdc++.a(class_type_info.o)
                0x10011f00                __cxxabiv1::__class_type_info::~__class_type_info()
                0x10011f00                __cxxabiv1::__class_type_info::~__class_type_info()
 .text._ZN10__cxxabiv117__class_type_infoD0Ev
                0x10011f14       0x1c /Users/arunoda/.pico-sdk/toolchain/14_2_Rel1/bin/../lib/gcc/arm-none-eabi/14.2.1/../../../../arm-none-eabi/lib/thumb/v8-m.main+fp/softfp/libstdc++.a(class_type_info.o)
                0x10011f14                __cxxabiv1::__class_type_info::~__class_type_info()
 .text._ZNK10__cxxabiv117__class_type_info12__do_dyncastEiNS0_10__sub_kindEPKS0_PKvS3_S5_RNS0_16__dyncast_resultE
                0x10011f30       0x44 /Users/arunoda/.pico-sdk/toolchain/14_2_Rel1/bin/../lib/gcc/arm-none-eabi/14.2.1/../../../../arm-none-eabi/lib/thumb/v8-m.main+fp/softfp/libstdc++.a(class_type_info.o)
                0x10011f30                __cxxabiv1::__class_type_info::__do_dyncast(int, __cxxabiv1::__class_type_info::__sub_kind, __cxxabiv1::__class_type_info const*, void const*, __cxxabiv1::__class_type_info const*, void const*, __cxxabiv1::__class_type_info::__dyncast_result&) const
 .text._ZNK10__cxxabiv117__class_type_info11__do_upcastEPKS0_PKvRNS0_15__upcast_resultE
                0x10011f74       0x1c /Users/arunoda/.pico-sdk/toolchain/14_2_Rel1/bin/../lib/gcc/arm-none-eabi/14.2.1/../../../../arm-none-eabi/lib/thumb/v8-m.main+fp/softfp/libstdc++.a(class_type_info.o)
                0x10011f74                __cxxabiv1::__class_type_info::__do_upcast(__cxxabiv1::__class_type_info const*, void const*, __cxxabiv1::__class_type_info::__upcast_result&) const
 .text._ZNK10__cxxabiv117__class_type_info10__do_catchEPKSt9type_infoPPvj
                0x10011f90       0x2c /Users/arunoda/.pico-sdk/toolchain/14_2_Rel1/bin/../lib/gcc/arm-none-eabi/14.2.1/../../../../arm-none-eabi/lib/thumb/v8-m.main+fp/softfp/libstdc++.a(class_type_info.o)
                0x10011f90                __cxxabiv1::__class_type_info::__do_catch(std::type_info const*, void**, unsigned int) const
 .text.d_make_comp
                0x10011fbc       0xf8 /Users/arunoda/.pico-sdk/toolchain/14_2_Rel1/bin/../lib/gcc/arm-none-eabi/14.2.1/../../../../arm-none-eabi/lib/thumb/v8-m.main+fp/softfp/libstdc++.a(cp-demangle.o)
 .text.d_make_name
                0x100120b4       0x44 /Users/arunoda/.pico-sdk/toolchain/14_2_Rel1/bin/../lib/gcc/arm-none-eabi/14.2.1/../../../../arm-none-eabi/lib/thumb/v8-m.main+fp/softfp/libstdc++.a(cp-demangle.o)
 .text.d_number
                0x100120f8       0x70 /Users/arunoda/.pico-sdk/toolchain/14_2_Rel1/bin/../lib/gcc/arm-none-eabi/14.2.1/../../../../arm-none-eabi/lib/thumb/v8-m.main+fp/softfp/libstdc++.a(cp-demangle.o)
 .text.d_call_offset
                0x10012168       0x58 /Users/arunoda/.pico-sdk/toolchain/14_2_Rel1/bin/../lib/gcc/arm-none-eabi/14.2.1/../../../../arm-none-eabi/lib/thumb/v8-m.main+fp/softfp/libstdc++.a(cp-demangle.o)
 .text.d_ref_qualifier
                0x100121c0       0x34 /Users/arunoda/.pico-sdk/toolchain/14_2_Rel1/bin/../lib/gcc/arm-none-eabi/14.2.1/../../../../arm-none-eabi/lib/thumb/v8-m.main+fp/softfp/libstdc++.a(cp-demangle.o)
 .text.d_discriminator
                0x100121f4       0x48 /Users/arunoda/.pico-sdk/toolchain/14_2_Rel1/bin/../lib/gcc/arm-none-eabi/14.2.1/../../../../arm-none-eabi/lib/thumb/v8-m.main+fp/softfp/libstdc++.a(cp-demangle.o)
 .text.d_count_templates_scopes
                0x1001223c       0xf8 /Users/arunoda/.pico-sdk/toolchain/14_2_Rel1/bin/../lib/gcc/arm-none-eabi/14.2.1/../../../../arm-none-eabi/lib/thumb/v8-m.main+fp/softfp/libstdc++.a(cp-demangle.o)
 .text.d_pack_length
                0x10012334       0x20 /Users/arunoda/.pico-sdk/toolchain/14_2_Rel1/bin/../lib/gcc/arm-none-eabi/14.2.1/../../../../arm-none-eabi/lib/thumb/v8-m.main+fp/softfp/libstdc++.a(cp-demangle.o)
 .text.d_index_template_argument.part.0
                0x10012354       0x1c /Users/arunoda/.pico-sdk/toolchain/14_2_Rel1/bin/../lib/gcc/arm-none-eabi/14.2.1/../../../../arm-none-eabi/lib/thumb/v8-m.main+fp/softfp/libstdc++.a(cp-demangle.o)
 .text.d_growable_string_callback_adapter
                0x10012370       0x78 /Users/arunoda/.pico-sdk/toolchain/14_2_Rel1/bin/../lib/gcc/arm-none-eabi/14.2.1/../../../../arm-none-eabi/lib/thumb/v8-m.main+fp/softfp/libstdc++.a(cp-demangle.o)
 .text.next_is_type_qual.isra.0
                0x100123e8       0x3c /Users/arunoda/.pico-sdk/toolchain/14_2_Rel1/bin/../lib/gcc/arm-none-eabi/14.2.1/../../../../arm-none-eabi/lib/thumb/v8-m.main+fp/softfp/libstdc++.a(cp-demangle.o)
 .text.d_append_char
                0x10012424       0x44 /Users/arunoda/.pico-sdk/toolchain/14_2_Rel1/bin/../lib/gcc/arm-none-eabi/14.2.1/../../../../arm-none-eabi/lib/thumb/v8-m.main+fp/softfp/libstdc++.a(cp-demangle.o)
 .text.d_lookup_template_argument
                0x10012468       0x34 /Users/arunoda/.pico-sdk/toolchain/14_2_Rel1/bin/../lib/gcc/arm-none-eabi/14.2.1/../../../../arm-none-eabi/lib/thumb/v8-m.main+fp/softfp/libstdc++.a(cp-demangle.o)
 .text.d_append_string
                0x1001249c       0x74 /Users/arunoda/.pico-sdk/toolchain/14_2_Rel1/bin/../lib/gcc/arm-none-eabi/14.2.1/../../../../arm-none-eabi/lib/thumb/v8-m.main+fp/softfp/libstdc++.a(cp-demangle.o)
 .text.d_find_pack
                0x10012510       0xbc /Users/arunoda/.pico-sdk/toolchain/14_2_Rel1/bin/../lib/gcc/arm-none-eabi/14.2.1/../../../../arm-none-eabi/lib/thumb/v8-m.main+fp/softfp/libstdc++.a(cp-demangle.o)
 .text.d_template_param
                0x100125cc       0x5c /Users/arunoda/.pico-sdk/toolchain/14_2_Rel1/bin/../lib/gcc/arm-none-eabi/14.2.1/../../../../arm-none-eabi/lib/thumb/v8-m.main+fp/softfp/libstdc++.a(cp-demangle.o)
 .text.d_append_num
                0x10012628       0x88 /Users/arunoda/.pico-sdk/toolchain/14_2_Rel1/bin/../lib/gcc/arm-none-eabi/14.2.1/../../../../arm-none-eabi/lib/thumb/v8-m.main+fp/softfp/libstdc++.a(cp-demangle.o)
 .text.d_source_name
                0x100126b0       0xa8 /Users/arunoda/.pico-sdk/toolchain/14_2_Rel1/bin/../lib/gcc/arm-none-eabi/14.2.1/../../../../arm-none-eabi/lib/thumb/v8-m.main+fp/softfp/libstdc++.a(cp-demangle.o)
 .text.d_substitution
                0x10012758      0x1ac /Users/arunoda/.pico-sdk/toolchain/14_2_Rel1/bin/../lib/gcc/arm-none-eabi/14.2.1/../../../../arm-none-eabi/lib/thumb/v8-m.main+fp/softfp/libstdc++.a(cp-demangle.o)
 .text.d_maybe_module_name
                0x10012904       0x60 /Users/arunoda/.pico-sdk/toolchain/14_2_Rel1/bin/../lib/gcc/arm-none-eabi/14.2.1/../../../../arm-none-eabi/lib/thumb/v8-m.main+fp/softfp/libstdc++.a(cp-demangle.o)
 .text.d_type   0x10012964      0x814 /Users/arunoda/.pico-sdk/toolchain/14_2_Rel1/bin/../lib/gcc/arm-none-eabi/14.2.1/../../../../arm-none-eabi/lib/thumb/v8-m.main+fp/softfp/libstdc++.a(cp-demangle.o)
 .text.d_parmlist
                0x10013178       0xa8 /Users/arunoda/.pico-sdk/toolchain/14_2_Rel1/bin/../lib/gcc/arm-none-eabi/14.2.1/../../../../arm-none-eabi/lib/thumb/v8-m.main+fp/softfp/libstdc++.a(cp-demangle.o)
 .text.d_bare_function_type
                0x10013220       0x48 /Users/arunoda/.pico-sdk/toolchain/14_2_Rel1/bin/../lib/gcc/arm-none-eabi/14.2.1/../../../../arm-none-eabi/lib/thumb/v8-m.main+fp/softfp/libstdc++.a(cp-demangle.o)
 .text.d_function_type
                0x10013268       0x6c /Users/arunoda/.pico-sdk/toolchain/14_2_Rel1/bin/../lib/gcc/arm-none-eabi/14.2.1/../../../../arm-none-eabi/lib/thumb/v8-m.main+fp/softfp/libstdc++.a(cp-demangle.o)
 .text.d_template_parm
                0x100132d4       0xa0 /Users/arunoda/.pico-sdk/toolchain/14_2_Rel1/bin/../lib/gcc/arm-none-eabi/14.2.1/../../../../arm-none-eabi/lib/thumb/v8-m.main+fp/softfp/libstdc++.a(cp-demangle.o)
 .text.d_template_head
                0x10013374       0x3c /Users/arunoda/.pico-sdk/toolchain/14_2_Rel1/bin/../lib/gcc/arm-none-eabi/14.2.1/../../../../arm-none-eabi/lib/thumb/v8-m.main+fp/softfp/libstdc++.a(cp-demangle.o)
 .text.d_operator_name
                0x100133b0      0x10c /Users/arunoda/.pico-sdk/toolchain/14_2_Rel1/bin/../lib/gcc/arm-none-eabi/14.2.1/../../../../arm-none-eabi/lib/thumb/v8-m.main+fp/softfp/libstdc++.a(cp-demangle.o)
 .text.d_unqualified_name
                0x100134bc      0x3f8 /Users/arunoda/.pico-sdk/toolchain/14_2_Rel1/bin/../lib/gcc/arm-none-eabi/14.2.1/../../../../arm-none-eabi/lib/thumb/v8-m.main+fp/softfp/libstdc++.a(cp-demangle.o)
 .text.d_expression_1
                0x100138b4      0x4f4 /Users/arunoda/.pico-sdk/toolchain/14_2_Rel1/bin/../lib/gcc/arm-none-eabi/14.2.1/../../../../arm-none-eabi/lib/thumb/v8-m.main+fp/softfp/libstdc++.a(cp-demangle.o)
 .text.d_exprlist
                0x10013da8       0x74 /Users/arunoda/.pico-sdk/toolchain/14_2_Rel1/bin/../lib/gcc/arm-none-eabi/14.2.1/../../../../arm-none-eabi/lib/thumb/v8-m.main+fp/softfp/libstdc++.a(cp-demangle.o)
 .text.d_cv_qualifiers
                0x10013e1c      0x14c /Users/arunoda/.pico-sdk/toolchain/14_2_Rel1/bin/../lib/gcc/arm-none-eabi/14.2.1/../../../../arm-none-eabi/lib/thumb/v8-m.main+fp/softfp/libstdc++.a(cp-demangle.o)
 .text.d_template_args_1
                0x10013f68       0xa4 /Users/arunoda/.pico-sdk/toolchain/14_2_Rel1/bin/../lib/gcc/arm-none-eabi/14.2.1/../../../../arm-none-eabi/lib/thumb/v8-m.main+fp/softfp/libstdc++.a(cp-demangle.o)
 .text.d_prefix
                0x1001400c       0xc4 /Users/arunoda/.pico-sdk/toolchain/14_2_Rel1/bin/../lib/gcc/arm-none-eabi/14.2.1/../../../../arm-none-eabi/lib/thumb/v8-m.main+fp/softfp/libstdc++.a(cp-demangle.o)
 .text.d_name   0x100140d0      0x2dc /Users/arunoda/.pico-sdk/toolchain/14_2_Rel1/bin/../lib/gcc/arm-none-eabi/14.2.1/../../../../arm-none-eabi/lib/thumb/v8-m.main+fp/softfp/libstdc++.a(cp-demangle.o)
 .text.d_encoding.part.0
                0x100143ac      0x138 /Users/arunoda/.pico-sdk/toolchain/14_2_Rel1/bin/../lib/gcc/arm-none-eabi/14.2.1/../../../../arm-none-eabi/lib/thumb/v8-m.main+fp/softfp/libstdc++.a(cp-demangle.o)
 .text.d_special_name
                0x100144e4      0x494 /Users/arunoda/.pico-sdk/toolchain/14_2_Rel1/bin/../lib/gcc/arm-none-eabi/14.2.1/../../../../arm-none-eabi/lib/thumb/v8-m.main+fp/softfp/libstdc++.a(cp-demangle.o)
 .text.d_expr_primary
                0x10014978       0xfc /Users/arunoda/.pico-sdk/toolchain/14_2_Rel1/bin/../lib/gcc/arm-none-eabi/14.2.1/../../../../arm-none-eabi/lib/thumb/v8-m.main+fp/softfp/libstdc++.a(cp-demangle.o)
 .text.d_template_arg
                0x10014a74       0x58 /Users/arunoda/.pico-sdk/toolchain/14_2_Rel1/bin/../lib/gcc/arm-none-eabi/14.2.1/../../../../arm-none-eabi/lib/thumb/v8-m.main+fp/softfp/libstdc++.a(cp-demangle.o)
 .text.d_print_comp_inner
                0x10014acc     0x2c50 /Users/arunoda/.pico-sdk/toolchain/14_2_Rel1/bin/../lib/gcc/arm-none-eabi/14.2.1/../../../../arm-none-eabi/lib/thumb/v8-m.main+fp/softfp/libstdc++.a(cp-demangle.o)
 .text.d_print_comp
                0x1001771c       0x5c /Users/arunoda/.pico-sdk/toolchain/14_2_Rel1/bin/../lib/gcc/arm-none-eabi/14.2.1/../../../../arm-none-eabi/lib/thumb/v8-m.main+fp/softfp/libstdc++.a(cp-demangle.o)
 .text.d_print_mod
                0x10017778      0x754 /Users/arunoda/.pico-sdk/toolchain/14_2_Rel1/bin/../lib/gcc/arm-none-eabi/14.2.1/../../../../arm-none-eabi/lib/thumb/v8-m.main+fp/softfp/libstdc++.a(cp-demangle.o)
 .text.d_print_function_type
                0x10017ecc      0x25c /Users/arunoda/.pico-sdk/toolchain/14_2_Rel1/bin/../lib/gcc/arm-none-eabi/14.2.1/../../../../arm-none-eabi/lib/thumb/v8-m.main+fp/softfp/libstdc++.a(cp-demangle.o)
 .text.d_print_mod_list
                0x10018128      0x2c0 /Users/arunoda/.pico-sdk/toolchain/14_2_Rel1/bin/../lib/gcc/arm-none-eabi/14.2.1/../../../../arm-none-eabi/lib/thumb/v8-m.main+fp/softfp/libstdc++.a(cp-demangle.o)
 .text.d_print_array_type
                0x100183e8      0x1d4 /Users/arunoda/.pico-sdk/toolchain/14_2_Rel1/bin/../lib/gcc/arm-none-eabi/14.2.1/../../../../arm-none-eabi/lib/thumb/v8-m.main+fp/softfp/libstdc++.a(cp-demangle.o)
 .text.d_print_expr_op
                0x100185bc       0x80 /Users/arunoda/.pico-sdk/toolchain/14_2_Rel1/bin/../lib/gcc/arm-none-eabi/14.2.1/../../../../arm-none-eabi/lib/thumb/v8-m.main+fp/softfp/libstdc++.a(cp-demangle.o)
 .text.d_demangle_callback.constprop.0
                0x1001863c      0x35c /Users/arunoda/.pico-sdk/toolchain/14_2_Rel1/bin/../lib/gcc/arm-none-eabi/14.2.1/../../../../arm-none-eabi/lib/thumb/v8-m.main+fp/softfp/libstdc++.a(cp-demangle.o)
 .text.d_print_subexpr
                0x10018998      0x114 /Users/arunoda/.pico-sdk/toolchain/14_2_Rel1/bin/../lib/gcc/arm-none-eabi/14.2.1/../../../../arm-none-eabi/lib/thumb/v8-m.main+fp/softfp/libstdc++.a(cp-demangle.o)
 .text.d_maybe_print_fold_expression
                0x10018aac      0x28c /Users/arunoda/.pico-sdk/toolchain/14_2_Rel1/bin/../lib/gcc/arm-none-eabi/14.2.1/../../../../arm-none-eabi/lib/thumb/v8-m.main+fp/softfp/libstdc++.a(cp-demangle.o)
 .text.d_maybe_print_designated_init
                0x10018d38      0x204 /Users/arunoda/.pico-sdk/toolchain/14_2_Rel1/bin/../lib/gcc/arm-none-eabi/14.2.1/../../../../arm-none-eabi/lib/thumb/v8-m.main+fp/softfp/libstdc++.a(cp-demangle.o)
 .text.__cxa_demangle
                0x10018f3c       0xc0 /Users/arunoda/.pico-sdk/toolchain/14_2_Rel1/bin/../lib/gcc/arm-none-eabi/14.2.1/../../../../arm-none-eabi/lib/thumb/v8-m.main+fp/softfp/libstdc++.a(cp-demangle.o)
                0x10018f3c                __cxa_demangle
 .text.__cxa_end_cleanup
                0x10018ffc        0xc /Users/arunoda/.pico-sdk/toolchain/14_2_Rel1/bin/../lib/gcc/arm-none-eabi/14.2.1/../../../../arm-none-eabi/lib/thumb/v8-m.main+fp/softfp/libstdc++.a(eh_arm.o)
                0x10018ffc                __cxa_end_cleanup
 .text.__cxa_type_match
                0x10019008       0xb0 /Users/arunoda/.pico-sdk/toolchain/14_2_Rel1/bin/../lib/gcc/arm-none-eabi/14.2.1/../../../../arm-none-eabi/lib/thumb/v8-m.main+fp/softfp/libstdc++.a(eh_arm.o)
                0x10019008                __cxa_type_match
 .text.__cxa_begin_cleanup
                0x100190b8       0x64 /Users/arunoda/.pico-sdk/toolchain/14_2_Rel1/bin/../lib/gcc/arm-none-eabi/14.2.1/../../../../arm-none-eabi/lib/thumb/v8-m.main+fp/softfp/libstdc++.a(eh_arm.o)
                0x100190b8                __cxa_begin_cleanup
 .text.__gnu_end_cleanup